Component: ARM Compiler 5.06 update 6 (build 750) Tool: armlink [4d35ed]

==============================================================================

Section Cross References

    main.o(i.InitHardware) refers to system_gd32f30x.o(i.SystemInit) for SystemInit
    main.o(i.InitHardware) refers to rcu.o(i.InitRCU) for InitRCU
    main.o(i.InitHardware) refers to nvic.o(i.InitNVIC) for InitNVIC
    main.o(i.InitHardware) refers to uart0.o(i.InitUART0) for InitUART0
    main.o(i.InitHardware) refers to timer.o(i.InitTimer) for InitTimer
    main.o(i.InitHardware) refers to led.o(i.InitLED) for InitLED
    main.o(i.InitHardware) refers to systick.o(i.InitSysTick) for InitSysTick
    main.o(i.InitHardware) refers to uart1.o(i.InitUART1) for InitUART1
    main.o(i.InitHardware) refers to keyone.o(i.InitKeyOne) for InitKeyOne
    main.o(i.InitHardware) refers to prockeyone.o(i.InitProcKeyOne) for InitProcKeyOne
    main.o(i.InitHardware) refers to lcd.o(i.LCD_Init) for LCD_Init
    main.o(i.InitHardware) refers to ui_manager.o(i.UI_Init) for UI_Init
    main.o(i.InitHardware) refers to spo2_algo.o(i.SPO2_Algo_Init) for SPO2_Algo_Init
    main.o(i.Proc1SecTask) refers to led.o(i.LED3_Toggle) for LED3_Toggle
    main.o(i.main) refers to main.o(i.InitHardware) for InitHardware
    main.o(i.main) refers to main.o(i.InitSoftware) for InitSoftware
    main.o(i.main) refers to printf8.o(i.__0printf$8) for __2printf
    main.o(i.main) refers to timer.o(i.Get2msFlag) for Get2msFlag
    main.o(i.main) refers to keyone.o(i.KeyOne_2msTask) for KeyOne_2msTask
    main.o(i.main) refers to timer.o(i.Clr2msFlag) for Clr2msFlag
    main.o(i.main) refers to uart1.o(i.UART1_ProcessSPO2Data) for UART1_ProcessSPO2Data
    main.o(i.main) refers to spo2_algo.o(i.SPO2_Algo_Process) for SPO2_Algo_Process
    main.o(i.main) refers to spo2_algo.o(i.SPO2_Algo_GetResult) for SPO2_Algo_GetResult
    main.o(i.main) refers to ui_manager.o(i.UI_UpdateData) for UI_UpdateData
    main.o(i.main) refers to timer.o(i.Get1SecFlag) for Get1SecFlag
    main.o(i.main) refers to main.o(i.Proc1SecTask) for Proc1SecTask
    main.o(i.main) refers to timer.o(i.Clr1SecFlag) for Clr1SecFlag
    main.o(i.main) refers to ui_manager.o(i.UI_Process) for UI_Process
    led.o(i.ConfigLEDGPIO) refers to gd32f30x_rcu.o(i.rcu_periph_clock_enable) for rcu_periph_clock_enable
    led.o(i.ConfigLEDGPIO) refers to gd32f30x_gpio.o(i.gpio_init) for gpio_init
    led.o(i.ConfigLEDGPIO) refers to gd32f30x_gpio.o(i.gpio_bit_reset) for gpio_bit_reset
    led.o(i.InitLED) refers to led.o(i.ConfigLEDGPIO) for ConfigLEDGPIO
    led.o(i.LED1_Toggle) refers to gd32f30x_gpio.o(i.gpio_output_bit_get) for gpio_output_bit_get
    led.o(i.LED1_Toggle) refers to gd32f30x_gpio.o(i.gpio_bit_write) for gpio_bit_write
    led.o(i.LED2_Toggle) refers to gd32f30x_gpio.o(i.gpio_output_bit_get) for gpio_output_bit_get
    led.o(i.LED2_Toggle) refers to gd32f30x_gpio.o(i.gpio_bit_write) for gpio_bit_write
    led.o(i.LED3_Toggle) refers to gd32f30x_gpio.o(i.gpio_output_bit_get) for gpio_output_bit_get
    led.o(i.LED3_Toggle) refers to gd32f30x_gpio.o(i.gpio_bit_write) for gpio_bit_write
    keyone.o(i.ConfigKeyOneGPIO) refers to gd32f30x_rcu.o(i.rcu_periph_clock_enable) for rcu_periph_clock_enable
    keyone.o(i.ConfigKeyOneGPIO) refers to gd32f30x_gpio.o(i.gpio_init) for gpio_init
    keyone.o(i.ConfigKeyOneGPIO) refers to gd32f30x_gpio.o(i.gpio_exti_source_select) for gpio_exti_source_select
    keyone.o(i.ConfigKeyOneGPIO) refers to gd32f30x_exti.o(i.exti_init) for exti_init
    keyone.o(i.ConfigKeyOneGPIO) refers to gd32f30x_exti.o(i.exti_interrupt_flag_clear) for exti_interrupt_flag_clear
    keyone.o(i.ConfigKeyOneGPIO) refers to gd32f30x_misc.o(i.nvic_irq_enable) for nvic_irq_enable
    keyone.o(i.EXTI10_15_IRQHandler) refers to gd32f30x_exti.o(i.exti_flag_get) for exti_flag_get
    keyone.o(i.EXTI10_15_IRQHandler) refers to gd32f30x_exti.o(i.exti_interrupt_flag_clear) for exti_interrupt_flag_clear
    keyone.o(i.EXTI10_15_IRQHandler) refers to gd32f30x_exti.o(i.exti_interrupt_disable) for exti_interrupt_disable
    keyone.o(i.EXTI10_15_IRQHandler) refers to keyone.o(.data) for s_keyState
    keyone.o(i.EXTI3_IRQHandler) refers to gd32f30x_exti.o(i.exti_flag_get) for exti_flag_get
    keyone.o(i.EXTI3_IRQHandler) refers to gd32f30x_exti.o(i.exti_interrupt_flag_clear) for exti_interrupt_flag_clear
    keyone.o(i.EXTI3_IRQHandler) refers to gd32f30x_exti.o(i.exti_interrupt_disable) for exti_interrupt_disable
    keyone.o(i.EXTI3_IRQHandler) refers to keyone.o(.data) for s_keyState
    keyone.o(i.EXTI4_IRQHandler) refers to gd32f30x_exti.o(i.exti_flag_get) for exti_flag_get
    keyone.o(i.EXTI4_IRQHandler) refers to gd32f30x_exti.o(i.exti_interrupt_flag_clear) for exti_interrupt_flag_clear
    keyone.o(i.EXTI4_IRQHandler) refers to gd32f30x_exti.o(i.exti_interrupt_disable) for exti_interrupt_disable
    keyone.o(i.EXTI4_IRQHandler) refers to keyone.o(.data) for s_keyState
[...]
    UART1_ApplyFilter                        0x0800229d   Thumb Code    88  uart1.o(i.UART1_ApplyFilter)
    i.UART1_ForwardWave                      0x08002304   Section        0  uart1.o(i.UART1_ForwardWave)
    UART1_ForwardWave                        0x08002305   Thumb Code    18  uart1.o(i.UART1_ForwardWave)
    i.UART1_GetWaveFilterEnable              0x08002320   Section        0  uart1.o(i.UART1_GetWaveFilterEnable)
    i.UART1_MonPush                          0x0800232c   Section        0  uart1.o(i.UART1_MonPush)
    UART1_MonPush                            0x0800232d   Thumb Code    50  uart1.o(i.UART1_MonPush)
    i.UART1_ProcessSPO2Data                  0x0800236c   Section        0  uart1.o(i.UART1_ProcessSPO2Data)
    i.UART1_SendCmd                          0x08002390   Section        0  uart1.o(i.UART1_SendCmd)
    i.UART1_SetWaveFilterEnable              0x080023dc   Section        0  uart1.o(i.UART1_SetWaveFilterEnable)
    i.UI_DrawAlarmSetScreen                  0x080023f8   Section        0  ui_manager.o(i.UI_DrawAlarmSetScreen)
    i.UI_DrawAutoLightScreen                 0x080024dc   Section        0  ui_manager.o(i.UI_DrawAutoLightScreen)
    i.UI_DrawCard                            0x080025c4   Section        0  ui_manager.o(i.UI_DrawCard)
    UI_DrawCard                              0x080025c5   Thumb Code   212  ui_manager.o(i.UI_DrawCard)
    i.UI_DrawDataReviewScreen                0x080026a0   Section        0  ui_manager.o(i.UI_DrawDataReviewScreen)
    i.UI_DrawEtCO2SetScreen                  0x08002784   Section        0  ui_manager.o(i.UI_DrawEtCO2SetScreen)
    i.UI_DrawFilterSetScreen                 0x08002860   Section        0  ui_manager.o(i.UI_DrawFilterSetScreen)
    i.UI_DrawHeader                          0x08002958   Section        0  ui_manager.o(i.UI_DrawHeader)
    i.UI_DrawMainScreen                      0x080029ec   Section        0  ui_manager.o(i.UI_DrawMainScreen)
    i.UI_DrawPanel                           0x08002cec   Section        0  ui_manager.o(i.UI_DrawPanel)
    i.UI_DrawRCalibScreen                    0x08002dc0   Section        0  ui_manager.o(i.UI_DrawRCalibScreen)
    i.UI_DrawScreenBackground                0x08002e40   Section        0  ui_manager.o(i.UI_DrawScreenBackground)
    UI_DrawScreenBackground                  0x08002e41   Thumb Code    82  ui_manager.o(i.UI_DrawScreenBackground)
    i.UI_DrawSettingsItem                    0x08002e94   Section        0  ui_manager.o(i.UI_DrawSettingsItem)
    UI_DrawSettingsItem                      0x08002e95   Thumb Code   242  ui_manager.o(i.UI_DrawSettingsItem)
    i.UI_DrawSettingsScreen                  0x08002f9c   Section        0  ui_manager.o(i.UI_DrawSettingsScreen)
    i.UI_DrawSpO2SetScreen                   0x08003030   Section        0  ui_manager.o(i.UI_DrawSpO2SetScreen)
    i.UI_DrawSystemSetScreen                 0x08003114   Section        0  ui_manager.o(i.UI_DrawSystemSetScreen)
    i.UI_DrawWorkModeScreen                  0x080031f8   Section        0  ui_manager.o(i.UI_DrawWorkModeScreen)
    i.UI_Init                                0x080032d0   Section        0  ui_manager.o(i.UI_Init)
    i.UI_OnKeyLH                             0x080032f4   Section        0  ui_manager.o(i.UI_OnKeyLH)
    i.UI_OnKeyLL                             0x08003398   Section        0  ui_manager.o(i.UI_OnKeyLL)
    i.UI_OnKeyMenu                           0x080034bc   Section        0  ui_manager.o(i.UI_OnKeyMenu)
    i.UI_OnKeyRH                             0x080034c0   Section        0  ui_manager.o(i.UI_OnKeyRH)
    i.UI_OnKeyRL                             0x08003514   Section        0  ui_manager.o(i.UI_OnKeyRL)
    i.UI_Process                             0x08003640   Section        0  ui_manager.o(i.UI_Process)
    i.UI_Update                              0x08003648   Section        0  ui_manager.o(i.UI_Update)
    i.UI_UpdateAlarmSetStatus                0x080036c4   Section        0  ui_manager.o(i.UI_UpdateAlarmSetStatus)
    UI_UpdateAlarmSetStatus                  0x080036c5   Thumb Code   200  ui_manager.o(i.UI_UpdateAlarmSetStatus)
    i.UI_UpdateAutoLightStatus               0x080037f8   Section        0  ui_manager.o(i.UI_UpdateAutoLightStatus)
    UI_UpdateAutoLightStatus                 0x080037f9   Thumb Code    68  ui_manager.o(i.UI_UpdateAutoLightStatus)
    i.UI_UpdateData                          0x08003868   Section        0  ui_manager.o(i.UI_UpdateData)
    i.UI_UpdateDataReviewValue               0x08003b5c   Section        0  ui_manager.o(i.UI_UpdateDataReviewValue)
    UI_UpdateDataReviewValue                 0x08003b5d   Thumb Code   300  ui_manager.o(i.UI_UpdateDataReviewValue)
    i.UI_UpdateEtCO2Status                   0x08003d28   Section        0  ui_manager.o(i.UI_UpdateEtCO2Status)
    UI_UpdateEtCO2Status                     0x08003d29   Thumb Code    68  ui_manager.o(i.UI_UpdateEtCO2Status)
    i.UI_UpdateFilterStatus                  0x08003d98   Section        0  ui_manager.o(i.UI_UpdateFilterStatus)
    UI_UpdateFilterStatus                    0x08003d99   Thumb Code    68  ui_manager.o(i.UI_UpdateFilterStatus)
    i.UI_UpdateGain                          0x08003e04   Section        0  ui_manager.o(i.UI_UpdateGain)
    i.UI_UpdateGainValue                     0x08003e78   Section        0  ui_manager.o(i.UI_UpdateGainValue)
    UI_UpdateGainValue                       0x08003e79   Thumb Code    56  ui_manager.o(i.UI_UpdateGainValue)
    i.UI_UpdatePwm                           0x08003ed4   Section        0  ui_manager.o(i.UI_UpdatePwm)
    i.UI_UpdateRCalibValue                   0x08003f60   Section        0  ui_manager.o(i.UI_UpdateRCalibValue)
    UI_UpdateRCalibValue                     0x08003f61   Thumb Code    90  ui_manager.o(i.UI_UpdateRCalibValue)
    i.UI_UpdateSystemSetStatus               0x08003fe4   Section        0  ui_manager.o(i.UI_UpdateSystemSetStatus)
    UI_UpdateSystemSetStatus                 0x08003fe5   Thumb Code   104  ui_manager.o(i.UI_UpdateSystemSetStatus)
    i.UI_UpdateWave                          0x08004090   Section        0  ui_manager.o(i.UI_UpdateWave)
    i.UI_UpdateWorkModeStatus                0x080040cc   Section        0  ui_manager.o(i.UI_UpdateWorkModeStatus)
    UI_UpdateWorkModeStatus                  0x080040cd   Thumb Code    68  ui_manager.o(i.UI_UpdateWorkModeStatus)
    i.UI_WavePushSample                      0x08004144   Section        0  ui_manager.o(i.UI_WavePushSample)
    UI_WavePushSample                        0x08004145   Thumb Code   278  ui_manager.o(i.UI_WavePushSample)
    i.UI_WaveReset                           0x08004278   Section        0  ui_manager.o(i.UI_WaveReset)
    UI_WaveReset                             0x08004279   Thumb Code    76  ui_manager.o(i.UI_WaveReset)
    i.UI_WaveTrackDcAc                       0x080042d8   Section        0  ui_manager.o(i.UI_WaveTrackDcAc)
    UI_WaveTrackDcAc                         0x080042d9   Thumb Code    96  ui_manager.o(i.UI_WaveTrackDcAc)
    i.USART0_IRQHandler                      0x08004344   Section        0  uart0.o(i.USART0_IRQHandler)
    i.USART1_IRQHandler                      0x080043e0   Section        0  uart1.o(i.USART1_IRQHandler)
    i.UsageFault_Handler                     0x0800445c   Section        0  gd32f30x_it.o(i.UsageFault_Handler)
    i.WriteReceiveBuf                        0x08004460   Section        0  uart0.o(i.WriteReceiveBuf)
    WriteReceiveBuf                          0x08004461   Thumb Code    20  uart0.o(i.WriteReceiveBuf)
    i.WriteReceiveBuf1                       0x08004478   Section        0  uart1.o(i.WriteReceiveBuf1)
    WriteReceiveBuf1                         0x08004479   Thumb Code    16  uart1.o(i.WriteReceiveBuf1)
    i.__0printf$8                            0x0800448c   Section        0  printf8.o(i.__0printf$8)
    i.__0sprintf$8                           0x080044ac   Section        0  printf8.o(i.__0sprintf$8)
    i.__scatterload_copy                     0x080044d4   Section       14  handlers.o(i.__scatterload_copy)
    i.__scatterload_null                     0x080044e2   Section        2  handlers.o(i.__scatterload_null)
    i.__scatterload_zeroinit                 0x080044e4   Section       14  handlers.o(i.__scatterload_zeroinit)
    i._printf_core                           0x080044f4   Section        0  printf8.o(i._printf_core)
    _printf_core                             0x080044f5   Thumb Code   996  printf8.o(i._printf_core)
    i._printf_post_padding                   0x08004904   Section        0  printf8.o(i._printf_post_padding)
    _printf_post_padding                     0x08004905   Thumb Code    36  printf8.o(i._printf_post_padding)
    i._printf_pre_padding                    0x08004928   Section        0  printf8.o(i._printf_pre_padding)
    _printf_pre_padding                      0x08004929   Thumb Code    46  printf8.o(i._printf_pre_padding)
    i._sputc                                 0x08004956   Section        0  printf8.o(i._sputc)
    _sputc                                   0x08004957   Thumb Code    10  printf8.o(i._sputc)
    i.exti_flag_get                          0x08004960   Section        0  gd32f30x_exti.o(i.exti_flag_get)
    i.exti_init                              0x08004978   Section        0  gd32f30x_exti.o(i.exti_init)
    i.exti_interrupt_disable                 0x08004a30   Section        0  gd32f30x_exti.o(i.exti_interrupt_disable)
    i.exti_interrupt_enable                  0x08004a40   Section        0  gd32f30x_exti.o(i.exti_interrupt_enable)
    i.exti_interrupt_flag_clear              0x08004a50   Section        0  gd32f30x_exti.o(i.exti_interrupt_flag_clear)
    i.fmc_wscnt_set                          0x08004a5c   Section        0  gd32f30x_fmc.o(i.fmc_wscnt_set)
    i.fputc                                  0x08004a74   Section        0  uart0.o(i.fputc)
    i.gpio_bit_reset                         0x08004a98   Section        0  gd32f30x_gpio.o(i.gpio_bit_reset)
    i.gpio_bit_set                           0x08004a9c   Section        0  gd32f30x_gpio.o(i.gpio_bit_set)
    i.gpio_bit_write                         0x08004aa0   Section        0  gd32f30x_gpio.o(i.gpio_bit_write)
    i.gpio_exti_source_select                0x08004aac   Section        0  gd32f30x_gpio.o(i.gpio_exti_source_select)
    i.gpio_init                              0x08004b44   Section        0  gd32f30x_gpio.o(i.gpio_init)
    i.gpio_input_bit_get                     0x08004c00   Section        0  gd32f30x_gpio.o(i.gpio_input_bit_get)
    i.gpio_input_port_get                    0x08004c10   Section        0  gd32f30x_gpio.o(i.gpio_input_port_get)
    i.gpio_output_bit_get                    0x08004c18   Section        0  gd32f30x_gpio.o(i.gpio_output_bit_get)
    i.gpio_output_port_get                   0x08004c28   Section        0  gd32f30x_gpio.o(i.gpio_output_port_get)
    i.gpio_port_write                        0x08004c30   Section        0  gd32f30x_gpio.o(i.gpio_port_write)
    i.hr_update_smooth                       0x08004c34   Section        0  spo2_algo.o(i.hr_update_smooth)
    hr_update_smooth                         0x08004c35   Thumb Code   128  spo2_algo.o(i.hr_update_smooth)
    i.iir_bandpass_ir                        0x08004cc4   Section        0  spo2_algo.o(i.iir_bandpass_ir)
    iir_bandpass_ir                          0x08004cc5   Thumb Code    98  spo2_algo.o(i.iir_bandpass_ir)
    i.iir_bandpass_red                       0x08004d40   Section        0  spo2_algo.o(i.iir_bandpass_red)
    iir_bandpass_red                         0x08004d41   Thumb Code    98  spo2_algo.o(i.iir_bandpass_red)
    i.main                                   0x08004dbc   Section        0  main.o(i.main)
    i.nvic_irq_enable                        0x08004f10   Section        0  gd32f30x_misc.o(i.nvic_irq_enable)
    i.nvic_priority_group_set                0x08004fd4   Section        0  gd32f30x_misc.o(i.nvic_priority_group_set)
    i.putc                                   0x08004fe8   Section        0  putc.o(i.putc)
    i.rcu_ahb_clock_config                   0x08004fec   Section        0  gd32f30x_rcu.o(i.rcu_ahb_clock_config)
    i.rcu_apb1_clock_config                  0x08005004   Section        0  gd32f30x_rcu.o(i.rcu_apb1_clock_config)
    i.rcu_apb2_clock_config                  0x0800501c   Section        0  gd32f30x_rcu.o(i.rcu_apb2_clock_config)
    i.rcu_clock_freq_get                     0x08005034   Section        0  gd32f30x_rcu.o(i.rcu_clock_freq_get)
    i.rcu_deinit                             0x0800518c   Section        0  gd32f30x_rcu.o(i.rcu_deinit)
    i.rcu_flag_get                           0x080051e0   Section        0  gd32f30x_rcu.o(i.rcu_flag_get)
    i.rcu_osci_on                            0x08005204   Section        0  gd32f30x_rcu.o(i.rcu_osci_on)
    i.rcu_osci_stab_wait                     0x08005224   Section        0  gd32f30x_rcu.o(i.rcu_osci_stab_wait)
    i.rcu_periph_clock_enable                0x08005334   Section        0  gd32f30x_rcu.o(i.rcu_periph_clock_enable)
    i.rcu_periph_reset_disable               0x08005354   Section        0  gd32f30x_rcu.o(i.rcu_periph_reset_disable)
    i.rcu_periph_reset_enable                0x08005374   Section        0  gd32f30x_rcu.o(i.rcu_periph_reset_enable)
    i.rcu_pll_config                         0x08005394   Section        0  gd32f30x_rcu.o(i.rcu_pll_config)
    i.rcu_pllpresel_config                   0x080053b4   Section        0  gd32f30x_rcu.o(i.rcu_pllpresel_config)
    i.rcu_predv0_config                      0x080053cc   Section        0  gd32f30x_rcu.o(i.rcu_predv0_config)
    i.rcu_system_clock_source_config         0x080053ec   Section        0  gd32f30x_rcu.o(i.rcu_system_clock_source_config)
    i.rcu_system_clock_source_get            0x08005404   Section        0  gd32f30x_rcu.o(i.rcu_system_clock_source_get)
    i.spo2_calc_hr_period                    0x08005414   Section        0  spo2_algo.o(i.spo2_calc_hr_period)
    spo2_calc_hr_period                      0x08005415   Thumb Code   530  spo2_algo.o(i.spo2_calc_hr_period)
    i.spo2_find_minmax_in_period             0x0800562c   Section        0  spo2_algo.o(i.spo2_find_minmax_in_period)
    spo2_find_minmax_in_period               0x0800562d   Thumb Code   170  spo2_algo.o(i.spo2_find_minmax_in_period)
    i.spo2_update_history                    0x080056dc   Section        0  spo2_algo.o(i.spo2_update_history)
    spo2_update_history                      0x080056dd   Thumb Code   204  spo2_algo.o(i.spo2_update_history)
    i.system_clock_120m_hxtal                0x080057c4   Section        0  system_gd32f30x.o(i.system_clock_120m_hxtal)
    system_clock_120m_hxtal                  0x080057c5   Thumb Code   256  system_gd32f30x.o(i.system_clock_120m_hxtal)
    i.system_clock_config                    0x080058d4   Section        0  system_gd32f30x.o(i.system_clock_config)
    system_clock_config                      0x080058d5   Thumb Code     8  system_gd32f30x.o(i.system_clock_config)
    i.timer_deinit                           0x080058dc   Section        0  gd32f30x_timer.o(i.timer_deinit)
    i.timer_enable                           0x080059b8   Section        0  gd32f30x_timer.o(i.timer_enable)
    i.timer_init                             0x080059c4   Section        0  gd32f30x_timer.o(i.timer_init)
    i.timer_interrupt_enable                 0x08005a5c   Section        0  gd32f30x_timer.o(i.timer_interrupt_enable)
    i.timer_interrupt_flag_clear             0x08005a64   Section        0  gd32f30x_timer.o(i.timer_interrupt_flag_clear)
    i.timer_interrupt_flag_get               0x08005a6a   Section        0  gd32f30x_timer.o(i.timer_interrupt_flag_get)
    i.timer_struct_para_init                 0x08005a82   Section        0  gd32f30x_timer.o(i.timer_struct_para_init)
    i.usart_baudrate_set                     0x08005a98   Section        0  gd32f30x_usart.o(i.usart_baudrate_set)
    i.usart_data_receive                     0x08005b28   Section        0  gd32f30x_usart.o(i.usart_data_receive)
    i.usart_data_transmit                    0x08005b32   Section        0  gd32f30x_usart.o(i.usart_data_transmit)
    i.usart_deinit                           0x08005b3c   Section        0  gd32f30x_usart.o(i.usart_deinit)
    i.usart_enable                           0x08005bcc   Section        0  gd32f30x_usart.o(i.usart_enable)
    i.usart_flag_get                         0x08005bd6   Section        0  gd32f30x_usart.o(i.usart_flag_get)
    i.usart_interrupt_disable                0x08005bf4   Section        0  gd32f30x_usart.o(i.usart_interrupt_disable)
    i.usart_interrupt_enable                 0x08005c0e   Section        0  gd32f30x_usart.o(i.usart_interrupt_enable)
    i.usart_interrupt_flag_clear             0x08005c28   Section        0  gd32f30x_usart.o(i.usart_interrupt_flag_clear)
    i.usart_interrupt_flag_get               0x08005c42   Section        0  gd32f30x_usart.o(i.usart_interrupt_flag_get)
    i.usart_parity_config                    0x08005c7a   Section        0  gd32f30x_usart.o(i.usart_parity_config)
    i.usart_receive_config                   0x08005c8a   Section        0  gd32f30x_usart.o(i.usart_receive_config)
    i.usart_stop_bit_set                     0x08005c9a   Section        0  gd32f30x_usart.o(i.usart_stop_bit_set)
    i.usart_transmit_config                  0x08005caa   Section        0  gd32f30x_usart.o(i.usart_transmit_config)
    i.usart_word_length_set                  0x08005cba   Section        0  gd32f30x_usart.o(i.usart_word_length_set)
    .constdata                               0x08005cca   Section     1520  lcd.o(.constdata)
    .constdata                               0x080062ba   Section       64  ctype_c.o(.constdata)
    .conststring                             0x080062fc   Section      104  ui_manager.o(.conststring)
    .data                                    0x20000000   Section       30  keyone.o(.data)
    s_keyState                               0x20000014   Data           5  keyone.o(.data)
    s_keyStableCnt                           0x20000019   Data           5  keyone.o(.data)
    .data                                    0x2000001e   Section        4  lcd.o(.data)
    .data                                    0x20000024   Section       64  ui_manager.o(.data)
    s_uiState                                0x20000024   Data           1  ui_manager.o(.data)
    s_settingsIndex                          0x20000025   Data           1  ui_manager.o(.data)
    s_needRefresh                            0x20000026   Data           1  ui_manager.o(.data)
    s_autoLightEnable                        0x20000027   Data           1  ui_manager.o(.data)
    s_workMode                               0x20000028   Data           1  ui_manager.o(.data)
    s_alarmProfile                           0x20000029   Data           1  ui_manager.o(.data)
    s_etco2Enable                            0x2000002a   Data           1  ui_manager.o(.data)
    s_systemBrightness                       0x2000002b   Data           1  ui_manager.o(.data)
    s_systemBeepEnable                       0x2000002c   Data           1  ui_manager.o(.data)
    s_dataReviewPage                         0x2000002d   Data           1  ui_manager.o(.data)
    s_wavePlotInited                         0x2000002e   Data           1  ui_manager.o(.data)
    s_waveXPos                               0x20000030   Data           2  ui_manager.o(.data)
    s_wavePrevY                              0x20000032   Data           2  ui_manager.o(.data)
    s_waveDcQ8                               0x20000034   Data           4  ui_manager.o(.data)
    s_waveAcQ8                               0x20000038   Data           4  ui_manager.o(.data)
    s_waveAcInit                             0x2000003c   Data           1  ui_manager.o(.data)
    s_waveDecimCnt                           0x2000003d   Data           1  ui_manager.o(.data)
    s_settingsItems                          0x20000040   Data          36  ui_manager.o(.data)
    .data                                    0x20000064   Section       44  spo2_algo.o(.data)
    wave_head                                0x20000064   Data           2  spo2_algo.o(.data)
    wave_len                                 0x20000066   Data           2  spo2_algo.o(.data)
    wave_process_cnt                         0x20000068   Data           2  spo2_algo.o(.data)
    g_calc_ready                             0x2000006a   Data           1  spo2_algo.o(.data)
    ir_bp_prev1                              0x2000006c   Data           4  spo2_algo.o(.data)
    ir_bp_prev2                              0x20000070   Data           4  spo2_algo.o(.data)
    ir_bp_prev_in1                           0x20000074   Data           4  spo2_algo.o(.data)
    ir_bp_prev_in2                           0x20000078   Data           4  spo2_algo.o(.data)
    red_bp_prev1                             0x2000007c   Data           4  spo2_algo.o(.data)
    red_bp_prev2                             0x20000080   Data           4  spo2_algo.o(.data)
    red_bp_prev_in1                          0x20000084   Data           4  spo2_algo.o(.data)
    red_bp_prev_in2                          0x20000088   Data           4  spo2_algo.o(.data)
    hr_hist_index                            0x2000008c   Data           1  spo2_algo.o(.data)
    hr_hist_count                            0x2000008d   Data           1  spo2_algo.o(.data)
    s_hist_count                             0x2000008e   Data           1  spo2_algo.o(.data)
    s_hist_index                             0x2000008f   Data           1  spo2_algo.o(.data)
    .data                                    0x20000090   Section        6  timer.o(.data)
    s_i2msFlag                               0x20000090   Data           1  timer.o(.data)
    s_i1secFlag                              0x20000091   Data           1  timer.o(.data)
    s_iCnt2                                  0x20000092   Data           2  timer.o(.data)
    s_iCnt1000                               0x20000094   Data           2  timer.o(.data)
    .data                                    0x20000098   Section       17  uart1.o(.data)
    s_u8UART1MonPos                          0x20000098   Data           1  uart1.o(.data)
    s_u8UART1MonCount                        0x20000099   Data           1  uart1.o(.data)
    s_waveFilterEnable                       0x2000009a   Data           1  uart1.o(.data)
    s_filterRed                              0x2000009c   Data           4  uart1.o(.data)
    s_filterIr                               0x200000a0   Data           4  uart1.o(.data)
    s_filterInit                             0x200000a4   Data           1  uart1.o(.data)
    s_parseState                             0x200000a5   Data           1  uart1.o(.data)
    s_packetIndex                            0x200000a6   Data           1  uart1.o(.data)
    s_packetLen                              0x200000a7   Data           1  uart1.o(.data)
    s_waveIdx                                0x200000a8   Data           1  uart1.o(.data)
    .data                                    0x200000ac   Section        8  uart0.o(.data)
    s_iUARTTxSts                             0x200000b0   Data           1  uart0.o(.data)
    s_parseState                             0x200000b1   Data           1  uart0.o(.data)
    s_packetIndex                            0x200000b2   Data           1  uart0.o(.data)
    s_packetLen                              0x200000b3   Data           1  uart0.o(.data)
    .data                                    0x200000b4   Section        4  system_gd32f30x.o(.data)
    .data                                    0x200000b8   Section        4  systick.o(.data)
    s_iTimDelayCnt                           0x200000b8   Data           4  systick.o(.data)
    .bss                                     0x200000bc   Section       14  lcd.o(.bss)
    .bss                                     0x200000ca   Section       10  ui_manager.o(.bss)
    s_curData                                0x200000ca   Data          10  ui_manager.o(.bss)
    .bss                                     0x200000d4   Section     6452  spo2_algo.o(.bss)
    red_wave_buf                             0x200000d4   Data        3200  spo2_algo.o(.bss)
    ir_wave_buf                              0x20000d54   Data        3200  spo2_algo.o(.bss)
    g_result                                 0x200019d4   Data          12  spo2_algo.o(.bss)
    hr_result_hist                           0x200019e0   Data          10  spo2_algo.o(.bss)
    s_spo2_hist                              0x200019ea   Data          10  spo2_algo.o(.bss)
    s_pi_ir_hist                             0x200019f4   Data          10  spo2_algo.o(.bss)
    s_r_hist                                 0x200019fe   Data          10  spo2_algo.o(.bss)
    .bss                                     0x20001a08   Section     2144  uart1.o(.bss)
    s_structUART1RecCirQue                   0x20001a08   Data          12  uart1.o(.bss)
    s_arrUART1RecBuf                         0x20001a14   Data        2048  uart1.o(.bss)
    s_spo2Data                               0x20002214   Data          10  uart1.o(.bss)
    s_arrUART1MonBuf                         0x2000221e   Data          32  uart1.o(.bss)
    s_packetBuffer                           0x2000223e   Data          10  uart1.o(.bss)
    s_waveBuf                                0x20002248   Data          32  uart1.o(.bss)
    .bss                                     0x20002268   Section      244  uart0.o(.bss)
    s_structUARTSendCirQue                   0x20002268   Data          12  uart0.o(.bss)
    s_structUARTRecCirQue                    0x20002274   Data          12  uart0.o(.bss)
    s_arrSendBuf                             0x20002280   Data         100  uart0.o(.bss)
    s_arrRecBuf                              0x200022e4   Data         100  uart0.o(.bss)
    s_spo2Data                               0x20002348   Data          10  uart0.o(.bss)
    s_packetBuffer                           0x20002352   Data          10  uart0.o(.bss)
    STACK                                    0x20002360   Section     1024  startup_gd32f30x_hd.o(STACK)

    Global Symbols

    Symbol Name                              Value     Ov Type        Size  Object(Section)

    BuildAttributes$$THM_ISAv4$E$P$D$K$B$S$7EM$VFPi3$EXTD16$VFPS$VFMA$PE$A:L22UL41UL21$X:L11$S22US41US21$IEEE1$IW$USESV6$~STKCKD$USESV7$~SHL$OTIME$ROPI$IEEEX$EBA8$MICROLIB$REQ8$PRES8$EABIv2 0x00000000   Number         0  anon$$obj.o ABSOLUTE
    __ARM_use_no_argv                        0x00000000   Number         0  main.o ABSOLUTE
    __use_no_errno                           0x00000000   Number         0  useno.o ABSOLUTE
    __use_no_exception_handling              0x00000000   Number         0  useno.o ABSOLUTE
    __use_no_fp                              0x00000000   Number         0  useno.o ABSOLUTE
    __use_no_heap                            0x00000000   Number         0  useno.o ABSOLUTE
    __use_no_heap_region                     0x00000000   Number         0  useno.o ABSOLUTE
    __use_no_semihosting                     0x00000000   Number         0  useno.o ABSOLUTE
    __use_no_semihosting_swi                 0x00000000   Number         0  useno.o ABSOLUTE
    __use_no_signal_handling                 0x00000000   Number         0  useno.o ABSOLUTE
    _printf_a                                0x00000000   Number         0  stubs.o ABSOLUTE
    _printf_c                                0x00000000   Number         0  stubs.o ABSOLUTE
    _printf_charcount                        0x00000000   Number         0  stubs.o ABSOLUTE
    _printf_d                                0x00000000   Number         0  stubs.o ABSOLUTE
    _printf_e                                0x00000000   Number         0  stubs.o ABSOLUTE
    _printf_f                                0x00000000   Number         0  stubs.o ABSOLUTE
    _printf_flags                            0x00000000   Number         0  stubs.o ABSOLUTE
    _printf_fp_dec                           0x00000000   Number         0  stubs.o ABSOLUTE
    _printf_fp_hex                           0x00000000   Number         0  stubs.o ABSOLUTE
    _printf_g                                0x00000000   Number         0  stubs.o ABSOLUTE
    _printf_i                                0x00000000   Number         0  stubs.o ABSOLUTE
    _printf_int_dec                          0x00000000   Number         0  stubs.o ABSOLUTE
    _printf_l                                0x00000000   Number         0  stubs.o ABSOLUTE
    _printf_lc                               0x00000000   Number         0  stubs.o ABSOLUTE
    _printf_ll                               0x00000000   Number         0  stubs.o ABSOLUTE
    _printf_lld                              0x00000000   Number         0  stubs.o ABSOLUTE
    _printf_lli                              0x00000000   Number         0  stubs.o ABSOLUTE
    _printf_llo                              0x00000000   Number         0  stubs.o ABSOLUTE
    _printf_llu                              0x00000000   Number         0  stubs.o ABSOLUTE
    _printf_llx                              0x00000000   Number         0  stubs.o ABSOLUTE
    _printf_longlong_dec                     0x00000000   Number         0  stubs.o ABSOLUTE
    _printf_longlong_hex                     0x00000000   Number         0  stubs.o ABSOLUTE
    _printf_longlong_oct                     0x00000000   Number         0  stubs.o ABSOLUTE
    _printf_ls                               0x00000000   Number         0  stubs.o ABSOLUTE
    _printf_mbtowc                           0x00000000   Number         0  stubs.o ABSOLUTE
    _printf_n                                0x00000000   Number         0  stubs.o ABSOLUTE
    _printf_o                                0x00000000   Number         0  stubs.o ABSOLUTE
    _printf_p                                0x00000000   Number         0  stubs.o ABSOLUTE
    _printf_percent                          0x00000000   Number         0  stubs.o ABSOLUTE
    _printf_pre_padding                      0x00000000   Number         0  stubs.o ABSOLUTE
    _printf_return_value                     0x00000000   Number         0  stubs.o ABSOLUTE
    _printf_s                                0x00000000   Number         0  stubs.o ABSOLUTE
    _printf_sizespec                         0x00000000   Number         0  stubs.o ABSOLUTE
    _printf_str                              0x00000000   Number         0  stubs.o ABSOLUTE
    _printf_truncate_signed                  0x00000000   Number         0  stubs.o ABSOLUTE
    _printf_truncate_unsigned                0x00000000   Number         0  stubs.o ABSOLUTE
    _printf_u                                0x00000000   Number         0  stubs.o ABSOLUTE
    _printf_wc                               0x00000000   Number         0  stubs.o ABSOLUTE
    _printf_wctomb                           0x00000000   Number         0  stubs.o ABSOLUTE
    _printf_widthprec                        0x00000000   Number         0  stubs.o ABSOLUTE
    _printf_x                                0x00000000   Number         0  stubs.o ABSOLUTE
    __cpp_initialize__aeabi_                  - Undefined Weak Reference
    __cxa_finalize                            - Undefined Weak Reference
    __decompress                              - Undefined Weak Reference
    _clock_init                               - Undefined Weak Reference
    _microlib_exit                            - Undefined Weak Reference
    _scanf_longlong                           - Undefined Weak Reference
    _scanf_real                               - Undefined Weak Reference
    _scanf_string                             - Undefined Weak Reference
    __Vectors_Size                           0x00000130   Number         0  startup_gd32f30x_hd.o ABSOLUTE
    __Vectors                                0x08000000   Data           4  startup_gd32f30x_hd.o(RESET)
    __Vectors_End                            0x08000130   Data           0  startup_gd32f30x_hd.o(RESET)
    __main                                   0x08000131   Thumb Code     0  entry.o(.ARM.Collect$$$$00000000)
    _main_stk                                0x08000131   Thumb Code     0  entry2.o(.ARM.Collect$$$$00000001)
    _main_scatterload                        0x08000135   Thumb Code     0  entry5.o(.ARM.Collect$$$$00000004)
    __main_after_scatterload                 0x08000139   Thumb Code     0  entry5.o(.ARM.Collect$$$$00000004)
    _main_clock                              0x08000139   Thumb Code     0  entry7b.o(.ARM.Collect$$$$00000008)
    _main_cpp_init                           0x08000139   Thumb Code     0  entry8b.o(.ARM.Collect$$$$0000000A)
    _main_init                               0x08000139   Thumb Code     0  entry9a.o(.ARM.Collect$$$$0000000B)
    __rt_final_cpp                           0x08000141   Thumb Code     0  entry10a.o(.ARM.Collect$$$$0000000D)
    __rt_final_exit                          0x08000141   Thumb Code     0  entry11a.o(.ARM.Collect$$$$0000000F)
    Reset_Handler                            0x08000145   Thumb Code     8  startup_gd32f30x_hd.o(.text)
    ADC0_1_IRQHandler                        0x0800015f   Thumb Code     0  startup_gd32f30x_hd.o(.text)
    ADC2_IRQHandler                          0x0800015f   Thumb Code     0  startup_gd32f30x_hd.o(.text)
    CAN0_EWMC_IRQHandler                     0x0800015f   Thumb Code     0  startup_gd32f30x_hd.o(.text)
    CAN0_RX1_IRQHandler                      0x0800015f   Thumb Code     0  startup_gd32f30x_hd.o(.text)
    DMA0_Channel0_IRQHandler                 0x0800015f   Thumb Code     0  startup_gd32f30x_hd.o(.text)
    DMA0_Channel1_IRQHandler                 0x0800015f   Thumb Code     0  startup_gd32f30x_hd.o(.text)
    DMA0_Channel2_IRQHandler                 0x0800015f   Thumb Code     0  startup_gd32f30x_hd.o(.text)
    DMA0_Channel3_IRQHandler                 0x0800015f   Thumb Code     0  startup_gd32f30x_hd.o(.text)
    DMA0_Channel4_IRQHandler                 0x0800015f   Thumb Code     0  startup_gd32f30x_hd.o(.text)
    DMA0_Channel5_IRQHandler                 0x0800015f   Thumb Code     0  startup_gd32f30x_hd.o(.text)
    DMA0_Channel6_IRQHandler                 0x0800015f   Thumb Code     0  startup_gd32f30x_hd.o(.text)
    DMA1_Channel0_IRQHandler                 0x0800015f   Thumb Code     0  startup_gd32f30x_hd.o(.text)
    DMA1_Channel1_IRQHandler                 0x0800015f   Thumb Code     0  startup_gd32f30x_hd.o(.text)
    DMA1_Channel2_IRQHandler                 0x0800015f   Thumb Code     0  startup_gd32f30x_hd.o(.text)
    DMA1_Channel3_4_IRQHandler               0x0800015f   Thumb Code     0  startup_gd32f30x_hd.o(.text)
    EXMC_IRQHandler                          0x0800015f   Thumb Code     0  startup_gd32f30x_hd.o(.text)
    EXTI0_IRQHandler                         0x0800015f   Thumb Code     0  startup_gd32f30x_hd.o(.text)
    EXTI1_IRQHandler                         0x0800015f   Thumb Code     0  startup_gd32f30x_hd.o(.text)
    EXTI2_IRQHandler                         0x0800015f   Thumb Code     0  startup_gd32f30x_hd.o(.text)
    FMC_IRQHandler                           0x0800015f   Thumb Code     0  startup_gd32f30x_hd.o(.text)
    I2C0_ER_IRQHandler                       0x0800015f   Thumb Code     0  startup_gd32f30x_hd.o(.text)
    I2C0_EV_IRQHandler                       0x0800015f   Thumb Code     0  startup_gd32f30x_hd.o(.text)
    I2C1_ER_IRQHandler                       0x0800015f   Thumb Code     0  startup_gd32f30x_hd.o(.text)
    I2C1_EV_IRQHandler                       0x0800015f   Thumb Code     0  startup_gd32f30x_hd.o(.text)
    LVD_IRQHandler                           0x0800015f   Thumb Code     0  startup_gd32f30x_hd.o(.text)
    RCU_CTC_IRQHandler                       0x0800015f   Thumb Code     0  startup_gd32f30x_hd.o(.text)
    RTC_Alarm_IRQHandler                     0x0800015f   Thumb Code     0  startup_gd32f30x_hd.o(.text)
    RTC_IRQHandler                           0x0800015f   Thumb Code     0  startup_gd32f30x_hd.o(.text)
    SDIO_IRQHandler                          0x0800015f   Thumb Code     0  startup_gd32f30x_hd.o(.text)
    SPI0_IRQHandler                          0x0800015f   Thumb Code     0  startup_gd32f30x_hd.o(.text)
    SPI1_IRQHandler                          0x0800015f   Thumb Code     0  startup_gd32f30x_hd.o(.text)
    SPI2_IRQHandler                          0x0800015f   Thumb Code     0  startup_gd32f30x_hd.o(.text)
    TAMPER_IRQHandler                        0x0800015f   Thumb Code     0  startup_gd32f30x_hd.o(.text)
    TIMER0_BRK_IRQHandler                    0x0800015f   Thumb Code     0  startup_gd32f30x_hd.o(.text)
    TIMER0_Channel_IRQHandler                0x0800015f   Thumb Code     0  startup_gd32f30x_hd.o(.text)
    TIMER0_TRG_CMT_IRQHandler                0x0800015f   Thumb Code     0  startup_gd32f30x_hd.o(.text)
    TIMER0_UP_IRQHandler                     0x0800015f   Thumb Code     0  startup_gd32f30x_hd.o(.text)
    TIMER1_IRQHandler                        0x0800015f   Thumb Code     0  startup_gd32f30x_hd.o(.text)
    TIMER3_IRQHandler                        0x0800015f   Thumb Code     0  startup_gd32f30x_hd.o(.text)
    TIMER5_IRQHandler                        0x0800015f   Thumb Code     0  startup_gd32f30x_hd.o(.text)
    TIMER6_IRQHandler                        0x0800015f   Thumb Code     0  startup_gd32f30x_hd.o(.text)
    TIMER7_BRK_IRQHandler                    0x0800015f   Thumb Code     0  startup_gd32f30x_hd.o(.text)
    TIMER7_Channel_IRQHandler                0x0800015f   Thumb Code     0  startup_gd32f30x_hd.o(.text)
    TIMER7_TRG_CMT_IRQHandler                0x0800015f   Thumb Code     0  startup_gd32f30x_hd.o(.text)
    TIMER7_UP_IRQHandler                     0x0800015f   Thumb Code     0  startup_gd32f30x_hd.o(.text)
    UART3_IRQHandler                         0x0800015f   Thumb Code     0  startup_gd32f30x_hd.o(.text)
    UART4_IRQHandler                         0x0800015f   Thumb Code     0  startup_gd32f30x_hd.o(.text)
    USART2_IRQHandler                        0x0800015f   Thumb Code     0  startup_gd32f30x_hd.o(.text)
    USBD_HP_CAN0_TX_IRQHandler               0x0800015f   Thumb Code     0  startup_gd32f30x_hd.o(.text)
    USBD_LP_CAN0_RX0_IRQHandler              0x0800015f   Thumb Code     0  startup_gd32f30x_hd.o(.text)
    USBD_WKUP_IRQHandler                     0x0800015f   Thumb Code     0  startup_gd32f30x_hd.o(.text)
    WWDGT_IRQHandler                         0x0800015f   Thumb Code     0  startup_gd32f30x_hd.o(.text)
    __aeabi_memset                           0x08000169   Thumb Code    14  memseta.o(.text)
    __aeabi_memset4                          0x08000169   Thumb Code     0  memseta.o(.text)
    __aeabi_memset8                          0x08000169   Thumb Code     0  memseta.o(.text)
    __aeabi_memclr                           0x08000177   Thumb Code     4  memseta.o(.text)
    __aeabi_memclr4                          0x08000177   Thumb Code     0  memseta.o(.text)
    __aeabi_memclr8                          0x08000177   Thumb Code     0  memseta.o(.text)
    _memset$wrapper                          0x0800017b   Thumb Code    18  memseta.o(.text)
    __0sscanf                                0x0800018d   Thumb Code    48  __0sscanf.o(.text)
    _scanf_int                               0x080001c5   Thumb Code   332  _scanf_int.o(.text)
    __aeabi_uldivmod                         0x08000311   Thumb Code    98  uldiv.o(.text)
    __aeabi_llsr                             0x08000373   Thumb Code    32  llushr.o(.text)
    _ll_ushift_r                             0x08000373   Thumb Code     0  llushr.o(.text)
    _chval                                   0x08000393   Thumb Code    28  _chval.o(.text)
    __vfscanf_char                           0x080003bd   Thumb Code    20  scanf_char.o(.text)
    _sgetc                                   0x080003d9   Thumb Code    30  _sgetc.o(.text)
    _sbackspace                              0x080003f7   Thumb Code    34  _sgetc.o(.text)
    __scatterload                            0x08000419   Thumb Code    28  init.o(.text)
    __scatterload_rt2                        0x08000419   Thumb Code     0  init.o(.text)
    __aeabi_llsl                             0x0800043d   Thumb Code    30  llshl.o(.text)
    _ll_shift_l                              0x0800043d   Thumb Code     0  llshl.o(.text)
    isspace                                  0x0800045b   Thumb Code    10  isspace_c.o(.text)
    __vfscanf                                0x08000465   Thumb Code   808  _scanf.o(.text)
    __ctype_lookup                           0x08000791   Thumb Code    34  ctype_c.o(.text)
    BusFault_Handler                         0x080007b9   Thumb Code     4  gd32f30x_it.o(i.BusFault_Handler)
    Clr1SecFlag                              0x080007bd   Thumb Code     8  timer.o(i.Clr1SecFlag)
    Clr2msFlag                               0x080007c9   Thumb Code     8  timer.o(i.Clr2msFlag)
    DeQueue                                  0x08000b7d   Thumb Code    68  queue.o(i.DeQueue)
    DebugMon_Handler                         0x08000bc1   Thumb Code     2  gd32f30x_it.o(i.DebugMon_Handler)
    DelayNms                                 0x08000bc5   Thumb Code    20  systick.o(i.DelayNms)
    EXTI10_15_IRQHandler                     0x08000bdd   Thumb Code    82  keyone.o(i.EXTI10_15_IRQHandler)
    EXTI3_IRQHandler                         0x08000c39   Thumb Code    36  keyone.o(i.EXTI3_IRQHandler)
    EXTI4_IRQHandler                         0x08000c65   Thumb Code    36  keyone.o(i.EXTI4_IRQHandler)
    EXTI5_9_IRQHandler                       0x08000c91   Thumb Code   108  keyone.o(i.EXTI5_9_IRQHandler)
    EnQueue                                  0x08000d05   Thumb Code    72  queue.o(i.EnQueue)
    Get1SecFlag                              0x08000d4d   Thumb Code     6  timer.o(i.Get1SecFlag)
    Get2msFlag                               0x08000d59   Thumb Code     6  timer.o(i.Get2msFlag)
    HardFault_Handler                        0x08000d65   Thumb Code     4  gd32f30x_it.o(i.HardFault_Handler)
    InitKeyOne                               0x08000da9   Thumb Code    30  keyone.o(i.InitKeyOne)
    InitLED                                  0x08000dd1   Thumb Code     8  led.o(i.InitLED)
    InitNVIC                                 0x08000dd9   Thumb Code     8  nvic.o(i.InitNVIC)
    InitProcKeyOne                           0x08000de1   Thumb Code     2  prockeyone.o(i.InitProcKeyOne)
    InitQueue                                0x08000de3   Thumb Code    36  queue.o(i.InitQueue)
    InitRCU                                  0x08000e07   Thumb Code     8  rcu.o(i.InitRCU)
    InitSysTick                              0x08000e11   Thumb Code    90  systick.o(i.InitSysTick)
    InitTimer                                0x08000e79   Thumb Code    24  timer.o(i.InitTimer)
    InitUART0                                0x08000e91   Thumb Code    16  uart0.o(i.InitUART0)
    InitUART1                                0x08000ea1   Thumb Code    16  uart1.o(i.InitUART1)
    KeyOne_2msTask                           0x08000f99   Thumb Code   408  keyone.o(i.KeyOne_2msTask)
    LCD_Clear                                0x0800114d   Thumb Code    48  lcd.o(i.LCD_Clear)
    LCD_Display_Dir                          0x08001181   Thumb Code   128  lcd.o(i.LCD_Display_Dir)
    LCD_DrawLine                             0x08001205   Thumb Code   178  lcd.o(i.LCD_DrawLine)
    LCD_DrawPoint                            0x080012b9   Thumb Code    28  lcd.o(i.LCD_DrawPoint)
    LCD_DrawRectangle                        0x080012d9   Thumb Code    64  lcd.o(i.LCD_DrawRectangle)
    LCD_Fast_DrawPoint                       0x08001319   Thumb Code    28  lcd.o(i.LCD_Fast_DrawPoint)
    LCD_Fill                                 0x08001335   Thumb Code    76  lcd.o(i.LCD_Fill)
    LCD_Init                                 0x0800140d   Thumb Code   622  lcd.o(i.LCD_Init)
    LCD_Scan_Dir                             0x080017cd   Thumb Code   252  lcd.o(i.LCD_Scan_Dir)
    LCD_SetCursor                            0x080018cd   Thumb Code   126  lcd.o(i.LCD_SetCursor)
    LCD_ShowChar                             0x08001951   Thumb Code   152  lcd.o(i.LCD_ShowChar)
    LCD_ShowString                           0x080019f9   Thumb Code   102  lcd.o(i.LCD_ShowString)
    LCD_WriteRAM                             0x08001b15   Thumb Code    12  lcd.o(i.LCD_WriteRAM)
    LCD_WriteRAM_Prepare                     0x08001b21   Thumb Code    12  lcd.o(i.LCD_WriteRAM_Prepare)
    LCD_WriteReg                             0x08001b31   Thumb Code    20  lcd.o(i.LCD_WriteReg)
    LED1_Toggle                              0x08001b81   Thumb Code    32  led.o(i.LED1_Toggle)
    LED2_Toggle                              0x08001ba5   Thumb Code    28  led.o(i.LED2_Toggle)
    LED3_Toggle                              0x08001bc5   Thumb Code    28  led.o(i.LED3_Toggle)
    MemManage_Handler                        0x08001be5   Thumb Code     4  gd32f30x_it.o(i.MemManage_Handler)
    NMI_Handler                              0x08001be9   Thumb Code     2  gd32f30x_it.o(i.NMI_Handler)
    PendSV_Handler                           0x08001dd9   Thumb Code     2  gd32f30x_it.o(i.PendSV_Handler)
    ProcKeyDownLL                            0x08001de5   Thumb Code    14  prockeyone.o(i.ProcKeyDownLL)
    ProcKeyDownLeftHigh                      0x08001e05   Thumb Code     8  prockeyone.o(i.ProcKeyDownLeftHigh)
    ProcKeyDownMenu                          0x08001e0d   Thumb Code     8  prockeyone.o(i.ProcKeyDownMenu)
    ProcKeyDownRL                            0x08001e15   Thumb Code     8  prockeyone.o(i.ProcKeyDownRL)
    ProcKeyDownRightHigh                     0x08001e1d   Thumb Code     8  prockeyone.o(i.ProcKeyDownRightHigh)
    ProcKeyUpLL                              0x08001e25   Thumb Code     2  prockeyone.o(i.ProcKeyUpLL)
    ProcKeyUpLeftHigh                        0x08001e27   Thumb Code     2  prockeyone.o(i.ProcKeyUpLeftHigh)
    ProcKeyUpMenu                            0x08001e29   Thumb Code     2  prockeyone.o(i.ProcKeyUpMenu)
    ProcKeyUpRL                              0x08001e2b   Thumb Code     2  prockeyone.o(i.ProcKeyUpRL)
    ProcKeyUpRightHigh                       0x08001e2d   Thumb Code     2  prockeyone.o(i.ProcKeyUpRightHigh)
    QueueEmpty                               0x08001e2f   Thumb Code    14  queue.o(i.QueueEmpty)
    ReadUART1                                0x08001e59   Thumb Code    20  uart1.o(i.ReadUART1)
    SPO2_Algo_GetResult                      0x08001e71   Thumb Code    70  spo2_algo.o(i.SPO2_Algo_GetResult)
    SPO2_Algo_Init                           0x08001ebd   Thumb Code   128  spo2_algo.o(i.SPO2_Algo_Init)
    SPO2_Algo_Process                        0x08001f95   Thumb Code   338  spo2_algo.o(i.SPO2_Algo_Process)
    SPO2_Algo_PushData                       0x08002105   Thumb Code   130  spo2_algo.o(i.SPO2_Algo_PushData)
    SVC_Handler                              0x080021a1   Thumb Code     2  gd32f30x_it.o(i.SVC_Handler)
    SysTick_Handler                          0x080021a3   Thumb Code     8  systick.o(i.SysTick_Handler)
    SystemInit                               0x080021ad   Thumb Code    66  system_gd32f30x.o(i.SystemInit)
    TIMER2_IRQHandler                        0x080021fd   Thumb Code    52  timer.o(i.TIMER2_IRQHandler)
    TIMER4_IRQHandler                        0x0800223d   Thumb Code    58  timer.o(i.TIMER4_IRQHandler)
    UART1_GetWaveFilterEnable                0x08002321   Thumb Code     6  uart1.o(i.UART1_GetWaveFilterEnable)
    UART1_ProcessSPO2Data                    0x0800236d   Thumb Code    34  uart1.o(i.UART1_ProcessSPO2Data)
    UART1_SendCmd                            0x08002391   Thumb Code    70  uart1.o(i.UART1_SendCmd)
    UART1_SetWaveFilterEnable                0x080023dd   Thumb Code    20  uart1.o(i.UART1_SetWaveFilterEnable)
    UI_DrawAlarmSetScreen                    0x080023f9   Thumb Code   140  ui_manager.o(i.UI_DrawAlarmSetScreen)
    UI_DrawAutoLightScreen                   0x080024dd   Thumb Code   138  ui_manager.o(i.UI_DrawAutoLightScreen)
    UI_DrawDataReviewScreen                  0x080026a1   Thumb Code   144  ui_manager.o(i.UI_DrawDataReviewScreen)
    UI_DrawEtCO2SetScreen                    0x08002785   Thumb Code   140  ui_manager.o(i.UI_DrawEtCO2SetScreen)
    UI_DrawFilterSetScreen                   0x08002861   Thumb Code   154  ui_manager.o(i.UI_DrawFilterSetScreen)
    UI_DrawHeader                            0x08002959   Thumb Code   124  ui_manager.o(i.UI_DrawHeader)
    UI_DrawMainScreen                        0x080029ed   Thumb Code   556  ui_manager.o(i.UI_DrawMainScreen)
    UI_DrawPanel                             0x08002ced   Thumb Code   204  ui_manager.o(i.UI_DrawPanel)
    UI_DrawRCalibScreen                      0x08002dc1   Thumb Code    82  ui_manager.o(i.UI_DrawRCalibScreen)
    UI_DrawSettingsScreen                    0x08002f9d   Thumb Code    96  ui_manager.o(i.UI_DrawSettingsScreen)
    UI_DrawSpO2SetScreen                     0x08003031   Thumb Code   138  ui_manager.o(i.UI_DrawSpO2SetScreen)
    UI_DrawSystemSetScreen                   0x08003115   Thumb Code   140  ui_manager.o(i.UI_DrawSystemSetScreen)
    UI_DrawWorkModeScreen                    0x080031f9   Thumb Code   140  ui_manager.o(i.UI_DrawWorkModeScreen)
    UI_Init                                  0x080032d1   Thumb Code    28  ui_manager.o(i.UI_Init)
    UI_OnKeyLH                               0x080032f5   Thumb Code   150  ui_manager.o(i.UI_OnKeyLH)
    UI_OnKeyLL                               0x08003399   Thumb Code   250  ui_manager.o(i.UI_OnKeyLL)
    UI_OnKeyMenu                             0x080034bd   Thumb Code     2  ui_manager.o(i.UI_OnKeyMenu)
    UI_OnKeyRH                               0x080034c1   Thumb Code    74  ui_manager.o(i.UI_OnKeyRH)
    UI_OnKeyRL                               0x08003515   Thumb Code   258  ui_manager.o(i.UI_OnKeyRL)
    UI_Process                               0x08003641   Thumb Code     8  ui_manager.o(i.UI_Process)
    UI_Update                                0x08003649   Thumb Code   114  ui_manager.o(i.UI_Update)
    UI_UpdateData                            0x08003869   Thumb Code   604  ui_manager.o(i.UI_UpdateData)
    UI_UpdateGain                            0x08003e05   Thumb Code    88  ui_manager.o(i.UI_UpdateGain)
    UI_UpdatePwm                             0x08003ed5   Thumb Code   102  ui_manager.o(i.UI_UpdatePwm)
    UI_UpdateWave                            0x08004091   Thumb Code    52  ui_manager.o(i.UI_UpdateWave)
    USART0_IRQHandler                        0x08004345   Thumb Code   132  uart0.o(i.USART0_IRQHandler)
    USART1_IRQHandler                        0x080043e1   Thumb Code   104  uart1.o(i.USART1_IRQHandler)
    UsageFault_Handler                       0x0800445d   Thumb Code     4  gd32f30x_it.o(i.UsageFault_Handler)
    __0printf$8                              0x0800448d   Thumb Code    22  printf8.o(i.__0printf$8)
    __1printf$8                              0x0800448d   Thumb Code     0  printf8.o(i.__0printf$8)
    __2printf                                0x0800448d   Thumb Code     0  printf8.o(i.__0printf$8)
    __0sprintf$8                             0x080044ad   Thumb Code    34  printf8.o(i.__0sprintf$8)
    __1sprintf$8                             0x080044ad   Thumb Code     0  printf8.o(i.__0sprintf$8)
    __2sprintf                               0x080044ad   Thumb Code     0  printf8.o(i.__0sprintf$8)
    __scatterload_copy                       0x080044d5   Thumb Code    14  handlers.o(i.__scatterload_copy)
    __scatterload_null                       0x080044e3   Thumb Code     2  handlers.o(i.__scatterload_null)
    __scatterload_zeroinit                   0x080044e5   Thumb Code    14  handlers.o(i.__scatterload_zeroinit)
    exti_flag_get                            0x08004961   Thumb Code    18  gd32f30x_exti.o(i.exti_flag_get)
    exti_init                                0x08004979   Thumb Code   178  gd32f30x_exti.o(i.exti_init)
    exti_interrupt_disable                   0x08004a31   Thumb Code    12  gd32f30x_exti.o(i.exti_interrupt_disable)
    exti_interrupt_enable                    0x08004a41   Thumb Code    12  gd32f30x_exti.o(i.exti_interrupt_enable)
    exti_interrupt_flag_clear                0x08004a51   Thumb Code     6  gd32f30x_exti.o(i.exti_interrupt_flag_clear)
    fmc_wscnt_set                            0x08004a5d   Thumb Code    18  gd32f30x_fmc.o(i.fmc_wscnt_set)
    fputc                                    0x08004a75   Thumb Code    32  uart0.o(i.fputc)
    gpio_bit_reset                           0x08004a99   Thumb Code     4  gd32f30x_gpio.o(i.gpio_bit_reset)
    gpio_bit_set                             0x08004a9d   Thumb Code     4  gd32f30x_gpio.o(i.gpio_bit_set)
    gpio_bit_write                           0x08004aa1   Thumb Code    10  gd32f30x_gpio.o(i.gpio_bit_write)
    gpio_exti_source_select                  0x08004aad   Thumb Code   146  gd32f30x_gpio.o(i.gpio_exti_source_select)
    gpio_init                                0x08004b45   Thumb Code   188  gd32f30x_gpio.o(i.gpio_init)
    gpio_input_bit_get                       0x08004c01   Thumb Code    16  gd32f30x_gpio.o(i.gpio_input_bit_get)
    gpio_input_port_get                      0x08004c11   Thumb Code     8  gd32f30x_gpio.o(i.gpio_input_port_get)
    gpio_output_bit_get                      0x08004c19   Thumb Code    16  gd32f30x_gpio.o(i.gpio_output_bit_get)
    gpio_output_port_get                     0x08004c29   Thumb Code     8  gd32f30x_gpio.o(i.gpio_output_port_get)
    gpio_port_write                          0x08004c31   Thumb Code     4  gd32f30x_gpio.o(i.gpio_port_write)
    main                                     0x08004dbd   Thumb Code   196  main.o(i.main)
    nvic_irq_enable                          0x08004f11   Thumb Code   186  gd32f30x_misc.o(i.nvic_irq_enable)
    nvic_priority_group_set                  0x08004fd5   Thumb Code    10  gd32f30x_misc.o(i.nvic_priority_group_set)
    putc                                     0x08004fe9   Thumb Code     4  putc.o(i.putc)
    rcu_ahb_clock_config                     0x08004fed   Thumb Code    18  gd32f30x_rcu.o(i.rcu_ahb_clock_config)
    rcu_apb1_clock_config                    0x08005005   Thumb Code    18  gd32f30x_rcu.o(i.rcu_apb1_clock_config)
    rcu_apb2_clock_config                    0x0800501d   Thumb Code    18  gd32f30x_rcu.o(i.rcu_apb2_clock_config)
    rcu_clock_freq_get                       0x08005035   Thumb Code   310  gd32f30x_rcu.o(i.rcu_clock_freq_get)
    rcu_deinit                               0x0800518d   Thumb Code    72  gd32f30x_rcu.o(i.rcu_deinit)
    rcu_flag_get                             0x080051e1   Thumb Code    30  gd32f30x_rcu.o(i.rcu_flag_get)
    rcu_osci_on                              0x08005205   Thumb Code    28  gd32f30x_rcu.o(i.rcu_osci_on)
    rcu_osci_stab_wait                       0x08005225   Thumb Code   266  gd32f30x_rcu.o(i.rcu_osci_stab_wait)
    rcu_periph_clock_enable                  0x08005335   Thumb Code    28  gd32f30x_rcu.o(i.rcu_periph_clock_enable)
    rcu_periph_reset_disable                 0x08005355   Thumb Code    28  gd32f30x_rcu.o(i.rcu_periph_reset_disable)
    rcu_periph_reset_enable                  0x08005375   Thumb Code    28  gd32f30x_rcu.o(i.rcu_periph_reset_enable)
    rcu_pll_config                           0x08005395   Thumb Code    24  gd32f30x_rcu.o(i.rcu_pll_config)
    rcu_pllpresel_config                     0x080053b5   Thumb Code    18  gd32f30x_rcu.o(i.rcu_pllpresel_config)
    rcu_predv0_config                        0x080053cd   Thumb Code    26  gd32f30x_rcu.o(i.rcu_predv0_config)
    rcu_system_clock_source_config           0x080053ed   Thumb Code    18  gd32f30x_rcu.o(i.rcu_system_clock_source_config)
    rcu_system_clock_source_get              0x08005405   Thumb Code    10  gd32f30x_rcu.o(i.rcu_system_clock_source_get)
    timer_deinit                             0x080058dd   Thumb Code   210  gd32f30x_timer.o(i.timer_deinit)
    timer_enable                             0x080059b9   Thumb Code    10  gd32f30x_timer.o(i.timer_enable)
    timer_init                               0x080059c5   Thumb Code   122  gd32f30x_timer.o(i.timer_init)
    timer_interrupt_enable                   0x08005a5d   Thumb Code     8  gd32f30x_timer.o(i.timer_interrupt_enable)
    timer_interrupt_flag_clear               0x08005a65   Thumb Code     6  gd32f30x_timer.o(i.timer_interrupt_flag_clear)
    timer_interrupt_flag_get                 0x08005a6b   Thumb Code    24  gd32f30x_timer.o(i.timer_interrupt_flag_get)
    timer_struct_para_init                   0x08005a83   Thumb Code    22  gd32f30x_timer.o(i.timer_struct_para_init)
    usart_baudrate_set                       0x08005a99   Thumb Code   136  gd32f30x_usart.o(i.usart_baudrate_set)
    usart_data_receive                       0x08005b29   Thumb Code    10  gd32f30x_usart.o(i.usart_data_receive)
    usart_data_transmit                      0x08005b33   Thumb Code     8  gd32f30x_usart.o(i.usart_data_transmit)
    usart_deinit                             0x08005b3d   Thumb Code   136  gd32f30x_usart.o(i.usart_deinit)
    usart_enable                             0x08005bcd   Thumb Code    10  gd32f30x_usart.o(i.usart_enable)
    usart_flag_get                           0x08005bd7   Thumb Code    30  gd32f30x_usart.o(i.usart_flag_get)
    usart_interrupt_disable                  0x08005bf5   Thumb Code    26  gd32f30x_usart.o(i.usart_interrupt_disable)
    usart_interrupt_enable                   0x08005c0f   Thumb Code    26  gd32f30x_usart.o(i.usart_interrupt_enable)
    usart_interrupt_flag_clear               0x08005c29   Thumb Code    26  gd32f30x_usart.o(i.usart_interrupt_flag_clear)
    usart_interrupt_flag_get                 0x08005c43   Thumb Code    56  gd32f30x_usart.o(i.usart_interrupt_flag_get)
    usart_parity_config                      0x08005c7b   Thumb Code    16  gd32f30x_usart.o(i.usart_parity_config)
    usart_receive_config                     0x08005c8b   Thumb Code    16  gd32f30x_usart.o(i.usart_receive_config)
    usart_stop_bit_set                       0x08005c9b   Thumb Code    16  gd32f30x_usart.o(i.usart_stop_bit_set)
    usart_transmit_config                    0x08005cab   Thumb Code    16  gd32f30x_usart.o(i.usart_transmit_config)
    usart_word_length_set                    0x08005cbb   Thumb Code    16  gd32f30x_usart.o(i.usart_word_length_set)
    asc2_1608                                0x08005cca   Data        1520  lcd.o(.constdata)
    __ctype_categories                       0x080062ba   Data          64  ctype_c.o(.constdata)
    Region$$Table$$Base                      0x08006364   Number         0  anon$$obj.o(Region$$Table)
    Region$$Table$$Limit                     0x08006384   Number         0  anon$$obj.o(Region$$Table)
    g_u32KeyLLCount                          0x20000000   Data           4  keyone.o(.data)
    g_u32KeyRLCount                          0x20000004   Data           4  keyone.o(.data)
    g_u32KeyLeftHighCount                    0x20000008   Data           4  keyone.o(.data)
    g_u32KeyRightHighCount                   0x2000000c   Data           4  keyone.o(.data)
    g_u32KeyMenuCount                        0x20000010   Data           4  keyone.o(.data)
    POINT_COLOR                              0x2000001e   Data           2  lcd.o(.data)
    BACK_COLOR                               0x20000020   Data           2  lcd.o(.data)
    __stdout                                 0x200000ac   Data           4  uart0.o(.data)
    SystemCoreClock                          0x200000b4   Data           4  system_gd32f30x.o(.data)
    lcddev                                   0x200000bc   Data          14  lcd.o(.bss)
    __initial_sp                             0x20002760   Data           0  startup_gd32f30x_hd.o(STACK)



==============================================================================

Memory Map of the image

  Image Entry point : 0x08000131

  Load Region LR_IROM1 (Base: 0x08000000, Size: 0x00006440, Max: 0x00080000, ABSOLUTE)

    Execution Region ER_IROM1 (Exec base: 0x08000000, Load base: 0x08000000, Size: 0x00006384, Max: 0x00080000, ABSOLUTE)

    Exec Addr    Load Addr    Size         Type   Attr      Idx    E Section Name        Object

    0x08000000   0x08000000   0x00000130   Data   RO         2919    RESET               startup_gd32f30x_hd.o
    0x08000130   0x08000130   0x00000000   Code   RO         3012  * .ARM.Collect$$$$00000000  mc_w.l(entry.o)
    0x08000130   0x08000130   0x00000004   Code   RO         3325    .ARM.Collect$$$$00000001  mc_w.l(entry2.o)
    0x08000134   0x08000134   0x00000004   Code   RO         3328    .ARM.Collect$$$$00000004  mc_w.l(entry5.o)
    0x08000138   0x08000138   0x00000000   Code   RO         3330    .ARM.Collect$$$$00000008  mc_w.l(entry7b.o)
    0x08000138   0x08000138   0x00000000   Code   RO         3332    .ARM.Collect$$$$0000000A  mc_w.l(entry8b.o)
    0x08000138   0x08000138   0x00000008   Code   RO         3333    .ARM.Collect$$$$0000000B  mc_w.l(entry9a.o)
    0x08000140   0x08000140   0x00000000   Code   RO         3335    .ARM.Collect$$$$0000000D  mc_w.l(entry10a.o)
    0x08000140   0x08000140   0x00000000   Code   RO         3337    .ARM.Collect$$$$0000000F  mc_w.l(entry11a.o)
    0x08000140   0x08000140   0x00000004   Code   RO         3326    .ARM.Collect$$$$00002712  mc_w.l(entry2.o)
    0x08000144   0x08000144   0x00000024   Code   RO         2920    .text               startup_gd32f30x_hd.o
    0x08000168   0x08000168   0x00000024   Code   RO         3017    .text               mc_w.l(memseta.o)
    0x0800018c   0x0800018c   0x00000038   Code   RO         3280    .text               mc_w.l(__0sscanf.o)
    0x080001c4   0x080001c4   0x0000014c   Code   RO         3282    .text               mc_w.l(_scanf_int.o)
    0x08000310   0x08000310   0x00000062   Code   RO         3341    .text               mc_w.l(uldiv.o)
    0x08000372   0x08000372   0x00000020   Code   RO         3343    .text               mc_w.l(llushr.o)
    0x08000392   0x08000392   0x0000001c   Code   RO         3352    .text               mc_w.l(_chval.o)
    0x080003ae   0x080003ae   0x00000002   PAD
    0x080003b0   0x080003b0   0x00000028   Code   RO         3354    .text               mc_w.l(scanf_char.o)
    0x080003d8   0x080003d8   0x00000040   Code   RO         3356    .text               mc_w.l(_sgetc.o)
    0x08000418   0x08000418   0x00000024   Code   RO         3375    .text               mc_w.l(init.o)
    0x0800043c   0x0800043c   0x0000001e   Code   RO         3377    .text               mc_w.l(llshl.o)
    0x0800045a   0x0800045a   0x0000000a   Code   RO         3381    .text               mc_w.l(isspace_c.o)
    0x08000464   0x08000464   0x0000032c   Code   RO         3383    .text               mc_w.l(_scanf.o)
    0x08000790   0x08000790   0x00000028   Code   RO         3389    .text               mc_w.l(ctype_c.o)
    0x080007b8   0x080007b8   0x00000004   Code   RO         2806    i.BusFault_Handler  gd32f30x_it.o
    0x080007bc   0x080007bc   0x0000000c   Code   RO          982    i.Clr1SecFlag       timer.o
    0x080007c8   0x080007c8   0x0000000c   Code   RO          983    i.Clr2msFlag        timer.o
    0x080007d4   0x080007d4   0x00000108   Code   RO          242    i.ConfigKeyOneGPIO  keyone.o
    0x080008dc   0x080008dc   0x0000005c   Code   RO          199    i.ConfigLEDGPIO     led.o
    0x08000938   0x08000938   0x0000000c   Code   RO         2926    i.ConfigNVIC        nvic.o
    0x08000944   0x08000944   0x00000068   Code   RO          957    i.ConfigRCU         rcu.o
    0x080009ac   0x080009ac   0x00000050   Code   RO          984    i.ConfigTimer2      timer.o
    0x080009fc   0x080009fc   0x00000050   Code   RO          985    i.ConfigTimer4      timer.o
    0x08000a4c   0x08000a4c   0x000000a0   Code   RO         1207    i.ConfigUART        uart0.o
    0x08000aec   0x08000aec   0x00000090   Code   RO         1095    i.ConfigUART1       uart1.o
    0x08000b7c   0x08000b7c   0x00000044   Code   RO         1049    i.DeQueue           queue.o
    0x08000bc0   0x08000bc0   0x00000002   Code   RO         2807    i.DebugMon_Handler  gd32f30x_it.o
    0x08000bc2   0x08000bc2   0x00000002   PAD
    0x08000bc4   0x08000bc4   0x00000018   Code   RO         2951    i.DelayNms          systick.o
    0x08000bdc   0x08000bdc   0x0000005c   Code   RO          243    i.EXTI10_15_IRQHandler  keyone.o
    0x08000c38   0x08000c38   0x0000002c   Code   RO          244    i.EXTI3_IRQHandler  keyone.o
    0x08000c64   0x08000c64   0x0000002c   Code   RO          245    i.EXTI4_IRQHandler  keyone.o
    0x08000c90   0x08000c90   0x00000074   Code   RO          246    i.EXTI5_9_IRQHandler  keyone.o
    0x08000d04   0x08000d04   0x00000048   Code   RO         1050    i.EnQueue           queue.o
    0x08000d4c   0x08000d4c   0x0000000c   Code   RO          986    i.Get1SecFlag       timer.o
    0x08000d58   0x08000d58   0x0000000c   Code   RO          987    i.Get2msFlag        timer.o
    0x08000d64   0x08000d64   0x00000004   Code   RO         2808    i.HardFault_Handler  gd32f30x_it.o
    0x08000d68   0x08000d68   0x00000040   Code   RO            3    i.InitHardware      main.o
    0x08000da8   0x08000da8   0x00000028   Code   RO          247    i.InitKeyOne        keyone.o
    0x08000dd0   0x08000dd0   0x00000008   Code   RO          200    i.InitLED           led.o
    0x08000dd8   0x08000dd8   0x00000008   Code   RO         2927    i.InitNVIC          nvic.o
    0x08000de0   0x08000de0   0x00000002   Code   RO          308    i.InitProcKeyOne    prockeyone.o
    0x08000de2   0x08000de2   0x00000024   Code   RO         1051    i.InitQueue         queue.o
    0x08000e06   0x08000e06   0x00000008   Code   RO          958    i.InitRCU           rcu.o
    0x08000e0e   0x08000e0e   0x00000002   Code   RO            4    i.InitSoftware      main.o
    0x08000e10   0x08000e10   0x00000068   Code   RO         2953    i.InitSysTick       systick.o
    0x08000e78   0x08000e78   0x00000018   Code   RO          988    i.InitTimer         timer.o
    0x08000e90   0x08000e90   0x00000010   Code   RO         1209    i.InitUART0         uart0.o
    0x08000ea0   0x08000ea0   0x00000010   Code   RO         1096    i.InitUART1         uart1.o
    0x08000eb0   0x08000eb0   0x0000002c   Code   RO         1097    i.InitUART1Buf      uart1.o
    0x08000edc   0x08000edc   0x00000040   Code   RO         1210    i.InitUARTBuf       uart0.o
    0x08000f1c   0x08000f1c   0x0000007c   Code   RO          248    i.KeyIsPressed      keyone.o
    0x08000f98   0x08000f98   0x000001b4   Code   RO          249    i.KeyOne_2msTask    keyone.o
    0x0800114c   0x0800114c   0x00000034   Code   RO          388    i.LCD_Clear         lcd.o
    0x08001180   0x08001180   0x00000084   Code   RO          391    i.LCD_Display_Dir   lcd.o
    0x08001204   0x08001204   0x000000b2   Code   RO          392    i.LCD_DrawLine      lcd.o
    0x080012b6   0x080012b6   0x00000002   PAD
    0x080012b8   0x080012b8   0x00000020   Code   RO          393    i.LCD_DrawPoint     lcd.o
    0x080012d8   0x080012d8   0x00000040   Code   RO          394    i.LCD_DrawRectangle  lcd.o
    0x08001318   0x08001318   0x0000001c   Code   RO          396    i.LCD_Fast_DrawPoint  lcd.o
    0x08001334   0x08001334   0x0000004c   Code   RO          397    i.LCD_Fill          lcd.o
    0x08001380   0x08001380   0x0000008c   Code   RO          398    i.LCD_GPIO_Init     lcd.o
    0x0800140c   0x0800140c   0x000002cc   Code   RO          399    i.LCD_Init          lcd.o
    0x080016d8   0x080016d8   0x00000098   Code   RO          400    i.LCD_ReadDataPort  lcd.o
    0x08001770   0x08001770   0x0000005c   Code   RO          401    i.LCD_ReadData_Internal  lcd.o
    0x080017cc   0x080017cc   0x00000100   Code   RO          404    i.LCD_Scan_Dir      lcd.o
    0x080018cc   0x080018cc   0x00000084   Code   RO          405    i.LCD_SetCursor     lcd.o
    0x08001950   0x08001950   0x000000a8   Code   RO          407    i.LCD_ShowChar      lcd.o
    0x080019f8   0x080019f8   0x00000066   Code   RO          409    i.LCD_ShowString    lcd.o
    0x08001a5e   0x08001a5e   0x00000002   PAD
    0x08001a60   0x08001a60   0x00000078   Code   RO          411    i.LCD_WriteDataPort  lcd.o
    0x08001ad8   0x08001ad8   0x0000003c   Code   RO          412    i.LCD_WriteData_Internal  lcd.o
    0x08001b14   0x08001b14   0x0000000c   Code   RO          413    i.LCD_WriteRAM      lcd.o
    0x08001b20   0x08001b20   0x00000010   Code   RO          414    i.LCD_WriteRAM_Prepare  lcd.o
    0x08001b30   0x08001b30   0x00000014   Code   RO          415    i.LCD_WriteReg      lcd.o
    0x08001b44   0x08001b44   0x0000003c   Code   RO          416    i.LCD_WriteReg_Internal  lcd.o
    0x08001b80   0x08001b80   0x00000024   Code   RO          201    i.LED1_Toggle       led.o
    0x08001ba4   0x08001ba4   0x00000020   Code   RO          202    i.LED2_Toggle       led.o
    0x08001bc4   0x08001bc4   0x00000020   Code   RO          203    i.LED3_Toggle       led.o
    0x08001be4   0x08001be4   0x00000004   Code   RO         2809    i.MemManage_Handler  gd32f30x_it.o
    0x08001be8   0x08001be8   0x00000002   Code   RO         2810    i.NMI_Handler       gd32f30x_it.o
    0x08001bea   0x08001bea   0x00000002   PAD
    0x08001bec   0x08001bec   0x00000018   Code   RO         1211    i.NVIC_ClearPendingIRQ  uart0.o
    0x08001c04   0x08001c04   0x000001d4   Code   RO         1098    i.ParseSPO2Packet   uart1.o
    0x08001dd8   0x08001dd8   0x00000002   Code   RO         2811    i.PendSV_Handler    gd32f30x_it.o
    0x08001dda   0x08001dda   0x00000008   Code   RO            5    i.Proc1SecTask      main.o
    0x08001de2   0x08001de2   0x00000002   PAD
    0x08001de4   0x08001de4   0x00000020   Code   RO          309    i.ProcKeyDownLL     prockeyone.o
    0x08001e04   0x08001e04   0x00000008   Code   RO          310    i.ProcKeyDownLeftHigh  prockeyone.o
    0x08001e0c   0x08001e0c   0x00000008   Code   RO          311    i.ProcKeyDownMenu   prockeyone.o
    0x08001e14   0x08001e14   0x00000008   Code   RO          312    i.ProcKeyDownRL     prockeyone.o
    0x08001e1c   0x08001e1c   0x00000008   Code   RO          313    i.ProcKeyDownRightHigh  prockeyone.o
    0x08001e24   0x08001e24   0x00000002   Code   RO          314    i.ProcKeyUpLL       prockeyone.o
    0x08001e26   0x08001e26   0x00000002   Code   RO          315    i.ProcKeyUpLeftHigh  prockeyone.o
    0x08001e28   0x08001e28   0x00000002   Code   RO          316    i.ProcKeyUpMenu     prockeyone.o
    0x08001e2a   0x08001e2a   0x00000002   Code   RO          317    i.ProcKeyUpRL       prockeyone.o
    0x08001e2c   0x08001e2c   0x00000002   Code   RO          318    i.ProcKeyUpRightHigh  prockeyone.o
    0x08001e2e   0x08001e2e   0x0000000e   Code   RO         1052    i.QueueEmpty        queue.o
    0x08001e3c   0x08001e3c   0x0000001c   Code   RO         1213    i.ReadSendBuf       uart0.o
    0x08001e58   0x08001e58   0x00000018   Code   RO         1099    i.ReadUART1         uart1.o
    0x08001e70   0x08001e70   0x0000004c   Code   RO          889    i.SPO2_Algo_GetResult  spo2_algo.o
    0x08001ebc   0x08001ebc   0x000000d8   Code   RO          890    i.SPO2_Algo_Init    spo2_algo.o
    0x08001f94   0x08001f94   0x00000170   Code   RO          891    i.SPO2_Algo_Process  spo2_algo.o
    0x08002104   0x08002104   0x0000009c   Code   RO          892    i.SPO2_Algo_PushData  spo2_algo.o
    0x080021a0   0x080021a0   0x00000002   Code   RO         2812    i.SVC_Handler       gd32f30x_it.o
    0x080021a2   0x080021a2   0x00000008   Code   RO         2954    i.SysTick_Handler   systick.o
    0x080021aa   0x080021aa   0x00000002   PAD
    0x080021ac   0x080021ac   0x00000050   Code   RO         2878    i.SystemInit        system_gd32f30x.o
    0x080021fc   0x080021fc   0x00000040   Code   RO          989    i.TIMER2_IRQHandler  timer.o
    0x0800223c   0x0800223c   0x00000048   Code   RO          990    i.TIMER4_IRQHandler  timer.o
    0x08002284   0x08002284   0x00000018   Code   RO         2955    i.TimDelayDec       systick.o
    0x0800229c   0x0800229c   0x00000068   Code   RO         1100    i.UART1_ApplyFilter  uart1.o
    0x08002304   0x08002304   0x0000001c   Code   RO         1101    i.UART1_ForwardWave  uart1.o
    0x08002320   0x08002320   0x0000000c   Code   RO         1104    i.UART1_GetWaveFilterEnable  uart1.o
    0x0800232c   0x0800232c   0x00000040   Code   RO         1105    i.UART1_MonPush     uart1.o
    0x0800236c   0x0800236c   0x00000022   Code   RO         1106    i.UART1_ProcessSPO2Data  uart1.o
    0x0800238e   0x0800238e   0x00000002   PAD
    0x08002390   0x08002390   0x0000004c   Code   RO         1108    i.UART1_SendCmd     uart1.o
    0x080023dc   0x080023dc   0x0000001c   Code   RO         1109    i.UART1_SetWaveFilterEnable  uart1.o
    0x080023f8   0x080023f8   0x000000e4   Code   RO          648    i.UI_DrawAlarmSetScreen  ui_manager.o
    0x080024dc   0x080024dc   0x000000e8   Code   RO          649    i.UI_DrawAutoLightScreen  ui_manager.o
    0x080025c4   0x080025c4   0x000000dc   Code   RO          650    i.UI_DrawCard       ui_manager.o
    0x080026a0   0x080026a0   0x000000e4   Code   RO          651    i.UI_DrawDataReviewScreen  ui_manager.o
    0x08002784   0x08002784   0x000000dc   Code   RO          652    i.UI_DrawEtCO2SetScreen  ui_manager.o
    0x08002860   0x08002860   0x000000f8   Code   RO          653    i.UI_DrawFilterSetScreen  ui_manager.o
    0x08002958   0x08002958   0x00000094   Code   RO          654    i.UI_DrawHeader     ui_manager.o
    0x080029ec   0x080029ec   0x00000300   Code   RO          655    i.UI_DrawMainScreen  ui_manager.o
    0x08002cec   0x08002cec   0x000000d4   Code   RO          656    i.UI_DrawPanel      ui_manager.o
    0x08002dc0   0x08002dc0   0x00000080   Code   RO          657    i.UI_DrawRCalibScreen  ui_manager.o
    0x08002e40   0x08002e40   0x00000052   Code   RO          658    i.UI_DrawScreenBackground  ui_manager.o
    0x08002e92   0x08002e92   0x00000002   PAD
    0x08002e94   0x08002e94   0x00000108   Code   RO          659    i.UI_DrawSettingsItem  ui_manager.o
    0x08002f9c   0x08002f9c   0x00000094   Code   RO          660    i.UI_DrawSettingsScreen  ui_manager.o
    0x08003030   0x08003030   0x000000e4   Code   RO          661    i.UI_DrawSpO2SetScreen  ui_manager.o
    0x08003114   0x08003114   0x000000e4   Code   RO          662    i.UI_DrawSystemSetScreen  ui_manager.o
    0x080031f8   0x080031f8   0x000000d8   Code   RO          663    i.UI_DrawWorkModeScreen  ui_manager.o
    0x080032d0   0x080032d0   0x00000024   Code   RO          664    i.UI_Init           ui_manager.o
    0x080032f4   0x080032f4   0x000000a4   Code   RO          665    i.UI_OnKeyLH        ui_manager.o
    0x08003398   0x08003398   0x00000124   Code   RO          666    i.UI_OnKeyLL        ui_manager.o
    0x080034bc   0x080034bc   0x00000002   Code   RO          667    i.UI_OnKeyMenu      ui_manager.o
    0x080034be   0x080034be   0x00000002   PAD
    0x080034c0   0x080034c0   0x00000054   Code   RO          668    i.UI_OnKeyRH        ui_manager.o
    0x08003514   0x08003514   0x0000012c   Code   RO          669    i.UI_OnKeyRL        ui_manager.o
    0x08003640   0x08003640   0x00000008   Code   RO          670    i.UI_Process        ui_manager.o
    0x08003648   0x08003648   0x0000007c   Code   RO          671    i.UI_Update         ui_manager.o
    0x080036c4   0x080036c4   0x00000134   Code   RO          672    i.UI_UpdateAlarmSetStatus  ui_manager.o
    0x080037f8   0x080037f8   0x00000070   Code   RO          673    i.UI_UpdateAutoLightStatus  ui_manager.o
    0x08003868   0x08003868   0x000002f4   Code   RO          674    i.UI_UpdateData     ui_manager.o
    0x08003b5c   0x08003b5c   0x000001cc   Code   RO          675    i.UI_UpdateDataReviewValue  ui_manager.o
    0x08003d28   0x08003d28   0x00000070   Code   RO          676    i.UI_UpdateEtCO2Status  ui_manager.o
    0x08003d98   0x08003d98   0x0000006c   Code   RO          677    i.UI_UpdateFilterStatus  ui_manager.o
    0x08003e04   0x08003e04   0x00000074   Code   RO          678    i.UI_UpdateGain     ui_manager.o
    0x08003e78   0x08003e78   0x0000005c   Code   RO          679    i.UI_UpdateGainValue  ui_manager.o
    0x08003ed4   0x08003ed4   0x0000008c   Code   RO          680    i.UI_UpdatePwm      ui_manager.o
    0x08003f60   0x08003f60   0x00000084   Code   RO          681    i.UI_UpdateRCalibValue  ui_manager.o
    0x08003fe4   0x08003fe4   0x000000ac   Code   RO          682    i.UI_UpdateSystemSetStatus  ui_manager.o
    0x08004090   0x08004090   0x0000003c   Code   RO          683    i.UI_UpdateWave     ui_manager.o
    0x080040cc   0x080040cc   0x00000078   Code   RO          684    i.UI_UpdateWorkModeStatus  ui_manager.o
    0x08004144   0x08004144   0x00000134   Code   RO          685    i.UI_WavePushSample  ui_manager.o
    0x08004278   0x08004278   0x00000060   Code   RO          686    i.UI_WaveReset      ui_manager.o
    0x080042d8   0x080042d8   0x0000006c   Code   RO          687    i.UI_WaveTrackDcAc  ui_manager.o
    0x08004344   0x08004344   0x0000009c   Code   RO         1216    i.USART0_IRQHandler  uart0.o
    0x080043e0   0x080043e0   0x0000007c   Code   RO         1110    i.USART1_IRQHandler  uart1.o
    0x0800445c   0x0800445c   0x00000004   Code   RO         2813    i.UsageFault_Handler  gd32f30x_it.o
    0x08004460   0x08004460   0x00000018   Code   RO         1217    i.WriteReceiveBuf   uart0.o
    0x08004478   0x08004478   0x00000014   Code   RO         1111    i.WriteReceiveBuf1  uart1.o
    0x0800448c   0x0800448c   0x00000020   Code   RO         3226    i.__0printf$8       mc_w.l(printf8.o)
    0x080044ac   0x080044ac   0x00000028   Code   RO         3228    i.__0sprintf$8      mc_w.l(printf8.o)
    0x080044d4   0x080044d4   0x0000000e   Code   RO         3394    i.__scatterload_copy  mc_w.l(handlers.o)
    0x080044e2   0x080044e2   0x00000002   Code   RO         3395    i.__scatterload_null  mc_w.l(handlers.o)
    0x080044e4   0x080044e4   0x0000000e   Code   RO         3396    i.__scatterload_zeroinit  mc_w.l(handlers.o)
    0x080044f2   0x080044f2   0x00000002   PAD
    0x080044f4   0x080044f4   0x00000410   Code   RO         3233    i._printf_core      mc_w.l(printf8.o)
    0x08004904   0x08004904   0x00000024   Code   RO         3234    i._printf_post_padding  mc_w.l(printf8.o)
    0x08004928   0x08004928   0x0000002e   Code   RO         3235    i._printf_pre_padding  mc_w.l(printf8.o)
    0x08004956   0x08004956   0x0000000a   Code   RO         3237    i._sputc            mc_w.l(printf8.o)
    0x08004960   0x08004960   0x00000018   Code   RO         1666    i.exti_flag_get     gd32f30x_exti.o
    0x08004978   0x08004978   0x000000b8   Code   RO         1667    i.exti_init         gd32f30x_exti.o
    0x08004a30   0x08004a30   0x00000010   Code   RO         1668    i.exti_interrupt_disable  gd32f30x_exti.o
    0x08004a40   0x08004a40   0x00000010   Code   RO         1669    i.exti_interrupt_enable  gd32f30x_exti.o
    0x08004a50   0x08004a50   0x0000000c   Code   RO         1670    i.exti_interrupt_flag_clear  gd32f30x_exti.o
    0x08004a5c   0x08004a5c   0x00000018   Code   RO         1333    i.fmc_wscnt_set     gd32f30x_fmc.o
    0x08004a74   0x08004a74   0x00000024   Code   RO         1220    i.fputc             uart0.o
    0x08004a98   0x08004a98   0x00000004   Code   RO         1535    i.gpio_bit_reset    gd32f30x_gpio.o
    0x08004a9c   0x08004a9c   0x00000004   Code   RO         1536    i.gpio_bit_set      gd32f30x_gpio.o
    0x08004aa0   0x08004aa0   0x0000000a   Code   RO         1537    i.gpio_bit_write    gd32f30x_gpio.o
    0x08004aaa   0x08004aaa   0x00000002   PAD
    0x08004aac   0x08004aac   0x00000098   Code   RO         1544    i.gpio_exti_source_select  gd32f30x_gpio.o
    0x08004b44   0x08004b44   0x000000bc   Code   RO         1545    i.gpio_init         gd32f30x_gpio.o
    0x08004c00   0x08004c00   0x00000010   Code   RO         1546    i.gpio_input_bit_get  gd32f30x_gpio.o
    0x08004c10   0x08004c10   0x00000008   Code   RO         1547    i.gpio_input_port_get  gd32f30x_gpio.o
    0x08004c18   0x08004c18   0x00000010   Code   RO         1548    i.gpio_output_bit_get  gd32f30x_gpio.o
    0x08004c28   0x08004c28   0x00000008   Code   RO         1549    i.gpio_output_port_get  gd32f30x_gpio.o
    0x08004c30   0x08004c30   0x00000004   Code   RO         1552    i.gpio_port_write   gd32f30x_gpio.o
    0x08004c34   0x08004c34   0x00000090   Code   RO          893    i.hr_update_smooth  spo2_algo.o
    0x08004cc4   0x08004cc4   0x0000007c   Code   RO          894    i.iir_bandpass_ir   spo2_algo.o
    0x08004d40   0x08004d40   0x0000007c   Code   RO          895    i.iir_bandpass_red  spo2_algo.o
    0x08004dbc   0x08004dbc   0x00000154   Code   RO            6    i.main              main.o
    0x08004f10   0x08004f10   0x000000c4   Code   RO         1749    i.nvic_irq_enable   gd32f30x_misc.o
    0x08004fd4   0x08004fd4   0x00000014   Code   RO         1750    i.nvic_priority_group_set  gd32f30x_misc.o
    0x08004fe8   0x08004fe8   0x00000004   Code   RO         3015    i.putc              mc_w.l(putc.o)
    0x08004fec   0x08004fec   0x00000018   Code   RO         1805    i.rcu_ahb_clock_config  gd32f30x_rcu.o
    0x08005004   0x08005004   0x00000018   Code   RO         1807    i.rcu_apb1_clock_config  gd32f30x_rcu.o
    0x0800501c   0x0800501c   0x00000018   Code   RO         1808    i.rcu_apb2_clock_config  gd32f30x_rcu.o
    0x08005034   0x08005034   0x00000158   Code   RO         1813    i.rcu_clock_freq_get  gd32f30x_rcu.o
    0x0800518c   0x0800518c   0x00000054   Code   RO         1815    i.rcu_deinit        gd32f30x_rcu.o
    0x080051e0   0x080051e0   0x00000024   Code   RO         1816    i.rcu_flag_get      gd32f30x_rcu.o
    0x08005204   0x08005204   0x00000020   Code   RO         1828    i.rcu_osci_on       gd32f30x_rcu.o
    0x08005224   0x08005224   0x00000110   Code   RO         1829    i.rcu_osci_stab_wait  gd32f30x_rcu.o
    0x08005334   0x08005334   0x00000020   Code   RO         1831    i.rcu_periph_clock_enable  gd32f30x_rcu.o
    0x08005354   0x08005354   0x00000020   Code   RO         1834    i.rcu_periph_reset_disable  gd32f30x_rcu.o
    0x08005374   0x08005374   0x00000020   Code   RO         1835    i.rcu_periph_reset_enable  gd32f30x_rcu.o
    0x08005394   0x08005394   0x00000020   Code   RO         1836    i.rcu_pll_config    gd32f30x_rcu.o
    0x080053b4   0x080053b4   0x00000018   Code   RO         1837    i.rcu_pllpresel_config  gd32f30x_rcu.o
    0x080053cc   0x080053cc   0x00000020   Code   RO         1838    i.rcu_predv0_config  gd32f30x_rcu.o
    0x080053ec   0x080053ec   0x00000018   Code   RO         1840    i.rcu_system_clock_source_config  gd32f30x_rcu.o
    0x08005404   0x08005404   0x00000010   Code   RO         1841    i.rcu_system_clock_source_get  gd32f30x_rcu.o
    0x08005414   0x08005414   0x00000218   Code   RO          896    i.spo2_calc_hr_period  spo2_algo.o
    0x0800562c   0x0800562c   0x000000b0   Code   RO          897    i.spo2_find_minmax_in_period  spo2_algo.o
    0x080056dc   0x080056dc   0x000000e8   Code   RO          898    i.spo2_update_history  spo2_algo.o
    0x080057c4   0x080057c4   0x00000110   Code   RO         2879    i.system_clock_120m_hxtal  system_gd32f30x.o
    0x080058d4   0x080058d4   0x00000008   Code   RO         2880    i.system_clock_config  system_gd32f30x.o
    0x080058dc   0x080058dc   0x000000dc   Code   RO         2083    i.timer_deinit      gd32f30x_timer.o
    0x080059b8   0x080059b8   0x0000000a   Code   RO         2088    i.timer_enable      gd32f30x_timer.o
    0x080059c2   0x080059c2   0x00000002   PAD
    0x080059c4   0x080059c4   0x00000098   Code   RO         2098    i.timer_init        gd32f30x_timer.o
    0x08005a5c   0x08005a5c   0x00000008   Code   RO         2105    i.timer_interrupt_enable  gd32f30x_timer.o
    0x08005a64   0x08005a64   0x00000006   Code   RO         2106    i.timer_interrupt_flag_clear  gd32f30x_timer.o
    0x08005a6a   0x08005a6a   0x00000018   Code   RO         2107    i.timer_interrupt_flag_get  gd32f30x_timer.o
    0x08005a82   0x08005a82   0x00000016   Code   RO         2118    i.timer_struct_para_init  gd32f30x_timer.o
    0x08005a98   0x08005a98   0x00000090   Code   RO         2493    i.usart_baudrate_set  gd32f30x_usart.o
    0x08005b28   0x08005b28   0x0000000a   Code   RO         2496    i.usart_data_receive  gd32f30x_usart.o
    0x08005b32   0x08005b32   0x00000008   Code   RO         2497    i.usart_data_transmit  gd32f30x_usart.o
    0x08005b3a   0x08005b3a   0x00000002   PAD
    0x08005b3c   0x08005b3c   0x00000090   Code   RO         2498    i.usart_deinit      gd32f30x_usart.o
    0x08005bcc   0x08005bcc   0x0000000a   Code   RO         2502    i.usart_enable      gd32f30x_usart.o
    0x08005bd6   0x08005bd6   0x0000001e   Code   RO         2504    i.usart_flag_get    gd32f30x_usart.o
    0x08005bf4   0x08005bf4   0x0000001a   Code   RO         2510    i.usart_interrupt_disable  gd32f30x_usart.o
    0x08005c0e   0x08005c0e   0x0000001a   Code   RO         2511    i.usart_interrupt_enable  gd32f30x_usart.o
    0x08005c28   0x08005c28   0x0000001a   Code   RO         2512    i.usart_interrupt_flag_clear  gd32f30x_usart.o
    0x08005c42   0x08005c42   0x00000038   Code   RO         2513    i.usart_interrupt_flag_get  gd32f30x_usart.o
    0x08005c7a   0x08005c7a   0x00000010   Code   RO         2524    i.usart_parity_config  gd32f30x_usart.o
    0x08005c8a   0x08005c8a   0x00000010   Code   RO         2526    i.usart_receive_config  gd32f30x_usart.o
    0x08005c9a   0x08005c9a   0x00000010   Code   RO         2536    i.usart_stop_bit_set  gd32f30x_usart.o
    0x08005caa   0x08005caa   0x00000010   Code   RO         2540    i.usart_transmit_config  gd32f30x_usart.o
    0x08005cba   0x08005cba   0x00000010   Code   RO         2541    i.usart_word_length_set  gd32f30x_usart.o
    0x08005cca   0x08005cca   0x000005f0   Data   RO          418    .constdata          lcd.o
    0x080062ba   0x080062ba   0x00000040   Data   RO         3390    .constdata          mc_w.l(ctype_c.o)
    0x080062fa   0x080062fa   0x00000002   PAD
    0x080062fc   0x080062fc   0x00000068   Data   RO          689    .conststring        ui_manager.o
    0x08006364   0x08006364   0x00000020   Data   RO         3392    Region$$Table       anon$$obj.o


    Execution Region RW_IRAM1 (Exec base: 0x20000000, Load base: 0x08006384, Size: 0x00002760, Max: 0x00010000, ABSOLUTE)

    Exec Addr    Load Addr    Size         Type   Attr      Idx    E Section Name        Object

    0x20000000   0x08006384   0x0000001e   Data   RW          250    .data               keyone.o
    0x2000001e   0x080063a2   0x00000004   Data   RW          419    .data               lcd.o
    0x20000022   0x080063a6   0x00000002   PAD
    0x20000024   0x080063a8   0x00000040   Data   RW          690    .data               ui_manager.o
    0x20000064   0x080063e8   0x0000002c   Data   RW          900    .data               spo2_algo.o
    0x20000090   0x08006414   0x00000006   Data   RW          991    .data               timer.o
    0x20000096   0x0800641a   0x00000002   PAD
    0x20000098   0x0800641c   0x00000011   Data   RW         1113    .data               uart1.o
    0x200000a9   0x0800642d   0x00000003   PAD
    0x200000ac   0x08006430   0x00000008   Data   RW         1222    .data               uart0.o
    0x200000b4   0x08006438   0x00000004   Data   RW         2881    .data               system_gd32f30x.o
    0x200000b8   0x0800643c   0x00000004   Data   RW         2956    .data               systick.o
    0x200000bc        -       0x0000000e   Zero   RW          417    .bss                lcd.o
    0x200000ca        -       0x0000000a   Zero   RW          688    .bss                ui_manager.o
    0x200000d4        -       0x00001934   Zero   RW          899    .bss                spo2_algo.o
    0x20001a08        -       0x00000860   Zero   RW         1112    .bss                uart1.o
    0x20002268        -       0x000000f4   Zero   RW         1221    .bss                uart0.o
    0x2000235c   0x08006440   0x00000004   PAD
    0x20002360        -       0x00000400   Zero   RW         2917    STACK               startup_gd32f30x_hd.o


==============================================================================

Image component sizes


      Code (inc. data)   RO Data    RW Data    ZI Data      Debug   Object Name

       252         26          0          0          0       2825   gd32f30x_exti.o
        24          6          0          0          0        524   gd32f30x_fmc.o
       410          6          0          0          0       6157   gd32f30x_gpio.o
        24          0          0          0          0       3740   gd32f30x_it.o
       216         20          0          0          0       1372   gd32f30x_misc.o
      1064        124          0          0          0       9737   gd32f30x_rcu.o
       442         40          0          0          0       4481   gd32f30x_timer.o
       560         16          0          0          0       9108   gd32f30x_usart.o
      1160         94          0         30          0       5681   keyone.o
      2608        202       1520          4         14      17502   lcd.o
       200         20          0          0          0       2380   led.o
       414        144          0          0          0      67583   main.o
        20          0          0          0          0        895   nvic.o
        76         18          0          0          0       5257   prockeyone.o
       190          0          0          0          0       3205   queue.o
       112          0          0          0          0       1002   rcu.o
      2152        258          0         44       6452      10476   spo2_algo.o
        36          8        304          0       1024        836   startup_gd32f30x_hd.o
       360         30          0          4          0       1843   system_gd32f30x.o
       160         24          0          4          0      28758   systick.o
       368         54          0          6          0       4866   timer.o
       508         76          0          8        244      33437   uart0.o
      1186        160          0         17       2144       9376   uart1.o
      8008       2132        104         64         10      25606   ui_manager.o

    ----------------------------------------------------------------------
     20574       3458       1960        188       9892     256647   Object Totals
         0          0         32          0          0          0   (incl. Generated)
        24          0          0          7          4          0   (incl. Padding)

    ----------------------------------------------------------------------

      Code (inc. data)   RO Data    RW Data    ZI Data      Debug   Library Member Name

        56          8          0          0          0         84   __0sscanf.o
        28          0          0          0          0         68   _chval.o
       812          4          0          0          0        112   _scanf.o
       332          0          0          0          0         96   _scanf_int.o
        64          0          0          0          0         84   _sgetc.o
        40          6         64          0          0         68   ctype_c.o
         0          0          0          0          0          0   entry.o
         0          0          0          0          0          0   entry10a.o
         0          0          0          0          0          0   entry11a.o
         8          4          0          0          0          0   entry2.o
         4          0          0          0          0          0   entry5.o
         0          0          0          0          0          0   entry7b.o
         0          0          0          0          0          0   entry8b.o
         8          4          0          0          0          0   entry9a.o
        30          0          0          0          0          0   handlers.o
        36          8          0          0          0         68   init.o
        10          0          0          0          0         68   isspace_c.o
        30          0          0          0          0         68   llshl.o
        32          0          0          0          0         68   llushr.o
        36          0          0          0          0        108   memseta.o
      1204         60          0          0          0        504   printf8.o
         4          0          0          0          0         68   putc.o
        40          8          0          0          0         84   scanf_char.o
        98          0          0          0          0         92   uldiv.o

    ----------------------------------------------------------------------
      2876        102         66          0          0       1640   Library Totals
         4          0          2          0          0          0   (incl. Padding)

    ----------------------------------------------------------------------

      Code (inc. data)   RO Data    RW Data    ZI Data      Debug   Library Name

      2872        102         64          0          0       1640   mc_w.l

    ----------------------------------------------------------------------
      2876        102         66          0          0       1640   Library Totals

    ----------------------------------------------------------------------

==============================================================================


      Code (inc. data)   RO Data    RW Data    ZI Data      Debug   

     23450       3560       2026        188       9892     237559   Grand Totals
     23450       3560       2026        188       9892     237559   ELF Image Totals
     23450       3560       2026        188          0          0   ROM Totals

==============================================================================

    Total RO  Size (Code + RO Data)                25476 (  24.88kB)
    Total RW  Size (RW Data + ZI Data)             10080 (   9.84kB)
    Total ROM Size (Code + RO Data + RW Data)      25664 (  25.06kB)

==============================================================================

