Component: ARM Compiler 5.06 update 6 (build 750) Tool: armlink [4d35ed]

==============================================================================

Section Cross References

    main.o(i.InitHardware) refers to system_gd32f30x.o(i.SystemInit) for SystemInit
    main.o(i.InitHardware) refers to power.o(i.Power_BootstrapHold) for Power_BootstrapHold
    main.o(i.InitHardware) refers to rcu.o(i.InitRCU) for InitRCU
    main.o(i.InitHardware) refers to nvic.o(i.InitNVIC) for InitNVIC
    main.o(i.InitHardware) refers to power.o(i.Power_Init) for Power_Init
    main.o(i.InitHardware) refers to uart0.o(i.InitUART0) for InitUART0
    main.o(i.InitHardware) refers to timer.o(i.InitTimer) for InitTimer
    main.o(i.InitHardware) refers to led.o(i.InitLED) for InitLED
    main.o(i.InitHardware) refers to systick.o(i.InitSysTick) for InitSysTick
    main.o(i.InitHardware) refers to uart1.o(i.InitUART1) for InitUART1
    main.o(i.InitHardware) refers to keyone.o(i.InitKeyOne) for InitKeyOne
    main.o(i.InitHardware) refers to prockeyone.o(i.InitProcKeyOne) for InitProcKeyOne
    main.o(i.InitHardware) refers to lcd.o(i.LCD_Init) for LCD_Init
    main.o(i.InitHardware) refers to ui_manager.o(i.UI_Init) for UI_Init
    main.o(i.InitHardware) refers to spo2_algo.o(i.SPO2_Algo_Init) for SPO2_Algo_Init
    main.o(i.InitHardware) refers to speaker.o(i.Speaker_Init) for Speaker_Init
    main.o(i.Proc1SecTask) refers to led.o(i.LED3_Toggle) for LED3_Toggle
    main.o(i.main) refers to main.o(i.InitHardware) for InitHardware
    main.o(i.main) refers to main.o(i.InitSoftware) for InitSoftware
    main.o(i.main) refers to printf8.o(i.__0printf$8) for __2printf
    main.o(i.main) refers to timer.o(i.Get2msFlag) for Get2msFlag
    main.o(i.main) refers to keyone.o(i.KeyOne_2msTask) for KeyOne_2msTask
    main.o(i.main) refers to speaker.o(i.Speaker_2msTask) for Speaker_2msTask
    main.o(i.main) refers to power.o(i.Power_CheckKey) for Power_CheckKey
    main.o(i.main) refers to timer.o(i.Clr2msFlag) for Clr2msFlag
    main.o(i.main) refers to power.o(i.Power_Process) for Power_Process
    main.o(i.main) refers to uart1.o(i.UART1_ProcessSPO2Data) for UART1_ProcessSPO2Data
    main.o(i.main) refers to ui_manager.o(i.UI_UpdatePwm) for UI_UpdatePwm
    main.o(i.main) refers to ui_manager.o(i.UI_UpdateGain) for UI_UpdateGain
    main.o(i.main) refers to ui_manager.o(i.UI_UpdateWave) for UI_UpdateWave
    main.o(i.main) refers to ui_manager.o(i.UI_UpdateData) for UI_UpdateData
    main.o(i.main) refers to spo2_algo.o(i.SPO2_Algo_Process) for SPO2_Algo_Process
    main.o(i.main) refers to spo2_algo.o(i.SPO2_Algo_PopAnomalyFlag) for SPO2_Algo_PopAnomalyFlag
    main.o(i.main) refers to spo2_algo.o(i.SPO2_Algo_GetResult) for SPO2_Algo_GetResult
    main.o(i.main) refers to timer.o(i.Get1SecFlag) for Get1SecFlag
    main.o(i.main) refers to main.o(i.Proc1SecTask) for Proc1SecTask
    main.o(i.main) refers to timer.o(i.Clr1SecFlag) for Clr1SecFlag
    main.o(i.main) refers to ui_manager.o(i.UI_Process) for UI_Process
    main.o(i.main) refers to uart1.o(.data) for g_u8Uart1UpdateFlag
    main.o(i.main) refers to uart1.o(.bss) for g_spo2Data
    led.o(i.ConfigLEDGPIO) refers to gd32f30x_rcu.o(i.rcu_periph_clock_enable) for rcu_periph_clock_enable
    led.o(i.ConfigLEDGPIO) refers to gd32f30x_gpio.o(i.gpio_init) for gpio_init
    led.o(i.ConfigLEDGPIO) refers to gd32f30x_gpio.o(i.gpio_bit_reset) for gpio_bit_reset
    led.o(i.InitLED) refers to led.o(i.ConfigLEDGPIO) for ConfigLEDGPIO
    led.o(i.LED1_Toggle) refers to gd32f30x_gpio.o(i.gpio_output_bit_get) for gpio_output_bit_get
    led.o(i.LED1_Toggle) refers to gd32f30x_gpio.o(i.gpio_bit_write) for gpio_bit_write
    led.o(i.LED2_Toggle) refers to gd32f30x_gpio.o(i.gpio_output_bit_get) for gpio_output_bit_get
    led.o(i.LED2_Toggle) refers to gd32f30x_gpio.o(i.gpio_bit_write) for gpio_bit_write
    led.o(i.LED3_Toggle) refers to gd32f30x_gpio.o(i.gpio_output_bit_get) for gpio_output_bit_get
    led.o(i.LED3_Toggle) refers to gd32f30x_gpio.o(i.gpio_bit_write) for gpio_bit_write
    keyone.o(i.ConfigKeyOneGPIO) refers to gd32f30x_rcu.o(i.rcu_periph_clock_enable) for rcu_periph_clock_enable
    keyone.o(i.ConfigKeyOneGPIO) refers to gd32f30x_gpio.o(i.gpio_init) for gpio_init
    keyone.o(i.ConfigKeyOneGPIO) refers to gd32f30x_gpio.o(i.gpio_exti_source_select) for gpio_exti_source_select
    keyone.o(i.ConfigKeyOneGPIO) refers to gd32f30x_exti.o(i.exti_init) for exti_init
    keyone.o(i.ConfigKeyOneGPIO) refers to gd32f30x_exti.o(i.exti_interrupt_flag_clear) for exti_interrupt_flag_clear
    keyone.o(i.ConfigKeyOneGPIO) refers to gd32f30x_misc.o(i.nvic_irq_enable) for nvic_irq_enable
    keyone.o(i.EXTI10_15_IRQHandler) refers to gd32f30x_exti.o(i.exti_flag_get) for exti_flag_get
    keyone.o(i.EXTI10_15_IRQHandler) refers to gd32f30x_exti.o(i.exti_interrupt_flag_clear) for exti_interrupt_flag_clear
[...]
    i.rcu_periph_reset_disable               0x08006da4   Section        0  gd32f30x_rcu.o(i.rcu_periph_reset_disable)
    i.rcu_periph_reset_enable                0x08006dc4   Section        0  gd32f30x_rcu.o(i.rcu_periph_reset_enable)
    i.rcu_pll_config                         0x08006de4   Section        0  gd32f30x_rcu.o(i.rcu_pll_config)
    i.rcu_pllpresel_config                   0x08006e04   Section        0  gd32f30x_rcu.o(i.rcu_pllpresel_config)
    i.rcu_predv0_config                      0x08006e1c   Section        0  gd32f30x_rcu.o(i.rcu_predv0_config)
    i.rcu_system_clock_source_config         0x08006e3c   Section        0  gd32f30x_rcu.o(i.rcu_system_clock_source_config)
    i.rcu_system_clock_source_get            0x08006e54   Section        0  gd32f30x_rcu.o(i.rcu_system_clock_source_get)
    i.spo2_calc_hr_period                    0x08006e64   Section        0  spo2_algo.o(i.spo2_calc_hr_period)
    spo2_calc_hr_period                      0x08006e65   Thumb Code   642  spo2_algo.o(i.spo2_calc_hr_period)
    i.spo2_find_minmax_in_period             0x080070f0   Section        0  spo2_algo.o(i.spo2_find_minmax_in_period)
    spo2_find_minmax_in_period               0x080070f1   Thumb Code   170  spo2_algo.o(i.spo2_find_minmax_in_period)
    i.spo2_is_dropout_by_ac                  0x080071a0   Section        0  spo2_algo.o(i.spo2_is_dropout_by_ac)
    spo2_is_dropout_by_ac                    0x080071a1   Thumb Code   114  spo2_algo.o(i.spo2_is_dropout_by_ac)
    i.spo2_simple_iir_filter                 0x0800721c   Section        0  spo2_algo.o(i.spo2_simple_iir_filter)
    spo2_simple_iir_filter                   0x0800721d   Thumb Code    88  spo2_algo.o(i.spo2_simple_iir_filter)
    i.spo2_update_history                    0x0800727c   Section        0  spo2_algo.o(i.spo2_update_history)
    spo2_update_history                      0x0800727d   Thumb Code   204  spo2_algo.o(i.spo2_update_history)
    i.system_clock_120m_hxtal                0x08007364   Section        0  system_gd32f30x.o(i.system_clock_120m_hxtal)
    system_clock_120m_hxtal                  0x08007365   Thumb Code   256  system_gd32f30x.o(i.system_clock_120m_hxtal)
    i.system_clock_config                    0x08007474   Section        0  system_gd32f30x.o(i.system_clock_config)
    system_clock_config                      0x08007475   Thumb Code     8  system_gd32f30x.o(i.system_clock_config)
    i.timer_deinit                           0x0800747c   Section        0  gd32f30x_timer.o(i.timer_deinit)
    i.timer_enable                           0x08007558   Section        0  gd32f30x_timer.o(i.timer_enable)
    i.timer_init                             0x08007564   Section        0  gd32f30x_timer.o(i.timer_init)
    i.timer_interrupt_enable                 0x080075fc   Section        0  gd32f30x_timer.o(i.timer_interrupt_enable)
    i.timer_interrupt_flag_clear             0x08007604   Section        0  gd32f30x_timer.o(i.timer_interrupt_flag_clear)
    i.timer_interrupt_flag_get               0x0800760a   Section        0  gd32f30x_timer.o(i.timer_interrupt_flag_get)
    i.timer_struct_para_init                 0x08007622   Section        0  gd32f30x_timer.o(i.timer_struct_para_init)
    i.usart_baudrate_set                     0x08007638   Section        0  gd32f30x_usart.o(i.usart_baudrate_set)
    i.usart_data_receive                     0x080076c8   Section        0  gd32f30x_usart.o(i.usart_data_receive)
    i.usart_data_transmit                    0x080076d2   Section        0  gd32f30x_usart.o(i.usart_data_transmit)
    i.usart_deinit                           0x080076dc   Section        0  gd32f30x_usart.o(i.usart_deinit)
    i.usart_enable                           0x0800776c   Section        0  gd32f30x_usart.o(i.usart_enable)
    i.usart_flag_get                         0x08007776   Section        0  gd32f30x_usart.o(i.usart_flag_get)
    i.usart_interrupt_disable                0x08007794   Section        0  gd32f30x_usart.o(i.usart_interrupt_disable)
    i.usart_interrupt_enable                 0x080077ae   Section        0  gd32f30x_usart.o(i.usart_interrupt_enable)
    i.usart_interrupt_flag_clear             0x080077c8   Section        0  gd32f30x_usart.o(i.usart_interrupt_flag_clear)
    i.usart_interrupt_flag_get               0x080077e2   Section        0  gd32f30x_usart.o(i.usart_interrupt_flag_get)
    i.usart_parity_config                    0x0800781a   Section        0  gd32f30x_usart.o(i.usart_parity_config)
    i.usart_receive_config                   0x0800782a   Section        0  gd32f30x_usart.o(i.usart_receive_config)
    i.usart_stop_bit_set                     0x0800783a   Section        0  gd32f30x_usart.o(i.usart_stop_bit_set)
    i.usart_transmit_config                  0x0800784a   Section        0  gd32f30x_usart.o(i.usart_transmit_config)
    i.usart_word_length_set                  0x0800785a   Section        0  gd32f30x_usart.o(i.usart_word_length_set)
    .constdata                               0x0800786a   Section     1520  lcd.o(.constdata)
    .constdata                               0x08007e5a   Section        4  ui_manager.o(.constdata)
    s_demoScanDirList                        0x08007e5a   Data           4  ui_manager.o(.constdata)
    .constdata                               0x08007e5e   Section       64  ctype_c.o(.constdata)
    .conststring                             0x08007ea0   Section      116  ui_manager.o(.conststring)
    .data                                    0x20000000   Section       30  keyone.o(.data)
    s_keyState                               0x20000014   Data           5  keyone.o(.data)
    s_keyStableCnt                           0x20000019   Data           5  keyone.o(.data)
    .data                                    0x2000001e   Section        4  lcd.o(.data)
    .data                                    0x20000024   Section       96  ui_manager.o(.data)
    s_waveMin                                0x20000024   Data           2  ui_manager.o(.data)
    s_waveMax                                0x20000026   Data           2  ui_manager.o(.data)
    s_waveDispMin                            0x20000028   Data           2  ui_manager.o(.data)
    s_waveDispMax                            0x2000002a   Data           2  ui_manager.o(.data)
    s_uiState                                0x2000002c   Data           1  ui_manager.o(.data)
    s_settingsIndex                          0x2000002d   Data           1  ui_manager.o(.data)
    s_needRefresh                            0x2000002e   Data           1  ui_manager.o(.data)
    s_autoLightEnable                        0x2000002f   Data           1  ui_manager.o(.data)
    s_workMode                               0x20000030   Data           1  ui_manager.o(.data)
    s_alarmProfile                           0x20000031   Data           1  ui_manager.o(.data)
    s_etco2Enable                            0x20000032   Data           1  ui_manager.o(.data)
    s_systemBrightness                       0x20000033   Data           1  ui_manager.o(.data)
    s_systemBeepEnable                       0x20000034   Data           1  ui_manager.o(.data)
    s_dataReviewPage                         0x20000035   Data           1  ui_manager.o(.data)
    s_wavePlotInited                         0x20000036   Data           1  ui_manager.o(.data)
    s_waveXPos                               0x20000038   Data           2  ui_manager.o(.data)
    s_wavePrevYRed                           0x2000003a   Data           2  ui_manager.o(.data)
    s_wavePrevYIr                            0x2000003c   Data           2  ui_manager.o(.data)
    s_waveDecimCnt                           0x2000003e   Data           1  ui_manager.o(.data)
    s_demoNoiseEnable                        0x2000003f   Data           1  ui_manager.o(.data)
    s_demoDriftEnable                        0x20000040   Data           1  ui_manager.o(.data)
    s_demoDriftVal                           0x20000042   Data           2  ui_manager.o(.data)
    s_demoDriftStep                          0x20000044   Data           1  ui_manager.o(.data)
    s_lfsr                                   0x20000046   Data           2  ui_manager.o(.data)
    s_demoFilterMode                         0x20000048   Data           1  ui_manager.o(.data)
    s_demoScanDirIndex                       0x20000049   Data           1  ui_manager.o(.data)
    s_fingerOff                              0x2000004a   Data           1  ui_manager.o(.data)
    s_alarmSwitch                            0x2000004b   Data           1  ui_manager.o(.data)
    s_alarmActive                            0x2000004c   Data           1  ui_manager.o(.data)
    s_alarmVolume                            0x2000004d   Data           1  ui_manager.o(.data)
    s_alarmMode                              0x2000004e   Data           1  ui_manager.o(.data)
    s_waveX                                  0x20000050   Data           2  ui_manager.o(.data)
    s_waveY                                  0x20000052   Data           2  ui_manager.o(.data)
    s_waveW                                  0x20000054   Data           2  ui_manager.o(.data)
    s_waveH                                  0x20000056   Data           2  ui_manager.o(.data)
    s_waveXStep                              0x20000058   Data           2  ui_manager.o(.data)
    s_waveDecimCntMax                        0x2000005a   Data           2  ui_manager.o(.data)
    s_settingsItems                          0x2000005c   Data          40  ui_manager.o(.data)
    .data                                    0x20000084   Section       40  spo2_algo.o(.data)
    wave_head                                0x20000084   Data           2  spo2_algo.o(.data)
    wave_len                                 0x20000086   Data           2  spo2_algo.o(.data)
    wave_process_cnt                         0x20000088   Data           2  spo2_algo.o(.data)
    g_calc_ready                             0x2000008a   Data           1  spo2_algo.o(.data)
    g_abnormal_segment_flag                  0x2000008b   Data           1  spo2_algo.o(.data)
    g_last_ac                                0x2000008c   Data           4  spo2_algo.o(.data)
    hr_hist_index                            0x20000090   Data           1  spo2_algo.o(.data)
    hr_hist_count                            0x20000091   Data           1  spo2_algo.o(.data)
    s_hist_count                             0x20000092   Data           1  spo2_algo.o(.data)
    s_hist_index                             0x20000093   Data           1  spo2_algo.o(.data)
    s_red_filter_out                         0x20000094   Data           4  spo2_algo.o(.data)
    s_ir_filter_out                          0x20000098   Data           4  spo2_algo.o(.data)
    s_demo_iir_y                             0x2000009c   Data           4  spo2_algo.o(.data)
    s_demo_drift_baseline                    0x200000a0   Data           4  spo2_algo.o(.data)
    s_demo_med_buf                           0x200000a4   Data           6  spo2_algo.o(.data)
    s_demo_med_idx                           0x200000aa   Data           1  spo2_algo.o(.data)
    s_demo_inited                            0x200000ab   Data           1  spo2_algo.o(.data)
    .data                                    0x200000ac   Section        5  speaker.o(.data)
    s_active                                 0x200000ac   Data           1  speaker.o(.data)
    s_volume                                 0x200000ad   Data           1  speaker.o(.data)
    s_amp                                    0x200000ae   Data           2  speaker.o(.data)
    s_toggle                                 0x200000b0   Data           1  speaker.o(.data)
    .data                                    0x200000b2   Section       13  power.o(.data)
    s_powerState                             0x200000b2   Data           1  power.o(.data)
    s_keyDebounceCnt                         0x200000b3   Data           1  power.o(.data)
    s_keyIsChecking                          0x200000b4   Data           1  power.o(.data)
    s_keyHoldTicks                           0x200000b6   Data           2  power.o(.data)
    s_ignoreUntilRelease                     0x200000b8   Data           1  power.o(.data)
    s_batAdcVal                              0x200000ba   Data           2  power.o(.data)
    s_usbAdcVal                              0x200000bc   Data           2  power.o(.data)
    s_adcCh                                  0x200000be   Data           1  power.o(.data)
    .data                                    0x200000c0   Section        6  timer.o(.data)
    s_i2msFlag                               0x200000c0   Data           1  timer.o(.data)
    s_i1secFlag                              0x200000c1   Data           1  timer.o(.data)
    s_iCnt2                                  0x200000c2   Data           2  timer.o(.data)
    s_iCnt1000                               0x200000c4   Data           2  timer.o(.data)
    .data                                    0x200000c6   Section       17  uart1.o(.data)
    s_u8UART1MonPos                          0x200000cf   Data           1  uart1.o(.data)
    s_u8UART1MonCount                        0x200000d0   Data           1  uart1.o(.data)
    s_waveFilterEnable                       0x200000d1   Data           1  uart1.o(.data)
    s_uart1RxOverflow                        0x200000d2   Data           1  uart1.o(.data)
    s_parseState                             0x200000d3   Data           1  uart1.o(.data)
    s_packetIndex                            0x200000d4   Data           1  uart1.o(.data)
    s_packetLen                              0x200000d5   Data           1  uart1.o(.data)
    s_waveIdx                                0x200000d6   Data           1  uart1.o(.data)
    .data                                    0x200000d8   Section        8  uart0.o(.data)
    s_iUARTTxSts                             0x200000dc   Data           1  uart0.o(.data)
    s_parseState                             0x200000dd   Data           1  uart0.o(.data)
    s_packetIndex                            0x200000de   Data           1  uart0.o(.data)
    s_packetLen                              0x200000df   Data           1  uart0.o(.data)
    .data                                    0x200000e0   Section        4  system_gd32f30x.o(.data)
    .data                                    0x200000e4   Section        4  systick.o(.data)
    s_iTimDelayCnt                           0x200000e4   Data           4  systick.o(.data)
    .bss                                     0x200000e8   Section       14  lcd.o(.bss)
    .bss                                     0x200000f6   Section       10  ui_manager.o(.bss)
    s_curData                                0x200000f6   Data          10  ui_manager.o(.bss)
    .bss                                     0x20000100   Section     6452  spo2_algo.o(.bss)
    red_wave_buf                             0x20000100   Data        3200  spo2_algo.o(.bss)
    ir_wave_buf                              0x20000d80   Data        3200  spo2_algo.o(.bss)
    g_result                                 0x20001a00   Data          12  spo2_algo.o(.bss)
    hr_result_hist                           0x20001a0c   Data          10  spo2_algo.o(.bss)
    s_spo2_hist                              0x20001a16   Data          10  spo2_algo.o(.bss)
    s_pi_ir_hist                             0x20001a20   Data          10  spo2_algo.o(.bss)
    s_r_hist                                 0x20001a2a   Data          10  spo2_algo.o(.bss)
    .bss                                     0x20001a34   Section     2154  uart1.o(.bss)
    s_structUART1RecCirQue                   0x20001a34   Data          12  uart1.o(.bss)
    s_arrUART1RecBuf                         0x20001a40   Data        2048  uart1.o(.bss)
    s_spo2Data                               0x20002240   Data          10  uart1.o(.bss)
    s_arrUART1MonBuf                         0x20002254   Data          32  uart1.o(.bss)
    s_packetBuffer                           0x20002274   Data          10  uart1.o(.bss)
    s_waveBuf                                0x2000227e   Data          32  uart1.o(.bss)
    .bss                                     0x200022a0   Section      244  uart0.o(.bss)
    s_structUARTSendCirQue                   0x200022a0   Data          12  uart0.o(.bss)
    s_structUARTRecCirQue                    0x200022ac   Data          12  uart0.o(.bss)
    s_arrSendBuf                             0x200022b8   Data         100  uart0.o(.bss)
    s_arrRecBuf                              0x2000231c   Data         100  uart0.o(.bss)
    s_spo2Data                               0x20002380   Data          10  uart0.o(.bss)
    s_packetBuffer                           0x2000238a   Data          10  uart0.o(.bss)
    STACK                                    0x20002398   Section     1024  startup_gd32f30x_hd.o(STACK)

    Global Symbols

    Symbol Name                              Value     Ov Type        Size  Object(Section)

    BuildAttributes$$THM_ISAv4$E$P$D$K$B$S$7EM$VFPi3$EXTD16$VFPS$VFMA$PE$A:L22UL41UL21$X:L11$S22US41US21$IEEE1$IW$USESV6$~STKCKD$USESV7$~SHL$OTIME$ROPI$IEEEX$EBA8$MICROLIB$REQ8$PRES8$EABIv2 0x00000000   Number         0  anon$$obj.o ABSOLUTE
    __ARM_use_no_argv                        0x00000000   Number         0  main.o ABSOLUTE
    __use_no_errno                           0x00000000   Number         0  useno.o ABSOLUTE
    __use_no_exception_handling              0x00000000   Number         0  useno.o ABSOLUTE
    __use_no_fp                              0x00000000   Number         0  useno.o ABSOLUTE
    __use_no_heap                            0x00000000   Number         0  useno.o ABSOLUTE
    __use_no_heap_region                     0x00000000   Number         0  useno.o ABSOLUTE
    __use_no_semihosting                     0x00000000   Number         0  useno.o ABSOLUTE
    __use_no_semihosting_swi                 0x00000000   Number         0  useno.o ABSOLUTE
    __use_no_signal_handling                 0x00000000   Number         0  useno.o ABSOLUTE
    _printf_a                                0x00000000   Number         0  stubs.o ABSOLUTE
    _printf_c                                0x00000000   Number         0  stubs.o ABSOLUTE
    _printf_charcount                        0x00000000   Number         0  stubs.o ABSOLUTE
    _printf_d                                0x00000000   Number         0  stubs.o ABSOLUTE
    _printf_e                                0x00000000   Number         0  stubs.o ABSOLUTE
    _printf_f                                0x00000000   Number         0  stubs.o ABSOLUTE
    _printf_flags                            0x00000000   Number         0  stubs.o ABSOLUTE
    _printf_fp_dec                           0x00000000   Number         0  stubs.o ABSOLUTE
    _printf_fp_hex                           0x00000000   Number         0  stubs.o ABSOLUTE
    _printf_g                                0x00000000   Number         0  stubs.o ABSOLUTE
    _printf_i                                0x00000000   Number         0  stubs.o ABSOLUTE
    _printf_int_dec                          0x00000000   Number         0  stubs.o ABSOLUTE
    _printf_l                                0x00000000   Number         0  stubs.o ABSOLUTE
    _printf_lc                               0x00000000   Number         0  stubs.o ABSOLUTE
    _printf_ll                               0x00000000   Number         0  stubs.o ABSOLUTE
    _printf_lld                              0x00000000   Number         0  stubs.o ABSOLUTE
    _printf_lli                              0x00000000   Number         0  stubs.o ABSOLUTE
    _printf_llo                              0x00000000   Number         0  stubs.o ABSOLUTE
    _printf_llu                              0x00000000   Number         0  stubs.o ABSOLUTE
    _printf_llx                              0x00000000   Number         0  stubs.o ABSOLUTE
    _printf_longlong_dec                     0x00000000   Number         0  stubs.o ABSOLUTE
    _printf_longlong_hex                     0x00000000   Number         0  stubs.o ABSOLUTE
    _printf_longlong_oct                     0x00000000   Number         0  stubs.o ABSOLUTE
    _printf_ls                               0x00000000   Number         0  stubs.o ABSOLUTE
    _printf_mbtowc                           0x00000000   Number         0  stubs.o ABSOLUTE
    _printf_n                                0x00000000   Number         0  stubs.o ABSOLUTE
    _printf_o                                0x00000000   Number         0  stubs.o ABSOLUTE
    _printf_p                                0x00000000   Number         0  stubs.o ABSOLUTE
    _printf_percent                          0x00000000   Number         0  stubs.o ABSOLUTE
    _printf_pre_padding                      0x00000000   Number         0  stubs.o ABSOLUTE
    _printf_return_value                     0x00000000   Number         0  stubs.o ABSOLUTE
    _printf_s                                0x00000000   Number         0  stubs.o ABSOLUTE
    _printf_sizespec                         0x00000000   Number         0  stubs.o ABSOLUTE
    _printf_str                              0x00000000   Number         0  stubs.o ABSOLUTE
    _printf_truncate_signed                  0x00000000   Number         0  stubs.o ABSOLUTE
    _printf_truncate_unsigned                0x00000000   Number         0  stubs.o ABSOLUTE
    _printf_u                                0x00000000   Number         0  stubs.o ABSOLUTE
    _printf_wc                               0x00000000   Number         0  stubs.o ABSOLUTE
    _printf_wctomb                           0x00000000   Number         0  stubs.o ABSOLUTE
    _printf_widthprec                        0x00000000   Number         0  stubs.o ABSOLUTE
    _printf_x                                0x00000000   Number         0  stubs.o ABSOLUTE
    __cpp_initialize__aeabi_                  - Undefined Weak Reference
    __cxa_finalize                            - Undefined Weak Reference
    __decompress                              - Undefined Weak Reference
    _clock_init                               - Undefined Weak Reference
    _microlib_exit                            - Undefined Weak Reference
    _scanf_longlong                           - Undefined Weak Reference
    _scanf_real                               - Undefined Weak Reference
    _scanf_string                             - Undefined Weak Reference
    __Vectors_Size                           0x00000130   Number         0  startup_gd32f30x_hd.o ABSOLUTE
    __Vectors                                0x08000000   Data           4  startup_gd32f30x_hd.o(RESET)
    __Vectors_End                            0x08000130   Data           0  startup_gd32f30x_hd.o(RESET)
    __main                                   0x08000131   Thumb Code     0  entry.o(.ARM.Collect$$$$00000000)
    _main_stk                                0x08000131   Thumb Code     0  entry2.o(.ARM.Collect$$$$00000001)
    _main_scatterload                        0x08000135   Thumb Code     0  entry5.o(.ARM.Collect$$$$00000004)
    __main_after_scatterload                 0x08000139   Thumb Code     0  entry5.o(.ARM.Collect$$$$00000004)
    _main_clock                              0x08000139   Thumb Code     0  entry7b.o(.ARM.Collect$$$$00000008)
    _main_cpp_init                           0x08000139   Thumb Code     0  entry8b.o(.ARM.Collect$$$$0000000A)
    _main_init                               0x08000139   Thumb Code     0  entry9a.o(.ARM.Collect$$$$0000000B)
    __rt_final_cpp                           0x08000141   Thumb Code     0  entry10a.o(.ARM.Collect$$$$0000000D)
    __rt_final_exit                          0x08000141   Thumb Code     0  entry11a.o(.ARM.Collect$$$$0000000F)
    Reset_Handler                            0x08000145   Thumb Code     8  startup_gd32f30x_hd.o(.text)
    ADC0_1_IRQHandler                        0x0800015f   Thumb Code     0  startup_gd32f30x_hd.o(.text)
    ADC2_IRQHandler                          0x0800015f   Thumb Code     0  startup_gd32f30x_hd.o(.text)
    CAN0_EWMC_IRQHandler                     0x0800015f   Thumb Code     0  startup_gd32f30x_hd.o(.text)
    CAN0_RX1_IRQHandler                      0x0800015f   Thumb Code     0  startup_gd32f30x_hd.o(.text)
    DMA0_Channel0_IRQHandler                 0x0800015f   Thumb Code     0  startup_gd32f30x_hd.o(.text)
    DMA0_Channel1_IRQHandler                 0x0800015f   Thumb Code     0  startup_gd32f30x_hd.o(.text)
    DMA0_Channel2_IRQHandler                 0x0800015f   Thumb Code     0  startup_gd32f30x_hd.o(.text)
    DMA0_Channel3_IRQHandler                 0x0800015f   Thumb Code     0  startup_gd32f30x_hd.o(.text)
    DMA0_Channel4_IRQHandler                 0x0800015f   Thumb Code     0  startup_gd32f30x_hd.o(.text)
    DMA0_Channel5_IRQHandler                 0x0800015f   Thumb Code     0  startup_gd32f30x_hd.o(.text)
    DMA0_Channel6_IRQHandler                 0x0800015f   Thumb Code     0  startup_gd32f30x_hd.o(.text)
    DMA1_Channel0_IRQHandler                 0x0800015f   Thumb Code     0  startup_gd32f30x_hd.o(.text)
    DMA1_Channel1_IRQHandler                 0x0800015f   Thumb Code     0  startup_gd32f30x_hd.o(.text)
    DMA1_Channel2_IRQHandler                 0x0800015f   Thumb Code     0  startup_gd32f30x_hd.o(.text)
    DMA1_Channel3_4_IRQHandler               0x0800015f   Thumb Code     0  startup_gd32f30x_hd.o(.text)
    EXMC_IRQHandler                          0x0800015f   Thumb Code     0  startup_gd32f30x_hd.o(.text)
    EXTI0_IRQHandler                         0x0800015f   Thumb Code     0  startup_gd32f30x_hd.o(.text)
    EXTI1_IRQHandler                         0x0800015f   Thumb Code     0  startup_gd32f30x_hd.o(.text)
    EXTI2_IRQHandler                         0x0800015f   Thumb Code     0  startup_gd32f30x_hd.o(.text)
    FMC_IRQHandler                           0x0800015f   Thumb Code     0  startup_gd32f30x_hd.o(.text)
    I2C0_ER_IRQHandler                       0x0800015f   Thumb Code     0  startup_gd32f30x_hd.o(.text)
    I2C0_EV_IRQHandler                       0x0800015f   Thumb Code     0  startup_gd32f30x_hd.o(.text)
    I2C1_ER_IRQHandler                       0x0800015f   Thumb Code     0  startup_gd32f30x_hd.o(.text)
    I2C1_EV_IRQHandler                       0x0800015f   Thumb Code     0  startup_gd32f30x_hd.o(.text)
    LVD_IRQHandler                           0x0800015f   Thumb Code     0  startup_gd32f30x_hd.o(.text)
    RCU_CTC_IRQHandler                       0x0800015f   Thumb Code     0  startup_gd32f30x_hd.o(.text)
    RTC_Alarm_IRQHandler                     0x0800015f   Thumb Code     0  startup_gd32f30x_hd.o(.text)
    RTC_IRQHandler                           0x0800015f   Thumb Code     0  startup_gd32f30x_hd.o(.text)
    SDIO_IRQHandler                          0x0800015f   Thumb Code     0  startup_gd32f30x_hd.o(.text)
    SPI0_IRQHandler                          0x0800015f   Thumb Code     0  startup_gd32f30x_hd.o(.text)
    SPI1_IRQHandler                          0x0800015f   Thumb Code     0  startup_gd32f30x_hd.o(.text)
    SPI2_IRQHandler                          0x0800015f   Thumb Code     0  startup_gd32f30x_hd.o(.text)
    TAMPER_IRQHandler                        0x0800015f   Thumb Code     0  startup_gd32f30x_hd.o(.text)
    TIMER0_BRK_IRQHandler                    0x0800015f   Thumb Code     0  startup_gd32f30x_hd.o(.text)
    TIMER0_Channel_IRQHandler                0x0800015f   Thumb Code     0  startup_gd32f30x_hd.o(.text)
    TIMER0_TRG_CMT_IRQHandler                0x0800015f   Thumb Code     0  startup_gd32f30x_hd.o(.text)
    TIMER0_UP_IRQHandler                     0x0800015f   Thumb Code     0  startup_gd32f30x_hd.o(.text)
    TIMER1_IRQHandler                        0x0800015f   Thumb Code     0  startup_gd32f30x_hd.o(.text)
    TIMER3_IRQHandler                        0x0800015f   Thumb Code     0  startup_gd32f30x_hd.o(.text)
    TIMER5_IRQHandler                        0x0800015f   Thumb Code     0  startup_gd32f30x_hd.o(.text)
    TIMER6_IRQHandler                        0x0800015f   Thumb Code     0  startup_gd32f30x_hd.o(.text)
    TIMER7_BRK_IRQHandler                    0x0800015f   Thumb Code     0  startup_gd32f30x_hd.o(.text)
    TIMER7_Channel_IRQHandler                0x0800015f   Thumb Code     0  startup_gd32f30x_hd.o(.text)
    TIMER7_TRG_CMT_IRQHandler                0x0800015f   Thumb Code     0  startup_gd32f30x_hd.o(.text)
    TIMER7_UP_IRQHandler                     0x0800015f   Thumb Code     0  startup_gd32f30x_hd.o(.text)
    UART3_IRQHandler                         0x0800015f   Thumb Code     0  startup_gd32f30x_hd.o(.text)
    UART4_IRQHandler                         0x0800015f   Thumb Code     0  startup_gd32f30x_hd.o(.text)
    USART2_IRQHandler                        0x0800015f   Thumb Code     0  startup_gd32f30x_hd.o(.text)
    USBD_HP_CAN0_TX_IRQHandler               0x0800015f   Thumb Code     0  startup_gd32f30x_hd.o(.text)
    USBD_LP_CAN0_RX0_IRQHandler              0x0800015f   Thumb Code     0  startup_gd32f30x_hd.o(.text)
    USBD_WKUP_IRQHandler                     0x0800015f   Thumb Code     0  startup_gd32f30x_hd.o(.text)
    WWDGT_IRQHandler                         0x0800015f   Thumb Code     0  startup_gd32f30x_hd.o(.text)
    __aeabi_memset                           0x08000169   Thumb Code    14  memseta.o(.text)
    __aeabi_memset4                          0x08000169   Thumb Code     0  memseta.o(.text)
    __aeabi_memset8                          0x08000169   Thumb Code     0  memseta.o(.text)
    __aeabi_memclr                           0x08000177   Thumb Code     4  memseta.o(.text)
    __aeabi_memclr4                          0x08000177   Thumb Code     0  memseta.o(.text)
    __aeabi_memclr8                          0x08000177   Thumb Code     0  memseta.o(.text)
    _memset$wrapper                          0x0800017b   Thumb Code    18  memseta.o(.text)
    strlen                                   0x0800018d   Thumb Code    14  strlen.o(.text)
    __0sscanf                                0x0800019d   Thumb Code    48  __0sscanf.o(.text)
    _scanf_int                               0x080001d5   Thumb Code   332  _scanf_int.o(.text)
    __aeabi_uldivmod                         0x08000321   Thumb Code    98  uldiv.o(.text)
    __aeabi_llsr                             0x08000383   Thumb Code    32  llushr.o(.text)
    _ll_ushift_r                             0x08000383   Thumb Code     0  llushr.o(.text)
    _chval                                   0x080003a3   Thumb Code    28  _chval.o(.text)
    __vfscanf_char                           0x080003cd   Thumb Code    20  scanf_char.o(.text)
    _sgetc                                   0x080003e9   Thumb Code    30  _sgetc.o(.text)
    _sbackspace                              0x08000407   Thumb Code    34  _sgetc.o(.text)
    __scatterload                            0x08000429   Thumb Code    28  init.o(.text)
    __scatterload_rt2                        0x08000429   Thumb Code     0  init.o(.text)
    __aeabi_llsl                             0x0800044d   Thumb Code    30  llshl.o(.text)
    _ll_shift_l                              0x0800044d   Thumb Code     0  llshl.o(.text)
    isspace                                  0x0800046b   Thumb Code    10  isspace_c.o(.text)
    __vfscanf                                0x08000475   Thumb Code   808  _scanf.o(.text)
    __ctype_lookup                           0x080007a1   Thumb Code    34  ctype_c.o(.text)
    BusFault_Handler                         0x080007c9   Thumb Code     4  gd32f30x_it.o(i.BusFault_Handler)
    Clr1SecFlag                              0x080007cd   Thumb Code     8  timer.o(i.Clr1SecFlag)
    Clr2msFlag                               0x080007d9   Thumb Code     8  timer.o(i.Clr2msFlag)
    DeQueue                                  0x08000b65   Thumb Code    68  queue.o(i.DeQueue)
    DebugMon_Handler                         0x08000ba9   Thumb Code     2  gd32f30x_it.o(i.DebugMon_Handler)
    DelayNms                                 0x08000bad   Thumb Code    20  systick.o(i.DelayNms)
    EXTI10_15_IRQHandler                     0x08000bc5   Thumb Code    82  keyone.o(i.EXTI10_15_IRQHandler)
    EXTI3_IRQHandler                         0x08000c21   Thumb Code    36  keyone.o(i.EXTI3_IRQHandler)
    EXTI4_IRQHandler                         0x08000c4d   Thumb Code    36  keyone.o(i.EXTI4_IRQHandler)
    EXTI5_9_IRQHandler                       0x08000c79   Thumb Code    84  keyone.o(i.EXTI5_9_IRQHandler)
    EXTI8_IRQHandler_Impl                    0x08000cd5   Thumb Code    46  power.o(i.EXTI8_IRQHandler_Impl)
    EnQueue                                  0x08000d11   Thumb Code    72  queue.o(i.EnQueue)
    Get1SecFlag                              0x08000d59   Thumb Code     6  timer.o(i.Get1SecFlag)
    Get2msFlag                               0x08000d65   Thumb Code     6  timer.o(i.Get2msFlag)
    HardFault_Handler                        0x08000d71   Thumb Code     4  gd32f30x_it.o(i.HardFault_Handler)
    InitKeyOne                               0x08000dc1   Thumb Code    30  keyone.o(i.InitKeyOne)
    InitLED                                  0x08000de9   Thumb Code     8  led.o(i.InitLED)
    InitNVIC                                 0x08000df1   Thumb Code     8  nvic.o(i.InitNVIC)
    InitProcKeyOne                           0x08000df9   Thumb Code     2  prockeyone.o(i.InitProcKeyOne)
    InitQueue                                0x08000dfb   Thumb Code    36  queue.o(i.InitQueue)
    InitRCU                                  0x08000e1f   Thumb Code     8  rcu.o(i.InitRCU)
    InitSysTick                              0x08000e29   Thumb Code    90  systick.o(i.InitSysTick)
    InitTimer                                0x08000e91   Thumb Code    24  timer.o(i.InitTimer)
    InitUART0                                0x08000ea9   Thumb Code    16  uart0.o(i.InitUART0)
    InitUART1                                0x08000eb9   Thumb Code    16  uart1.o(i.InitUART1)
    KeyOne_2msTask                           0x08000fa1   Thumb Code   408  keyone.o(i.KeyOne_2msTask)
    LCD_Clear                                0x08001155   Thumb Code    48  lcd.o(i.LCD_Clear)
    LCD_Display_Dir                          0x08001189   Thumb Code   128  lcd.o(i.LCD_Display_Dir)
    LCD_DrawLine                             0x0800120d   Thumb Code   178  lcd.o(i.LCD_DrawLine)
    LCD_DrawPoint                            0x080012c1   Thumb Code    28  lcd.o(i.LCD_DrawPoint)
    LCD_DrawRectangle                        0x080012e1   Thumb Code    64  lcd.o(i.LCD_DrawRectangle)
    LCD_Fast_DrawPoint                       0x08001321   Thumb Code    28  lcd.o(i.LCD_Fast_DrawPoint)
    LCD_Fill                                 0x0800133d   Thumb Code    76  lcd.o(i.LCD_Fill)
    LCD_Init                                 0x08001415   Thumb Code   630  lcd.o(i.LCD_Init)
    LCD_Scan_Dir                             0x080017dd   Thumb Code   252  lcd.o(i.LCD_Scan_Dir)
    LCD_SetCursor                            0x080018dd   Thumb Code   126  lcd.o(i.LCD_SetCursor)
    LCD_ShowChar                             0x08001961   Thumb Code   152  lcd.o(i.LCD_ShowChar)
    LCD_ShowString                           0x08001a09   Thumb Code   102  lcd.o(i.LCD_ShowString)
    LCD_WriteRAM                             0x08001b25   Thumb Code    12  lcd.o(i.LCD_WriteRAM)
    LCD_WriteRAM_Prepare                     0x08001b31   Thumb Code    12  lcd.o(i.LCD_WriteRAM_Prepare)
    LCD_WriteReg                             0x08001b41   Thumb Code    20  lcd.o(i.LCD_WriteReg)
    LED1_Toggle                              0x08001b91   Thumb Code    32  led.o(i.LED1_Toggle)
    LED2_Toggle                              0x08001bb5   Thumb Code    28  led.o(i.LED2_Toggle)
    LED3_Toggle                              0x08001bd5   Thumb Code    28  led.o(i.LED3_Toggle)
    MemManage_Handler                        0x08001bf5   Thumb Code     4  gd32f30x_it.o(i.MemManage_Handler)
    NMI_Handler                              0x08001bf9   Thumb Code     2  gd32f30x_it.o(i.NMI_Handler)
    PendSV_Handler                           0x08001e2d   Thumb Code     2  gd32f30x_it.o(i.PendSV_Handler)
    Power_BootstrapHold                      0x08001e31   Thumb Code    74  power.o(i.Power_BootstrapHold)
    Power_CheckKey                           0x08001e81   Thumb Code   168  power.o(i.Power_CheckKey)
    Power_GetBatteryPercent                  0x08001f59   Thumb Code    56  power.o(i.Power_GetBatteryPercent)
    Power_Init                               0x08001f95   Thumb Code   338  power.o(i.Power_Init)
    Power_IsCharging                         0x080020f9   Thumb Code    20  power.o(i.Power_IsCharging)
    Power_Process                            0x08002111   Thumb Code   200  power.o(i.Power_Process)
    ProcKeyDownLL                            0x080021f1   Thumb Code    14  prockeyone.o(i.ProcKeyDownLL)
    ProcKeyDownLeftHigh                      0x08002211   Thumb Code     8  prockeyone.o(i.ProcKeyDownLeftHigh)
    ProcKeyDownMenu                          0x08002219   Thumb Code    14  prockeyone.o(i.ProcKeyDownMenu)
    ProcKeyDownRL                            0x08002241   Thumb Code     8  prockeyone.o(i.ProcKeyDownRL)
    ProcKeyDownRightHigh                     0x08002249   Thumb Code     8  prockeyone.o(i.ProcKeyDownRightHigh)
    ProcKeyUpLL                              0x08002251   Thumb Code     2  prockeyone.o(i.ProcKeyUpLL)
    ProcKeyUpLeftHigh                        0x08002253   Thumb Code     2  prockeyone.o(i.ProcKeyUpLeftHigh)
    ProcKeyUpMenu                            0x08002255   Thumb Code     2  prockeyone.o(i.ProcKeyUpMenu)
    ProcKeyUpRL                              0x08002257   Thumb Code     2  prockeyone.o(i.ProcKeyUpRL)
    ProcKeyUpRightHigh                       0x08002259   Thumb Code     2  prockeyone.o(i.ProcKeyUpRightHigh)
    QueueEmpty                               0x0800225b   Thumb Code    14  queue.o(i.QueueEmpty)
    ReadUART1                                0x08002285   Thumb Code    20  uart1.o(i.ReadUART1)
    SPO2_Algo_ApplyDemoFilter                0x0800229d   Thumb Code   272  spo2_algo.o(i.SPO2_Algo_ApplyDemoFilter)
    SPO2_Algo_DemoFilterReset                0x080023c1   Thumb Code    28  spo2_algo.o(i.SPO2_Algo_DemoFilterReset)
    SPO2_Algo_GetResult                      0x080023f1   Thumb Code    80  spo2_algo.o(i.SPO2_Algo_GetResult)
    SPO2_Algo_Init                           0x08002449   Thumb Code   138  spo2_algo.o(i.SPO2_Algo_Init)
    SPO2_Algo_PopAnomalyFlag                 0x08002531   Thumb Code    12  spo2_algo.o(i.SPO2_Algo_PopAnomalyFlag)
    SPO2_Algo_Process                        0x08002541   Thumb Code   350  spo2_algo.o(i.SPO2_Algo_Process)
    SPO2_Algo_PushData                       0x080026c1   Thumb Code   148  spo2_algo.o(i.SPO2_Algo_PushData)
    SVC_Handler                              0x0800276d   Thumb Code     2  gd32f30x_it.o(i.SVC_Handler)
    Speaker_2msTask                          0x08002771   Thumb Code    72  speaker.o(i.Speaker_2msTask)
    Speaker_Init                             0x080027c9   Thumb Code   188  speaker.o(i.Speaker_Init)
    Speaker_SetAlarmActive                   0x08002899   Thumb Code    56  speaker.o(i.Speaker_SetAlarmActive)
    Speaker_SetVolume                        0x080028dd   Thumb Code    48  speaker.o(i.Speaker_SetVolume)
    SysTick_Handler                          0x08002915   Thumb Code     8  systick.o(i.SysTick_Handler)
    SystemInit                               0x0800291d   Thumb Code    66  system_gd32f30x.o(i.SystemInit)
    TIMER2_IRQHandler                        0x0800296d   Thumb Code    52  timer.o(i.TIMER2_IRQHandler)
    TIMER4_IRQHandler                        0x080029ad   Thumb Code    58  timer.o(i.TIMER4_IRQHandler)
    UART1_GetWaveFilterEnable                0x08002a29   Thumb Code     6  uart1.o(i.UART1_GetWaveFilterEnable)
    UART1_ProcessSPO2Data                    0x08002b11   Thumb Code    54  uart1.o(i.UART1_ProcessSPO2Data)
    UART1_SendCmd                            0x08002b61   Thumb Code    70  uart1.o(i.UART1_SendCmd)
    UART1_SetWaveFilterEnable                0x08002bad   Thumb Code    14  uart1.o(i.UART1_SetWaveFilterEnable)
    UI_DrawAlarmSetScreen                    0x08002c75   Thumb Code   140  ui_manager.o(i.UI_DrawAlarmSetScreen)
    UI_DrawAlarmTestScreen                   0x08002d5d   Thumb Code   138  ui_manager.o(i.UI_DrawAlarmTestScreen)
    UI_DrawAutoLightScreen                   0x08002e41   Thumb Code   138  ui_manager.o(i.UI_DrawAutoLightScreen)
    UI_DrawDataReviewScreen                  0x08003249   Thumb Code   144  ui_manager.o(i.UI_DrawDataReviewScreen)
    UI_DrawEtCO2SetScreen                    0x0800332d   Thumb Code   140  ui_manager.o(i.UI_DrawEtCO2SetScreen)
    UI_DrawFilterDemoScreen                  0x080034f9   Thumb Code    12  ui_manager.o(i.UI_DrawFilterDemoScreen)
    UI_DrawFilterSetScreen                   0x08003505   Thumb Code   154  ui_manager.o(i.UI_DrawFilterSetScreen)
    UI_DrawHeader                            0x080035fd   Thumb Code   146  ui_manager.o(i.UI_DrawHeader)
    UI_DrawMainScreen                        0x080036ad   Thumb Code   678  ui_manager.o(i.UI_DrawMainScreen)
    UI_DrawPanel                             0x08003a55   Thumb Code   204  ui_manager.o(i.UI_DrawPanel)
    UI_DrawRCalibScreen                      0x08003b29   Thumb Code    82  ui_manager.o(i.UI_DrawRCalibScreen)
    UI_DrawSettingsScreen                    0x08003d05   Thumb Code    96  ui_manager.o(i.UI_DrawSettingsScreen)
    UI_DrawSpO2SetScreen                     0x08003d99   Thumb Code   138  ui_manager.o(i.UI_DrawSpO2SetScreen)
    UI_DrawSystemSetScreen                   0x08003e7d   Thumb Code   140  ui_manager.o(i.UI_DrawSystemSetScreen)
    UI_DrawWorkModeScreen                    0x08003f61   Thumb Code   140  ui_manager.o(i.UI_DrawWorkModeScreen)
    UI_Init                                  0x08004069   Thumb Code    44  ui_manager.o(i.UI_Init)
    UI_OnKeyLH                               0x0800409d   Thumb Code   268  ui_manager.o(i.UI_OnKeyLH)
    UI_OnKeyLL                               0x080041c1   Thumb Code   340  ui_manager.o(i.UI_OnKeyLL)
    UI_OnKeyMenu                             0x0800434d   Thumb Code    44  ui_manager.o(i.UI_OnKeyMenu)
    UI_OnKeyRH                               0x08004385   Thumb Code   142  ui_manager.o(i.UI_OnKeyRH)
    UI_OnKeyRL                               0x08004425   Thumb Code   314  ui_manager.o(i.UI_OnKeyRL)
    UI_Process                               0x08004591   Thumb Code     8  ui_manager.o(i.UI_Process)
    UI_Update                                0x080045ed   Thumb Code   128  ui_manager.o(i.UI_Update)
    UI_UpdateData                            0x080048f9   Thumb Code   702  ui_manager.o(i.UI_UpdateData)
    UI_UpdateGain                            0x08005051   Thumb Code    88  ui_manager.o(i.UI_UpdateGain)
    UI_UpdatePwm                             0x08005121   Thumb Code   102  ui_manager.o(i.UI_UpdatePwm)
    UI_UpdateWave                            0x080052dd   Thumb Code   250  ui_manager.o(i.UI_UpdateWave)
    USART0_IRQHandler                        0x080059c1   Thumb Code   132  uart0.o(i.USART0_IRQHandler)
    USART1_IRQHandler                        0x08005a5d   Thumb Code   112  uart1.o(i.USART1_IRQHandler)
    UsageFault_Handler                       0x08005ae5   Thumb Code     4  gd32f30x_it.o(i.UsageFault_Handler)
    __0printf$8                              0x08005b15   Thumb Code    22  printf8.o(i.__0printf$8)
    __1printf$8                              0x08005b15   Thumb Code     0  printf8.o(i.__0printf$8)
    __2printf                                0x08005b15   Thumb Code     0  printf8.o(i.__0printf$8)
    __0sprintf$8                             0x08005b35   Thumb Code    34  printf8.o(i.__0sprintf$8)
    __1sprintf$8                             0x08005b35   Thumb Code     0  printf8.o(i.__0sprintf$8)
    __2sprintf                               0x08005b35   Thumb Code     0  printf8.o(i.__0sprintf$8)
    __scatterload_copy                       0x08005b5d   Thumb Code    14  handlers.o(i.__scatterload_copy)
    __scatterload_null                       0x08005b6b   Thumb Code     2  handlers.o(i.__scatterload_null)
    __scatterload_zeroinit                   0x08005b6d   Thumb Code    14  handlers.o(i.__scatterload_zeroinit)
    adc_calibration_enable                   0x08006059   Thumb Code    42  gd32f30x_adc.o(i.adc_calibration_enable)
    adc_channel_length_config                0x08006083   Thumb Code    70  gd32f30x_adc.o(i.adc_channel_length_config)
    adc_data_alignment_config                0x080060c9   Thumb Code    22  gd32f30x_adc.o(i.adc_data_alignment_config)
    adc_deinit                               0x080060e1   Thumb Code    84  gd32f30x_adc.o(i.adc_deinit)
    adc_enable                               0x08006139   Thumb Code    18  gd32f30x_adc.o(i.adc_enable)
    adc_external_trigger_config              0x0800614b   Thumb Code    62  gd32f30x_adc.o(i.adc_external_trigger_config)
    adc_external_trigger_source_config       0x08006189   Thumb Code    48  gd32f30x_adc.o(i.adc_external_trigger_source_config)
    adc_flag_clear                           0x080061b9   Thumb Code     8  gd32f30x_adc.o(i.adc_flag_clear)
    adc_flag_get                             0x080061c1   Thumb Code    14  gd32f30x_adc.o(i.adc_flag_get)
    adc_regular_channel_config               0x080061cf   Thumb Code   172  gd32f30x_adc.o(i.adc_regular_channel_config)
    adc_regular_data_read                    0x0800627b   Thumb Code     8  gd32f30x_adc.o(i.adc_regular_data_read)
    adc_software_trigger_enable              0x08006283   Thumb Code    30  gd32f30x_adc.o(i.adc_software_trigger_enable)
    adc_special_function_config              0x080062a1   Thumb Code    90  gd32f30x_adc.o(i.adc_special_function_config)
    exti_flag_get                            0x080062fd   Thumb Code    18  gd32f30x_exti.o(i.exti_flag_get)
    exti_init                                0x08006315   Thumb Code   178  gd32f30x_exti.o(i.exti_init)
    exti_interrupt_disable                   0x080063cd   Thumb Code    12  gd32f30x_exti.o(i.exti_interrupt_disable)
    exti_interrupt_enable                    0x080063dd   Thumb Code    12  gd32f30x_exti.o(i.exti_interrupt_enable)
    exti_interrupt_flag_clear                0x080063ed   Thumb Code     6  gd32f30x_exti.o(i.exti_interrupt_flag_clear)
    fmc_wscnt_set                            0x080063f9   Thumb Code    18  gd32f30x_fmc.o(i.fmc_wscnt_set)
    fputc                                    0x08006411   Thumb Code    32  uart0.o(i.fputc)
    gpio_bit_reset                           0x08006435   Thumb Code     4  gd32f30x_gpio.o(i.gpio_bit_reset)
    gpio_bit_set                             0x08006439   Thumb Code     4  gd32f30x_gpio.o(i.gpio_bit_set)
    gpio_bit_write                           0x0800643d   Thumb Code    10  gd32f30x_gpio.o(i.gpio_bit_write)
    gpio_exti_source_select                  0x08006449   Thumb Code   146  gd32f30x_gpio.o(i.gpio_exti_source_select)
    gpio_init                                0x080064e1   Thumb Code   188  gd32f30x_gpio.o(i.gpio_init)
    gpio_input_bit_get                       0x0800659d   Thumb Code    16  gd32f30x_gpio.o(i.gpio_input_bit_get)
    gpio_input_port_get                      0x080065ad   Thumb Code     8  gd32f30x_gpio.o(i.gpio_input_port_get)
    gpio_output_bit_get                      0x080065b5   Thumb Code    16  gd32f30x_gpio.o(i.gpio_output_bit_get)
    gpio_output_port_get                     0x080065c5   Thumb Code     8  gd32f30x_gpio.o(i.gpio_output_port_get)
    gpio_port_write                          0x080065cd   Thumb Code     4  gd32f30x_gpio.o(i.gpio_port_write)
    main                                     0x08006661   Thumb Code   408  main.o(i.main)
    nvic_irq_enable                          0x080068f5   Thumb Code   186  gd32f30x_misc.o(i.nvic_irq_enable)
    nvic_priority_group_set                  0x080069b9   Thumb Code    10  gd32f30x_misc.o(i.nvic_priority_group_set)
    putc                                     0x080069cd   Thumb Code     4  putc.o(i.putc)
    rcu_adc_clock_config                     0x080069d1   Thumb Code    98  gd32f30x_rcu.o(i.rcu_adc_clock_config)
    rcu_ahb_clock_config                     0x08006a3d   Thumb Code    18  gd32f30x_rcu.o(i.rcu_ahb_clock_config)
    rcu_apb1_clock_config                    0x08006a55   Thumb Code    18  gd32f30x_rcu.o(i.rcu_apb1_clock_config)
    rcu_apb2_clock_config                    0x08006a6d   Thumb Code    18  gd32f30x_rcu.o(i.rcu_apb2_clock_config)
    rcu_clock_freq_get                       0x08006a85   Thumb Code   310  gd32f30x_rcu.o(i.rcu_clock_freq_get)
    rcu_deinit                               0x08006bdd   Thumb Code    72  gd32f30x_rcu.o(i.rcu_deinit)
    rcu_flag_get                             0x08006c31   Thumb Code    30  gd32f30x_rcu.o(i.rcu_flag_get)
    rcu_osci_on                              0x08006c55   Thumb Code    28  gd32f30x_rcu.o(i.rcu_osci_on)
    rcu_osci_stab_wait                       0x08006c75   Thumb Code   266  gd32f30x_rcu.o(i.rcu_osci_stab_wait)
    rcu_periph_clock_enable                  0x08006d85   Thumb Code    28  gd32f30x_rcu.o(i.rcu_periph_clock_enable)
    rcu_periph_reset_disable                 0x08006da5   Thumb Code    28  gd32f30x_rcu.o(i.rcu_periph_reset_disable)
    rcu_periph_reset_enable                  0x08006dc5   Thumb Code    28  gd32f30x_rcu.o(i.rcu_periph_reset_enable)
    rcu_pll_config                           0x08006de5   Thumb Code    24  gd32f30x_rcu.o(i.rcu_pll_config)
    rcu_pllpresel_config                     0x08006e05   Thumb Code    18  gd32f30x_rcu.o(i.rcu_pllpresel_config)
    rcu_predv0_config                        0x08006e1d   Thumb Code    26  gd32f30x_rcu.o(i.rcu_predv0_config)
    rcu_system_clock_source_config           0x08006e3d   Thumb Code    18  gd32f30x_rcu.o(i.rcu_system_clock_source_config)
    rcu_system_clock_source_get              0x08006e55   Thumb Code    10  gd32f30x_rcu.o(i.rcu_system_clock_source_get)
    timer_deinit                             0x0800747d   Thumb Code   210  gd32f30x_timer.o(i.timer_deinit)
    timer_enable                             0x08007559   Thumb Code    10  gd32f30x_timer.o(i.timer_enable)
    timer_init                               0x08007565   Thumb Code   122  gd32f30x_timer.o(i.timer_init)
    timer_interrupt_enable                   0x080075fd   Thumb Code     8  gd32f30x_timer.o(i.timer_interrupt_enable)
    timer_interrupt_flag_clear               0x08007605   Thumb Code     6  gd32f30x_timer.o(i.timer_interrupt_flag_clear)
    timer_interrupt_flag_get                 0x0800760b   Thumb Code    24  gd32f30x_timer.o(i.timer_interrupt_flag_get)
    timer_struct_para_init                   0x08007623   Thumb Code    22  gd32f30x_timer.o(i.timer_struct_para_init)
    usart_baudrate_set                       0x08007639   Thumb Code   136  gd32f30x_usart.o(i.usart_baudrate_set)
    usart_data_receive                       0x080076c9   Thumb Code    10  gd32f30x_usart.o(i.usart_data_receive)
    usart_data_transmit                      0x080076d3   Thumb Code     8  gd32f30x_usart.o(i.usart_data_transmit)
    usart_deinit                             0x080076dd   Thumb Code   136  gd32f30x_usart.o(i.usart_deinit)
    usart_enable                             0x0800776d   Thumb Code    10  gd32f30x_usart.o(i.usart_enable)
    usart_flag_get                           0x08007777   Thumb Code    30  gd32f30x_usart.o(i.usart_flag_get)
    usart_interrupt_disable                  0x08007795   Thumb Code    26  gd32f30x_usart.o(i.usart_interrupt_disable)
    usart_interrupt_enable                   0x080077af   Thumb Code    26  gd32f30x_usart.o(i.usart_interrupt_enable)
    usart_interrupt_flag_clear               0x080077c9   Thumb Code    26  gd32f30x_usart.o(i.usart_interrupt_flag_clear)
    usart_interrupt_flag_get                 0x080077e3   Thumb Code    56  gd32f30x_usart.o(i.usart_interrupt_flag_get)
    usart_parity_config                      0x0800781b   Thumb Code    16  gd32f30x_usart.o(i.usart_parity_config)
    usart_receive_config                     0x0800782b   Thumb Code    16  gd32f30x_usart.o(i.usart_receive_config)
    usart_stop_bit_set                       0x0800783b   Thumb Code    16  gd32f30x_usart.o(i.usart_stop_bit_set)
    usart_transmit_config                    0x0800784b   Thumb Code    16  gd32f30x_usart.o(i.usart_transmit_config)
    usart_word_length_set                    0x0800785b   Thumb Code    16  gd32f30x_usart.o(i.usart_word_length_set)
    asc2_1608                                0x0800786a   Data        1520  lcd.o(.constdata)
    __ctype_categories                       0x08007e5e   Data          64  ctype_c.o(.constdata)
    Region$$Table$$Base                      0x08007f14   Number         0  anon$$obj.o(Region$$Table)
    Region$$Table$$Limit                     0x08007f34   Number         0  anon$$obj.o(Region$$Table)
    g_u32KeyLLCount                          0x20000000   Data           4  keyone.o(.data)
    g_u32KeyRLCount                          0x20000004   Data           4  keyone.o(.data)
    g_u32KeyLeftHighCount                    0x20000008   Data           4  keyone.o(.data)
    g_u32KeyRightHighCount                   0x2000000c   Data           4  keyone.o(.data)
    g_u32KeyMenuCount                        0x20000010   Data           4  keyone.o(.data)
    POINT_COLOR                              0x2000001e   Data           2  lcd.o(.data)
    BACK_COLOR                               0x20000020   Data           2  lcd.o(.data)
    g_u8PwmRed                               0x200000c6   Data           1  uart1.o(.data)
    g_u8PwmIr                                0x200000c7   Data           1  uart1.o(.data)
    g_u8GainCode                             0x200000c8   Data           1  uart1.o(.data)
    g_u16WaveDataRed                         0x200000ca   Data           2  uart1.o(.data)
    g_u16WaveDataIr                          0x200000cc   Data           2  uart1.o(.data)
    g_u8Uart1UpdateFlag                      0x200000ce   Data           1  uart1.o(.data)
    __stdout                                 0x200000d8   Data           4  uart0.o(.data)
    SystemCoreClock                          0x200000e0   Data           4  system_gd32f30x.o(.data)
    lcddev                                   0x200000e8   Data          14  lcd.o(.bss)
    g_spo2Data                               0x2000224a   Data          10  uart1.o(.bss)
    __initial_sp                             0x20002798   Data           0  startup_gd32f30x_hd.o(STACK)



==============================================================================

Memory Map of the image

  Image Entry point : 0x08000131

  Load Region LR_IROM1 (Base: 0x08000000, Size: 0x0000801c, Max: 0x00080000, ABSOLUTE)

    Execution Region ER_IROM1 (Exec base: 0x08000000, Load base: 0x08000000, Size: 0x00007f34, Max: 0x00080000, ABSOLUTE)

    Exec Addr    Load Addr    Size         Type   Attr      Idx    E Section Name        Object

    0x08000000   0x08000000   0x00000130   Data   RO         3353    RESET               startup_gd32f30x_hd.o
    0x08000130   0x08000130   0x00000000   Code   RO         3446  * .ARM.Collect$$$$00000000  mc_w.l(entry.o)
    0x08000130   0x08000130   0x00000004   Code   RO         3761    .ARM.Collect$$$$00000001  mc_w.l(entry2.o)
    0x08000134   0x08000134   0x00000004   Code   RO         3764    .ARM.Collect$$$$00000004  mc_w.l(entry5.o)
    0x08000138   0x08000138   0x00000000   Code   RO         3766    .ARM.Collect$$$$00000008  mc_w.l(entry7b.o)
    0x08000138   0x08000138   0x00000000   Code   RO         3768    .ARM.Collect$$$$0000000A  mc_w.l(entry8b.o)
    0x08000138   0x08000138   0x00000008   Code   RO         3769    .ARM.Collect$$$$0000000B  mc_w.l(entry9a.o)
    0x08000140   0x08000140   0x00000000   Code   RO         3771    .ARM.Collect$$$$0000000D  mc_w.l(entry10a.o)
    0x08000140   0x08000140   0x00000000   Code   RO         3773    .ARM.Collect$$$$0000000F  mc_w.l(entry11a.o)
    0x08000140   0x08000140   0x00000004   Code   RO         3762    .ARM.Collect$$$$00002712  mc_w.l(entry2.o)
    0x08000144   0x08000144   0x00000024   Code   RO         3354    .text               startup_gd32f30x_hd.o
    0x08000168   0x08000168   0x00000024   Code   RO         3451    .text               mc_w.l(memseta.o)
    0x0800018c   0x0800018c   0x0000000e   Code   RO         3453    .text               mc_w.l(strlen.o)
    0x0800019a   0x0800019a   0x00000002   PAD
    0x0800019c   0x0800019c   0x00000038   Code   RO         3716    .text               mc_w.l(__0sscanf.o)
    0x080001d4   0x080001d4   0x0000014c   Code   RO         3718    .text               mc_w.l(_scanf_int.o)
    0x08000320   0x08000320   0x00000062   Code   RO         3777    .text               mc_w.l(uldiv.o)
    0x08000382   0x08000382   0x00000020   Code   RO         3779    .text               mc_w.l(llushr.o)
    0x080003a2   0x080003a2   0x0000001c   Code   RO         3788    .text               mc_w.l(_chval.o)
    0x080003be   0x080003be   0x00000002   PAD
    0x080003c0   0x080003c0   0x00000028   Code   RO         3790    .text               mc_w.l(scanf_char.o)
    0x080003e8   0x080003e8   0x00000040   Code   RO         3792    .text               mc_w.l(_sgetc.o)
    0x08000428   0x08000428   0x00000024   Code   RO         3811    .text               mc_w.l(init.o)
    0x0800044c   0x0800044c   0x0000001e   Code   RO         3813    .text               mc_w.l(llshl.o)
    0x0800046a   0x0800046a   0x0000000a   Code   RO         3817    .text               mc_w.l(isspace_c.o)
    0x08000474   0x08000474   0x0000032c   Code   RO         3819    .text               mc_w.l(_scanf.o)
    0x080007a0   0x080007a0   0x00000028   Code   RO         3825    .text               mc_w.l(ctype_c.o)
    0x080007c8   0x080007c8   0x00000004   Code   RO         3240    i.BusFault_Handler  gd32f30x_it.o
    0x080007cc   0x080007cc   0x0000000c   Code   RO         1185    i.Clr1SecFlag       timer.o
    0x080007d8   0x080007d8   0x0000000c   Code   RO         1186    i.Clr2msFlag        timer.o
    0x080007e4   0x080007e4   0x000000e0   Code   RO          249    i.ConfigKeyOneGPIO  keyone.o
    0x080008c4   0x080008c4   0x0000005c   Code   RO          206    i.ConfigLEDGPIO     led.o
    0x08000920   0x08000920   0x0000000c   Code   RO         3360    i.ConfigNVIC        nvic.o
    0x0800092c   0x0800092c   0x00000068   Code   RO         1160    i.ConfigRCU         rcu.o
    0x08000994   0x08000994   0x00000050   Code   RO         1187    i.ConfigTimer2      timer.o
    0x080009e4   0x080009e4   0x00000050   Code   RO         1188    i.ConfigTimer4      timer.o
    0x08000a34   0x08000a34   0x000000a0   Code   RO         1411    i.ConfigUART        uart0.o
    0x08000ad4   0x08000ad4   0x00000090   Code   RO         1298    i.ConfigUART1       uart1.o
    0x08000b64   0x08000b64   0x00000044   Code   RO         1252    i.DeQueue           queue.o
    0x08000ba8   0x08000ba8   0x00000002   Code   RO         3241    i.DebugMon_Handler  gd32f30x_it.o
    0x08000baa   0x08000baa   0x00000002   PAD
    0x08000bac   0x08000bac   0x00000018   Code   RO         3385    i.DelayNms          systick.o
    0x08000bc4   0x08000bc4   0x0000005c   Code   RO          250    i.EXTI10_15_IRQHandler  keyone.o
    0x08000c20   0x08000c20   0x0000002c   Code   RO          251    i.EXTI3_IRQHandler  keyone.o
    0x08000c4c   0x08000c4c   0x0000002c   Code   RO          252    i.EXTI4_IRQHandler  keyone.o
    0x08000c78   0x08000c78   0x0000005c   Code   RO          253    i.EXTI5_9_IRQHandler  keyone.o
    0x08000cd4   0x08000cd4   0x0000003c   Code   RO         1090    i.EXTI8_IRQHandler_Impl  power.o
    0x08000d10   0x08000d10   0x00000048   Code   RO         1253    i.EnQueue           queue.o
    0x08000d58   0x08000d58   0x0000000c   Code   RO         1189    i.Get1SecFlag       timer.o
    0x08000d64   0x08000d64   0x0000000c   Code   RO         1190    i.Get2msFlag        timer.o
    0x08000d70   0x08000d70   0x00000004   Code   RO         3242    i.HardFault_Handler  gd32f30x_it.o
    0x08000d74   0x08000d74   0x0000004c   Code   RO            3    i.InitHardware      main.o
    0x08000dc0   0x08000dc0   0x00000028   Code   RO          254    i.InitKeyOne        keyone.o
    0x08000de8   0x08000de8   0x00000008   Code   RO          207    i.InitLED           led.o
    0x08000df0   0x08000df0   0x00000008   Code   RO         3361    i.InitNVIC          nvic.o
    0x08000df8   0x08000df8   0x00000002   Code   RO          315    i.InitProcKeyOne    prockeyone.o
    0x08000dfa   0x08000dfa   0x00000024   Code   RO         1254    i.InitQueue         queue.o
    0x08000e1e   0x08000e1e   0x00000008   Code   RO         1161    i.InitRCU           rcu.o
    0x08000e26   0x08000e26   0x00000002   Code   RO            4    i.InitSoftware      main.o
    0x08000e28   0x08000e28   0x00000068   Code   RO         3387    i.InitSysTick       systick.o
    0x08000e90   0x08000e90   0x00000018   Code   RO         1191    i.InitTimer         timer.o
    0x08000ea8   0x08000ea8   0x00000010   Code   RO         1413    i.InitUART0         uart0.o
    0x08000eb8   0x08000eb8   0x00000010   Code   RO         1299    i.InitUART1         uart1.o
    0x08000ec8   0x08000ec8   0x0000002c   Code   RO         1300    i.InitUART1Buf      uart1.o
    0x08000ef4   0x08000ef4   0x00000040   Code   RO         1414    i.InitUARTBuf       uart0.o
    0x08000f34   0x08000f34   0x0000006c   Code   RO          255    i.KeyIsPressed      keyone.o
    0x08000fa0   0x08000fa0   0x000001b4   Code   RO          256    i.KeyOne_2msTask    keyone.o
    0x08001154   0x08001154   0x00000034   Code   RO          395    i.LCD_Clear         lcd.o
    0x08001188   0x08001188   0x00000084   Code   RO          398    i.LCD_Display_Dir   lcd.o
    0x0800120c   0x0800120c   0x000000b2   Code   RO          399    i.LCD_DrawLine      lcd.o
    0x080012be   0x080012be   0x00000002   PAD
    0x080012c0   0x080012c0   0x00000020   Code   RO          400    i.LCD_DrawPoint     lcd.o
    0x080012e0   0x080012e0   0x00000040   Code   RO          401    i.LCD_DrawRectangle  lcd.o
    0x08001320   0x08001320   0x0000001c   Code   RO          403    i.LCD_Fast_DrawPoint  lcd.o
    0x0800133c   0x0800133c   0x0000004c   Code   RO          404    i.LCD_Fill          lcd.o
    0x08001388   0x08001388   0x0000008c   Code   RO          405    i.LCD_GPIO_Init     lcd.o
    0x08001414   0x08001414   0x000002d4   Code   RO          406    i.LCD_Init          lcd.o
    0x080016e8   0x080016e8   0x00000098   Code   RO          407    i.LCD_ReadDataPort  lcd.o
    0x08001780   0x08001780   0x0000005c   Code   RO          408    i.LCD_ReadData_Internal  lcd.o
    0x080017dc   0x080017dc   0x00000100   Code   RO          411    i.LCD_Scan_Dir      lcd.o
    0x080018dc   0x080018dc   0x00000084   Code   RO          412    i.LCD_SetCursor     lcd.o
    0x08001960   0x08001960   0x000000a8   Code   RO          414    i.LCD_ShowChar      lcd.o
    0x08001a08   0x08001a08   0x00000066   Code   RO          416    i.LCD_ShowString    lcd.o
    0x08001a6e   0x08001a6e   0x00000002   PAD
    0x08001a70   0x08001a70   0x00000078   Code   RO          418    i.LCD_WriteDataPort  lcd.o
    0x08001ae8   0x08001ae8   0x0000003c   Code   RO          419    i.LCD_WriteData_Internal  lcd.o
    0x08001b24   0x08001b24   0x0000000c   Code   RO          420    i.LCD_WriteRAM      lcd.o
    0x08001b30   0x08001b30   0x00000010   Code   RO          421    i.LCD_WriteRAM_Prepare  lcd.o
    0x08001b40   0x08001b40   0x00000014   Code   RO          422    i.LCD_WriteReg      lcd.o
    0x08001b54   0x08001b54   0x0000003c   Code   RO          423    i.LCD_WriteReg_Internal  lcd.o
    0x08001b90   0x08001b90   0x00000024   Code   RO          208    i.LED1_Toggle       led.o
    0x08001bb4   0x08001bb4   0x00000020   Code   RO          209    i.LED2_Toggle       led.o
    0x08001bd4   0x08001bd4   0x00000020   Code   RO          210    i.LED3_Toggle       led.o
    0x08001bf4   0x08001bf4   0x00000004   Code   RO         3243    i.MemManage_Handler  gd32f30x_it.o
    0x08001bf8   0x08001bf8   0x00000002   Code   RO         3244    i.NMI_Handler       gd32f30x_it.o
    0x08001bfa   0x08001bfa   0x00000002   PAD
    0x08001bfc   0x08001bfc   0x00000018   Code   RO         1415    i.NVIC_ClearPendingIRQ  uart0.o
    0x08001c14   0x08001c14   0x00000218   Code   RO         1301    i.ParseSPO2Packet   uart1.o
    0x08001e2c   0x08001e2c   0x00000002   Code   RO         3245    i.PendSV_Handler    gd32f30x_it.o
    0x08001e2e   0x08001e2e   0x00000002   PAD
    0x08001e30   0x08001e30   0x00000050   Code   RO         1091    i.Power_BootstrapHold  power.o
    0x08001e80   0x08001e80   0x000000d8   Code   RO         1092    i.Power_CheckKey    power.o
    0x08001f58   0x08001f58   0x0000003c   Code   RO         1093    i.Power_GetBatteryPercent  power.o
    0x08001f94   0x08001f94   0x00000164   Code   RO         1094    i.Power_Init        power.o
    0x080020f8   0x080020f8   0x00000018   Code   RO         1096    i.Power_IsCharging  power.o
    0x08002110   0x08002110   0x000000d8   Code   RO         1098    i.Power_Process     power.o
    0x080021e8   0x080021e8   0x00000008   Code   RO            5    i.Proc1SecTask      main.o
    0x080021f0   0x080021f0   0x00000020   Code   RO          316    i.ProcKeyDownLL     prockeyone.o
    0x08002210   0x08002210   0x00000008   Code   RO          317    i.ProcKeyDownLeftHigh  prockeyone.o
    0x08002218   0x08002218   0x00000028   Code   RO          318    i.ProcKeyDownMenu   prockeyone.o
    0x08002240   0x08002240   0x00000008   Code   RO          319    i.ProcKeyDownRL     prockeyone.o
    0x08002248   0x08002248   0x00000008   Code   RO          320    i.ProcKeyDownRightHigh  prockeyone.o
    0x08002250   0x08002250   0x00000002   Code   RO          321    i.ProcKeyUpLL       prockeyone.o
    0x08002252   0x08002252   0x00000002   Code   RO          322    i.ProcKeyUpLeftHigh  prockeyone.o
    0x08002254   0x08002254   0x00000002   Code   RO          323    i.ProcKeyUpMenu     prockeyone.o
    0x08002256   0x08002256   0x00000002   Code   RO          324    i.ProcKeyUpRL       prockeyone.o
    0x08002258   0x08002258   0x00000002   Code   RO          325    i.ProcKeyUpRightHigh  prockeyone.o
    0x0800225a   0x0800225a   0x0000000e   Code   RO         1255    i.QueueEmpty        queue.o
    0x08002268   0x08002268   0x0000001c   Code   RO         1417    i.ReadSendBuf       uart0.o
    0x08002284   0x08002284   0x00000018   Code   RO         1302    i.ReadUART1         uart1.o
    0x0800229c   0x0800229c   0x00000124   Code   RO          954    i.SPO2_Algo_ApplyDemoFilter  spo2_algo.o
    0x080023c0   0x080023c0   0x00000030   Code   RO          955    i.SPO2_Algo_DemoFilterReset  spo2_algo.o
    0x080023f0   0x080023f0   0x00000058   Code   RO          956    i.SPO2_Algo_GetResult  spo2_algo.o
    0x08002448   0x08002448   0x000000e8   Code   RO          957    i.SPO2_Algo_Init    spo2_algo.o
    0x08002530   0x08002530   0x00000010   Code   RO          958    i.SPO2_Algo_PopAnomalyFlag  spo2_algo.o
    0x08002540   0x08002540   0x00000180   Code   RO          959    i.SPO2_Algo_Process  spo2_algo.o
    0x080026c0   0x080026c0   0x000000ac   Code   RO          960    i.SPO2_Algo_PushData  spo2_algo.o
    0x0800276c   0x0800276c   0x00000002   Code   RO         3246    i.SVC_Handler       gd32f30x_it.o
    0x0800276e   0x0800276e   0x00000002   PAD
    0x08002770   0x08002770   0x00000058   Code   RO         1040    i.Speaker_2msTask   speaker.o
    0x080027c8   0x080027c8   0x000000d0   Code   RO         1041    i.Speaker_Init      speaker.o
    0x08002898   0x08002898   0x00000044   Code   RO         1042    i.Speaker_SetAlarmActive  speaker.o
    0x080028dc   0x080028dc   0x00000038   Code   RO         1043    i.Speaker_SetVolume  speaker.o
    0x08002914   0x08002914   0x00000008   Code   RO         3388    i.SysTick_Handler   systick.o
    0x0800291c   0x0800291c   0x00000050   Code   RO         3312    i.SystemInit        system_gd32f30x.o
    0x0800296c   0x0800296c   0x00000040   Code   RO         1192    i.TIMER2_IRQHandler  timer.o
    0x080029ac   0x080029ac   0x00000048   Code   RO         1193    i.TIMER4_IRQHandler  timer.o
    0x080029f4   0x080029f4   0x00000018   Code   RO         3389    i.TimDelayDec       systick.o
    0x08002a0c   0x08002a0c   0x0000001c   Code   RO         1303    i.UART1_ForwardWave  uart1.o
    0x08002a28   0x08002a28   0x0000000c   Code   RO         1306    i.UART1_GetWaveFilterEnable  uart1.o
    0x08002a34   0x08002a34   0x00000040   Code   RO         1307    i.UART1_MonPush     uart1.o
    0x08002a74   0x08002a74   0x0000009a   Code   RO         1308    i.UART1_ParseFixedWaveLine  uart1.o
    0x08002b0e   0x08002b0e   0x00000002   PAD
    0x08002b10   0x08002b10   0x00000050   Code   RO         1309    i.UART1_ProcessSPO2Data  uart1.o
    0x08002b60   0x08002b60   0x0000004c   Code   RO         1311    i.UART1_SendCmd     uart1.o
    0x08002bac   0x08002bac   0x00000014   Code   RO         1312    i.UART1_SetWaveFilterEnable  uart1.o
    0x08002bc0   0x08002bc0   0x00000068   Code   RO          655    i.UI_AddDemoDrift   ui_manager.o
    0x08002c28   0x08002c28   0x0000004c   Code   RO          656    i.UI_AddDemoNoise   ui_manager.o
    0x08002c74   0x08002c74   0x000000e8   Code   RO          657    i.UI_DrawAlarmSetScreen  ui_manager.o
    0x08002d5c   0x08002d5c   0x000000e4   Code   RO          658    i.UI_DrawAlarmTestScreen  ui_manager.o
    0x08002e40   0x08002e40   0x000000e8   Code   RO          659    i.UI_DrawAutoLightScreen  ui_manager.o
    0x08002f28   0x08002f28   0x00000244   Code   RO          660    i.UI_DrawBatteryIcon  ui_manager.o
    0x0800316c   0x0800316c   0x000000dc   Code   RO          661    i.UI_DrawCard       ui_manager.o
    0x08003248   0x08003248   0x000000e4   Code   RO          662    i.UI_DrawDataReviewScreen  ui_manager.o
    0x0800332c   0x0800332c   0x000000dc   Code   RO          663    i.UI_DrawEtCO2SetScreen  ui_manager.o
    0x08003408   0x08003408   0x000000f0   Code   RO          664    i.UI_DrawFilterDemoFrame  ui_manager.o
    0x080034f8   0x080034f8   0x0000000c   Code   RO          665    i.UI_DrawFilterDemoScreen  ui_manager.o
    0x08003504   0x08003504   0x000000f8   Code   RO          666    i.UI_DrawFilterSetScreen  ui_manager.o
    0x080035fc   0x080035fc   0x000000b0   Code   RO          667    i.UI_DrawHeader     ui_manager.o
    0x080036ac   0x080036ac   0x000003a8   Code   RO          668    i.UI_DrawMainScreen  ui_manager.o
    0x08003a54   0x08003a54   0x000000d4   Code   RO          669    i.UI_DrawPanel      ui_manager.o
    0x08003b28   0x08003b28   0x00000080   Code   RO          670    i.UI_DrawRCalibScreen  ui_manager.o
    0x08003ba8   0x08003ba8   0x00000054   Code   RO          671    i.UI_DrawScreenBackground  ui_manager.o
    0x08003bfc   0x08003bfc   0x00000108   Code   RO          672    i.UI_DrawSettingsItem  ui_manager.o
    0x08003d04   0x08003d04   0x00000094   Code   RO          673    i.UI_DrawSettingsScreen  ui_manager.o
    0x08003d98   0x08003d98   0x000000e4   Code   RO          674    i.UI_DrawSpO2SetScreen  ui_manager.o
    0x08003e7c   0x08003e7c   0x000000e4   Code   RO          675    i.UI_DrawSystemSetScreen  ui_manager.o
    0x08003f60   0x08003f60   0x000000d8   Code   RO          676    i.UI_DrawWorkModeScreen  ui_manager.o
    0x08004038   0x08004038   0x00000030   Code   RO          677    i.UI_GetDemoModeText  ui_manager.o
    0x08004068   0x08004068   0x00000034   Code   RO          678    i.UI_Init           ui_manager.o
    0x0800409c   0x0800409c   0x00000124   Code   RO          679    i.UI_OnKeyLH        ui_manager.o
    0x080041c0   0x080041c0   0x0000018c   Code   RO          680    i.UI_OnKeyLL        ui_manager.o
    0x0800434c   0x0800434c   0x00000038   Code   RO          681    i.UI_OnKeyMenu      ui_manager.o
    0x08004384   0x08004384   0x000000a0   Code   RO          682    i.UI_OnKeyRH        ui_manager.o
    0x08004424   0x08004424   0x0000016c   Code   RO          683    i.UI_OnKeyRL        ui_manager.o
    0x08004590   0x08004590   0x00000008   Code   RO          684    i.UI_Process        ui_manager.o
    0x08004598   0x08004598   0x00000054   Code   RO          685    i.UI_SetWaveRect    ui_manager.o
    0x080045ec   0x080045ec   0x00000088   Code   RO          686    i.UI_Update         ui_manager.o
    0x08004674   0x08004674   0x00000134   Code   RO          687    i.UI_UpdateAlarmSetStatus  ui_manager.o
    0x080047a8   0x080047a8   0x000000c8   Code   RO          688    i.UI_UpdateAlarmTestStatus  ui_manager.o
    0x08004870   0x08004870   0x00000070   Code   RO          689    i.UI_UpdateAutoLightStatus  ui_manager.o
    0x080048e0   0x080048e0   0x00000018   Code   RO          690    i.UI_UpdateBattery  ui_manager.o
    0x080048f8   0x080048f8   0x00000360   Code   RO          691    i.UI_UpdateData     ui_manager.o
    0x08004c58   0x08004c58   0x000001cc   Code   RO          692    i.UI_UpdateDataReviewValue  ui_manager.o
    0x08004e24   0x08004e24   0x00000070   Code   RO          693    i.UI_UpdateEtCO2Status  ui_manager.o
    0x08004e94   0x08004e94   0x00000150   Code   RO          694    i.UI_UpdateFilterDemoStatus  ui_manager.o
    0x08004fe4   0x08004fe4   0x0000006c   Code   RO          695    i.UI_UpdateFilterStatus  ui_manager.o
    0x08005050   0x08005050   0x00000074   Code   RO          696    i.UI_UpdateGain     ui_manager.o
    0x080050c4   0x080050c4   0x0000005c   Code   RO          697    i.UI_UpdateGainValue  ui_manager.o
    0x08005120   0x08005120   0x0000008c   Code   RO          698    i.UI_UpdatePwm      ui_manager.o
    0x080051ac   0x080051ac   0x00000084   Code   RO          699    i.UI_UpdateRCalibValue  ui_manager.o
    0x08005230   0x08005230   0x000000ac   Code   RO          700    i.UI_UpdateSystemSetStatus  ui_manager.o
    0x080052dc   0x080052dc   0x00000134   Code   RO          701    i.UI_UpdateWave     ui_manager.o
    0x08005410   0x08005410   0x00000078   Code   RO          702    i.UI_UpdateWorkModeStatus  ui_manager.o
    0x08005488   0x08005488   0x00000084   Code   RO          703    i.UI_WaveMapY       ui_manager.o
    0x0800550c   0x0800550c   0x0000034c   Code   RO          704    i.UI_WavePushSample  ui_manager.o
    0x08005858   0x08005858   0x00000168   Code   RO          705    i.UI_WaveReset      ui_manager.o
    0x080059c0   0x080059c0   0x0000009c   Code   RO         1420    i.USART0_IRQHandler  uart0.o
    0x08005a5c   0x08005a5c   0x00000088   Code   RO         1313    i.USART1_IRQHandler  uart1.o
    0x08005ae4   0x08005ae4   0x00000004   Code   RO         3247    i.UsageFault_Handler  gd32f30x_it.o
    0x08005ae8   0x08005ae8   0x00000018   Code   RO         1421    i.WriteReceiveBuf   uart0.o
    0x08005b00   0x08005b00   0x00000014   Code   RO         1314    i.WriteReceiveBuf1  uart1.o
    0x08005b14   0x08005b14   0x00000020   Code   RO         3662    i.__0printf$8       mc_w.l(printf8.o)
    0x08005b34   0x08005b34   0x00000028   Code   RO         3664    i.__0sprintf$8      mc_w.l(printf8.o)
    0x08005b5c   0x08005b5c   0x0000000e   Code   RO         3830    i.__scatterload_copy  mc_w.l(handlers.o)
    0x08005b6a   0x08005b6a   0x00000002   Code   RO         3831    i.__scatterload_null  mc_w.l(handlers.o)
    0x08005b6c   0x08005b6c   0x0000000e   Code   RO         3832    i.__scatterload_zeroinit  mc_w.l(handlers.o)
    0x08005b7a   0x08005b7a   0x00000002   PAD
    0x08005b7c   0x08005b7c   0x00000410   Code   RO         3669    i._printf_core      mc_w.l(printf8.o)
    0x08005f8c   0x08005f8c   0x00000024   Code   RO         3670    i._printf_post_padding  mc_w.l(printf8.o)
    0x08005fb0   0x08005fb0   0x0000002e   Code   RO         3671    i._printf_pre_padding  mc_w.l(printf8.o)
    0x08005fde   0x08005fde   0x0000000a   Code   RO         3673    i._sputc            mc_w.l(printf8.o)
    0x08005fe8   0x08005fe8   0x0000000a   Code   RO         1044    i.ad5160_delay      speaker.o
    0x08005ff2   0x08005ff2   0x00000002   PAD
    0x08005ff4   0x08005ff4   0x00000064   Code   RO         1045    i.ad5160_write      speaker.o
    0x08006058   0x08006058   0x0000002a   Code   RO         1514    i.adc_calibration_enable  gd32f30x_adc.o
    0x08006082   0x08006082   0x00000046   Code   RO         1515    i.adc_channel_length_config  gd32f30x_adc.o
    0x080060c8   0x080060c8   0x00000016   Code   RO         1516    i.adc_data_alignment_config  gd32f30x_adc.o
    0x080060de   0x080060de   0x00000002   PAD
    0x080060e0   0x080060e0   0x00000058   Code   RO         1517    i.adc_deinit        gd32f30x_adc.o
    0x08006138   0x08006138   0x00000012   Code   RO         1522    i.adc_enable        gd32f30x_adc.o
    0x0800614a   0x0800614a   0x0000003e   Code   RO         1523    i.adc_external_trigger_config  gd32f30x_adc.o
    0x08006188   0x08006188   0x00000030   Code   RO         1524    i.adc_external_trigger_source_config  gd32f30x_adc.o
    0x080061b8   0x080061b8   0x00000008   Code   RO         1525    i.adc_flag_clear    gd32f30x_adc.o
    0x080061c0   0x080061c0   0x0000000e   Code   RO         1526    i.adc_flag_get      gd32f30x_adc.o
    0x080061ce   0x080061ce   0x000000ac   Code   RO         1538    i.adc_regular_channel_config  gd32f30x_adc.o
    0x0800627a   0x0800627a   0x00000008   Code   RO         1539    i.adc_regular_data_read  gd32f30x_adc.o
    0x08006282   0x08006282   0x0000001e   Code   RO         1541    i.adc_software_trigger_enable  gd32f30x_adc.o
    0x080062a0   0x080062a0   0x0000005a   Code   RO         1542    i.adc_special_function_config  gd32f30x_adc.o
    0x080062fa   0x080062fa   0x00000002   PAD
    0x080062fc   0x080062fc   0x00000018   Code   RO         2100    i.exti_flag_get     gd32f30x_exti.o
    0x08006314   0x08006314   0x000000b8   Code   RO         2101    i.exti_init         gd32f30x_exti.o
    0x080063cc   0x080063cc   0x00000010   Code   RO         2102    i.exti_interrupt_disable  gd32f30x_exti.o
    0x080063dc   0x080063dc   0x00000010   Code   RO         2103    i.exti_interrupt_enable  gd32f30x_exti.o
    0x080063ec   0x080063ec   0x0000000c   Code   RO         2104    i.exti_interrupt_flag_clear  gd32f30x_exti.o
    0x080063f8   0x080063f8   0x00000018   Code   RO         1767    i.fmc_wscnt_set     gd32f30x_fmc.o
    0x08006410   0x08006410   0x00000024   Code   RO         1424    i.fputc             uart0.o
    0x08006434   0x08006434   0x00000004   Code   RO         1969    i.gpio_bit_reset    gd32f30x_gpio.o
    0x08006438   0x08006438   0x00000004   Code   RO         1970    i.gpio_bit_set      gd32f30x_gpio.o
    0x0800643c   0x0800643c   0x0000000a   Code   RO         1971    i.gpio_bit_write    gd32f30x_gpio.o
    0x08006446   0x08006446   0x00000002   PAD
    0x08006448   0x08006448   0x00000098   Code   RO         1978    i.gpio_exti_source_select  gd32f30x_gpio.o
    0x080064e0   0x080064e0   0x000000bc   Code   RO         1979    i.gpio_init         gd32f30x_gpio.o
    0x0800659c   0x0800659c   0x00000010   Code   RO         1980    i.gpio_input_bit_get  gd32f30x_gpio.o
    0x080065ac   0x080065ac   0x00000008   Code   RO         1981    i.gpio_input_port_get  gd32f30x_gpio.o
    0x080065b4   0x080065b4   0x00000010   Code   RO         1982    i.gpio_output_bit_get  gd32f30x_gpio.o
    0x080065c4   0x080065c4   0x00000008   Code   RO         1983    i.gpio_output_port_get  gd32f30x_gpio.o
    0x080065cc   0x080065cc   0x00000004   Code   RO         1986    i.gpio_port_write   gd32f30x_gpio.o
    0x080065d0   0x080065d0   0x00000090   Code   RO          961    i.hr_update_smooth  spo2_algo.o
    0x08006660   0x08006660   0x00000294   Code   RO            6    i.main              main.o
    0x080068f4   0x080068f4   0x000000c4   Code   RO         2183    i.nvic_irq_enable   gd32f30x_misc.o
    0x080069b8   0x080069b8   0x00000014   Code   RO         2184    i.nvic_priority_group_set  gd32f30x_misc.o
    0x080069cc   0x080069cc   0x00000004   Code   RO         3449    i.putc              mc_w.l(putc.o)
    0x080069d0   0x080069d0   0x0000006c   Code   RO         2238    i.rcu_adc_clock_config  gd32f30x_rcu.o
    0x08006a3c   0x08006a3c   0x00000018   Code   RO         2239    i.rcu_ahb_clock_config  gd32f30x_rcu.o
    0x08006a54   0x08006a54   0x00000018   Code   RO         2241    i.rcu_apb1_clock_config  gd32f30x_rcu.o
    0x08006a6c   0x08006a6c   0x00000018   Code   RO         2242    i.rcu_apb2_clock_config  gd32f30x_rcu.o
    0x08006a84   0x08006a84   0x00000158   Code   RO         2247    i.rcu_clock_freq_get  gd32f30x_rcu.o
    0x08006bdc   0x08006bdc   0x00000054   Code   RO         2249    i.rcu_deinit        gd32f30x_rcu.o
    0x08006c30   0x08006c30   0x00000024   Code   RO         2250    i.rcu_flag_get      gd32f30x_rcu.o
    0x08006c54   0x08006c54   0x00000020   Code   RO         2262    i.rcu_osci_on       gd32f30x_rcu.o
    0x08006c74   0x08006c74   0x00000110   Code   RO         2263    i.rcu_osci_stab_wait  gd32f30x_rcu.o
    0x08006d84   0x08006d84   0x00000020   Code   RO         2265    i.rcu_periph_clock_enable  gd32f30x_rcu.o
    0x08006da4   0x08006da4   0x00000020   Code   RO         2268    i.rcu_periph_reset_disable  gd32f30x_rcu.o
    0x08006dc4   0x08006dc4   0x00000020   Code   RO         2269    i.rcu_periph_reset_enable  gd32f30x_rcu.o
    0x08006de4   0x08006de4   0x00000020   Code   RO         2270    i.rcu_pll_config    gd32f30x_rcu.o
    0x08006e04   0x08006e04   0x00000018   Code   RO         2271    i.rcu_pllpresel_config  gd32f30x_rcu.o
    0x08006e1c   0x08006e1c   0x00000020   Code   RO         2272    i.rcu_predv0_config  gd32f30x_rcu.o
    0x08006e3c   0x08006e3c   0x00000018   Code   RO         2274    i.rcu_system_clock_source_config  gd32f30x_rcu.o
    0x08006e54   0x08006e54   0x00000010   Code   RO         2275    i.rcu_system_clock_source_get  gd32f30x_rcu.o
    0x08006e64   0x08006e64   0x0000028c   Code   RO          962    i.spo2_calc_hr_period  spo2_algo.o
    0x080070f0   0x080070f0   0x000000b0   Code   RO          963    i.spo2_find_minmax_in_period  spo2_algo.o
    0x080071a0   0x080071a0   0x0000007c   Code   RO          964    i.spo2_is_dropout_by_ac  spo2_algo.o
    0x0800721c   0x0800721c   0x00000060   Code   RO          965    i.spo2_simple_iir_filter  spo2_algo.o
    0x0800727c   0x0800727c   0x000000e8   Code   RO          966    i.spo2_update_history  spo2_algo.o
    0x08007364   0x08007364   0x00000110   Code   RO         3313    i.system_clock_120m_hxtal  system_gd32f30x.o
    0x08007474   0x08007474   0x00000008   Code   RO         3314    i.system_clock_config  system_gd32f30x.o
    0x0800747c   0x0800747c   0x000000dc   Code   RO         2517    i.timer_deinit      gd32f30x_timer.o
    0x08007558   0x08007558   0x0000000a   Code   RO         2522    i.timer_enable      gd32f30x_timer.o
    0x08007562   0x08007562   0x00000002   PAD
    0x08007564   0x08007564   0x00000098   Code   RO         2532    i.timer_init        gd32f30x_timer.o
    0x080075fc   0x080075fc   0x00000008   Code   RO         2539    i.timer_interrupt_enable  gd32f30x_timer.o
    0x08007604   0x08007604   0x00000006   Code   RO         2540    i.timer_interrupt_flag_clear  gd32f30x_timer.o
    0x0800760a   0x0800760a   0x00000018   Code   RO         2541    i.timer_interrupt_flag_get  gd32f30x_timer.o
    0x08007622   0x08007622   0x00000016   Code   RO         2552    i.timer_struct_para_init  gd32f30x_timer.o
    0x08007638   0x08007638   0x00000090   Code   RO         2927    i.usart_baudrate_set  gd32f30x_usart.o
    0x080076c8   0x080076c8   0x0000000a   Code   RO         2930    i.usart_data_receive  gd32f30x_usart.o
    0x080076d2   0x080076d2   0x00000008   Code   RO         2931    i.usart_data_transmit  gd32f30x_usart.o
    0x080076da   0x080076da   0x00000002   PAD
    0x080076dc   0x080076dc   0x00000090   Code   RO         2932    i.usart_deinit      gd32f30x_usart.o
    0x0800776c   0x0800776c   0x0000000a   Code   RO         2936    i.usart_enable      gd32f30x_usart.o
    0x08007776   0x08007776   0x0000001e   Code   RO         2938    i.usart_flag_get    gd32f30x_usart.o
    0x08007794   0x08007794   0x0000001a   Code   RO         2944    i.usart_interrupt_disable  gd32f30x_usart.o
    0x080077ae   0x080077ae   0x0000001a   Code   RO         2945    i.usart_interrupt_enable  gd32f30x_usart.o
    0x080077c8   0x080077c8   0x0000001a   Code   RO         2946    i.usart_interrupt_flag_clear  gd32f30x_usart.o
    0x080077e2   0x080077e2   0x00000038   Code   RO         2947    i.usart_interrupt_flag_get  gd32f30x_usart.o
    0x0800781a   0x0800781a   0x00000010   Code   RO         2958    i.usart_parity_config  gd32f30x_usart.o
    0x0800782a   0x0800782a   0x00000010   Code   RO         2960    i.usart_receive_config  gd32f30x_usart.o
    0x0800783a   0x0800783a   0x00000010   Code   RO         2970    i.usart_stop_bit_set  gd32f30x_usart.o
    0x0800784a   0x0800784a   0x00000010   Code   RO         2974    i.usart_transmit_config  gd32f30x_usart.o
    0x0800785a   0x0800785a   0x00000010   Code   RO         2975    i.usart_word_length_set  gd32f30x_usart.o
    0x0800786a   0x0800786a   0x000005f0   Data   RO          425    .constdata          lcd.o
    0x08007e5a   0x08007e5a   0x00000004   Data   RO          707    .constdata          ui_manager.o
    0x08007e5e   0x08007e5e   0x00000040   Data   RO         3826    .constdata          mc_w.l(ctype_c.o)
    0x08007e9e   0x08007e9e   0x00000002   PAD
    0x08007ea0   0x08007ea0   0x00000074   Data   RO          708    .conststring        ui_manager.o
    0x08007f14   0x08007f14   0x00000020   Data   RO         3828    Region$$Table       anon$$obj.o


    Execution Region RW_IRAM1 (Exec base: 0x20000000, Load base: 0x08007f34, Size: 0x00002798, Max: 0x00010000, ABSOLUTE)

    Exec Addr    Load Addr    Size         Type   Attr      Idx    E Section Name        Object

    0x20000000   0x08007f34   0x0000001e   Data   RW          257    .data               keyone.o
    0x2000001e   0x08007f52   0x00000004   Data   RW          426    .data               lcd.o
    0x20000022   0x08007f56   0x00000002   PAD
    0x20000024   0x08007f58   0x00000060   Data   RW          709    .data               ui_manager.o
    0x20000084   0x08007fb8   0x00000028   Data   RW          968    .data               spo2_algo.o
    0x200000ac   0x08007fe0   0x00000005   Data   RW         1046    .data               speaker.o
    0x200000b1   0x08007fe5   0x00000001   PAD
    0x200000b2   0x08007fe6   0x0000000d   Data   RW         1099    .data               power.o
    0x200000bf   0x08007ff3   0x00000001   PAD
    0x200000c0   0x08007ff4   0x00000006   Data   RW         1194    .data               timer.o
    0x200000c6   0x08007ffa   0x00000011   Data   RW         1316    .data               uart1.o
    0x200000d7   0x0800800b   0x00000001   PAD
    0x200000d8   0x0800800c   0x00000008   Data   RW         1426    .data               uart0.o
    0x200000e0   0x08008014   0x00000004   Data   RW         3315    .data               system_gd32f30x.o
    0x200000e4   0x08008018   0x00000004   Data   RW         3390    .data               systick.o
    0x200000e8        -       0x0000000e   Zero   RW          424    .bss                lcd.o
    0x200000f6        -       0x0000000a   Zero   RW          706    .bss                ui_manager.o
    0x20000100        -       0x00001934   Zero   RW          967    .bss                spo2_algo.o
    0x20001a34        -       0x0000086a   Zero   RW         1315    .bss                uart1.o
    0x2000229e   0x0800801c   0x00000002   PAD
    0x200022a0        -       0x000000f4   Zero   RW         1425    .bss                uart0.o
    0x20002394   0x0800801c   0x00000004   PAD
    0x20002398        -       0x00000400   Zero   RW         3351    STACK               startup_gd32f30x_hd.o


==============================================================================

Image component sizes


      Code (inc. data)   RO Data    RW Data    ZI Data      Debug   Object Name

       672          4          0          0          0       8111   gd32f30x_adc.o
       252         26          0          0          0       2825   gd32f30x_exti.o
        24          6          0          0          0        524   gd32f30x_fmc.o
       410          6          0          0          0       6157   gd32f30x_gpio.o
        24          0          0          0          0       3740   gd32f30x_it.o
       216         20          0          0          0       1372   gd32f30x_misc.o
      1172        146          0          0          0      10360   gd32f30x_rcu.o
       442         40          0          0          0       4481   gd32f30x_timer.o
       560         16          0          0          0       9108   gd32f30x_usart.o
      1080         94          0         30          0       5653   keyone.o
      2616        202       1520          4         14      17514   lcd.o
       200         20          0          0          0       2380   led.o
       746        252          0          0          0      67831   main.o
        20          0          0          0          0        895   nvic.o
      1012        110          0         13          0       4233   power.o
       108         44          0          0          0       5261   prockeyone.o
       190          0          0          0          0       3205   queue.o
       112          0          0          0          0       1002   rcu.o
       530         62          0          5          0       3618   speaker.o
      2656        282          0         40       6452      13367   spo2_algo.o
        36          8        304          0       1024        836   startup_gd32f30x_hd.o
       360         30          0          4          0       1843   system_gd32f30x.o
       160         24          0          4          0      28758   systick.o
       368         54          0          6          0       4866   timer.o
       508         76          0          8        244      33437   uart0.o
      1354        194          0         17       2154      10024   uart1.o
     11776       2812        120         96         10      34225   ui_manager.o

    ----------------------------------------------------------------------
     27630       4528       1976        232       9904     285626   Object Totals
         0          0         32          0          0          0   (incl. Generated)
        26          0          0          5          6          0   (incl. Padding)

    ----------------------------------------------------------------------

      Code (inc. data)   RO Data    RW Data    ZI Data      Debug   Library Member Name

        56          8          0          0          0         84   __0sscanf.o
        28          0          0          0          0         68   _chval.o
       812          4          0          0          0        112   _scanf.o
       332          0          0          0          0         96   _scanf_int.o
        64          0          0          0          0         84   _sgetc.o
        40          6         64          0          0         68   ctype_c.o
         0          0          0          0          0          0   entry.o
         0          0          0          0          0          0   entry10a.o
         0          0          0          0          0          0   entry11a.o
         8          4          0          0          0          0   entry2.o
         4          0          0          0          0          0   entry5.o
         0          0          0          0          0          0   entry7b.o
         0          0          0          0          0          0   entry8b.o
         8          4          0          0          0          0   entry9a.o
        30          0          0          0          0          0   handlers.o
        36          8          0          0          0         68   init.o
        10          0          0          0          0         68   isspace_c.o
        30          0          0          0          0         68   llshl.o
        32          0          0          0          0         68   llushr.o
        36          0          0          0          0        108   memseta.o
      1204         60          0          0          0        504   printf8.o
         4          0          0          0          0         68   putc.o
        40          8          0          0          0         84   scanf_char.o
        14          0          0          0          0         68   strlen.o
        98          0          0          0          0         92   uldiv.o

    ----------------------------------------------------------------------
      2892        102         66          0          0       1708   Library Totals
         6          0          2          0          0          0   (incl. Padding)

    ----------------------------------------------------------------------

      Code (inc. data)   RO Data    RW Data    ZI Data      Debug   Library Name

      2886        102         64          0          0       1708   mc_w.l

    ----------------------------------------------------------------------
      2892        102         66          0          0       1708   Library Totals

    ----------------------------------------------------------------------

==============================================================================


      Code (inc. data)   RO Data    RW Data    ZI Data      Debug   

     30522       4630       2042        232       9904     262454   Grand Totals
     30522       4630       2042        232       9904     262454   ELF Image Totals
     30522       4630       2042        232          0          0   ROM Totals

==============================================================================

    Total RO  Size (Code + RO Data)                32564 (  31.80kB)
    Total RW  Size (RW Data + ZI Data)             10136 (   9.90kB)
    Total ROM Size (Code + RO Data + RW Data)      32796 (  32.03kB)

==============================================================================

