Component: ARM Compiler 5.06 update 6 (build 750) Tool: armlink [4d35ed]

==============================================================================

Section Cross References

    main.o(i.InitHardware) refers to nvic.o(i.InitNVIC) for InitNVIC
    main.o(i.InitHardware) refers to uart0.o(i.InitUART0) for InitUART0
    main.o(i.InitHardware) refers to main.o(i.InitLED) for InitLED
    main.o(i.InitHardware) refers to spo2_driver.o(i.SPO2_Driver_Init) for SPO2_Driver_Init
    main.o(i.InitHardware) refers to timer.o(i.InitTimer) for InitTimer
    main.o(i.InitHardware) refers to main.o(i.InitWatchdog) for InitWatchdog
    main.o(i.InitWatchdog) refers to gd32f3x0_fwdgt.o(i.fwdgt_write_enable) for fwdgt_write_enable
    main.o(i.InitWatchdog) refers to gd32f3x0_fwdgt.o(i.fwdgt_config) for fwdgt_config
    main.o(i.InitWatchdog) refers to gd32f3x0_fwdgt.o(i.fwdgt_enable) for fwdgt_enable
    main.o(i.SendWavePair) refers to printf1.o(i.__0printf$1) for __2printf
    main.o(i.main) refers to main.o(i.InitHardware) for InitHardware
    main.o(i.main) refers to main.o(i.InitSoftware) for InitSoftware
    main.o(i.main) refers to spo2_driver.o(i.SPO2_SetAGCEnable) for SPO2_SetAGCEnable
    main.o(i.main) refers to spo2_driver.o(i.SPO2_SetGain) for SPO2_SetGain
    main.o(i.main) refers to gd32f3x0_fwdgt.o(i.fwdgt_counter_reload) for fwdgt_counter_reload
    main.o(i.main) refers to uart0.o(i.UART0_GetCmd) for UART0_GetCmd
    main.o(i.main) refers to spo2_driver.o(i.SPO2_GetGain) for SPO2_GetGain
    main.o(i.main) refers to spo2_driver.o(i.SPO2_GetWaveSeq) for SPO2_GetWaveSeq
    main.o(i.main) refers to spo2_driver.o(i.SPO2_GetRawADC) for SPO2_GetRawADC
    main.o(i.main) refers to main.o(i.SendWavePair) for SendWavePair
    main.o(i.main) refers to spo2_driver.o(i.SPO2_GetPwmPulse) for SPO2_GetPwmPulse
    main.o(i.main) refers to printf1.o(i.__0printf$1) for __2printf
    main.o(i.main) refers to main.o(.data) for s_pwm_tick
    spo2_driver.o(i.ADC_Read_Fast) refers to gd32f3x0_adc.o(i.adc_regular_channel_config) for adc_regular_channel_config
    spo2_driver.o(i.ADC_Read_Fast) refers to gd32f3x0_adc.o(i.adc_flag_clear) for adc_flag_clear
    spo2_driver.o(i.ADC_Read_Fast) refers to gd32f3x0_adc.o(i.adc_software_trigger_enable) for adc_software_trigger_enable
    spo2_driver.o(i.ADC_Read_Fast) refers to gd32f3x0_adc.o(i.adc_flag_get) for adc_flag_get
    spo2_driver.o(i.ADC_Read_Fast) refers to gd32f3x0_adc.o(i.adc_regular_data_read) for adc_regular_data_read
    spo2_driver.o(i.SPO2_Driver_Init) refers to gd32f3x0_rcu.o(i.rcu_periph_clock_enable) for rcu_periph_clock_enable
    spo2_driver.o(i.SPO2_Driver_Init) refers to gd32f3x0_pmu.o(i.pmu_backup_write_enable) for pmu_backup_write_enable
    spo2_driver.o(i.SPO2_Driver_Init) refers to gd32f3x0_gpio.o(i.gpio_mode_set) for gpio_mode_set
    spo2_driver.o(i.SPO2_Driver_Init) refers to gd32f3x0_gpio.o(i.gpio_output_options_set) for gpio_output_options_set
    spo2_driver.o(i.SPO2_Driver_Init) refers to gd32f3x0_gpio.o(i.gpio_bit_reset) for gpio_bit_reset
    spo2_driver.o(i.SPO2_Driver_Init) refers to spo2_driver.o(i.SPO2_SetGain) for SPO2_SetGain
    spo2_driver.o(i.SPO2_Driver_Init) refers to spo2_driver.o(i.SPO2_PWM_Init) for SPO2_PWM_Init
    spo2_driver.o(i.SPO2_Driver_Init) refers to gd32f3x0_adc.o(i.adc_deinit) for adc_deinit
    spo2_driver.o(i.SPO2_Driver_Init) refers to gd32f3x0_rcu.o(i.rcu_adc_clock_config) for rcu_adc_clock_config
    spo2_driver.o(i.SPO2_Driver_Init) refers to gd32f3x0_adc.o(i.adc_special_function_config) for adc_special_function_config
    spo2_driver.o(i.SPO2_Driver_Init) refers to gd32f3x0_adc.o(i.adc_data_alignment_config) for adc_data_alignment_config
    spo2_driver.o(i.SPO2_Driver_Init) refers to gd32f3x0_adc.o(i.adc_resolution_config) for adc_resolution_config
    spo2_driver.o(i.SPO2_Driver_Init) refers to gd32f3x0_adc.o(i.adc_channel_length_config) for adc_channel_length_config
    spo2_driver.o(i.SPO2_Driver_Init) refers to gd32f3x0_adc.o(i.adc_external_trigger_source_config) for adc_external_trigger_source_config
    spo2_driver.o(i.SPO2_Driver_Init) refers to gd32f3x0_adc.o(i.adc_external_trigger_config) for adc_external_trigger_config
    spo2_driver.o(i.SPO2_Driver_Init) refers to gd32f3x0_adc.o(i.adc_enable) for adc_enable
    spo2_driver.o(i.SPO2_Driver_Init) refers to gd32f3x0_adc.o(i.adc_calibration_enable) for adc_calibration_enable
    spo2_driver.o(i.SPO2_GetAGCEnable) refers to spo2_driver.o(.data) for g_agc_enable
    spo2_driver.o(i.SPO2_GetGain) refers to spo2_driver.o(.data) for g_gain_code
    spo2_driver.o(i.SPO2_GetPwmPulse) refers to spo2_driver.o(.data) for g_red_pwm_pulse
    spo2_driver.o(i.SPO2_GetRawADC) refers to spo2_driver.o(.data) for g_raw_red_adc
    spo2_driver.o(i.SPO2_GetWaveSeq) refers to spo2_driver.o(.data) for g_wave_red_seq
    spo2_driver.o(i.SPO2_PWM_Init) refers to gd32f3x0_rcu.o(i.rcu_periph_clock_enable) for rcu_periph_clock_enable
[...]
    Removing gd32f3x0_fmc.o(i.ob_unlock), (36 bytes).
    Removing gd32f3x0_fmc.o(i.ob_user_get), (16 bytes).
    Removing gd32f3x0_fmc.o(i.ob_user_write), (144 bytes).
    Removing gd32f3x0_fmc.o(i.ob_value_modify), (172 bytes).
    Removing gd32f3x0_fmc.o(i.ob_write_protection_enable), (248 bytes).
    Removing gd32f3x0_fmc.o(i.ob_write_protection_get), (12 bytes).
    Removing gd32f3x0_fwdgt.o(.rev16_text), (4 bytes).
    Removing gd32f3x0_fwdgt.o(.revsh_text), (4 bytes).
    Removing gd32f3x0_fwdgt.o(i.fwdgt_flag_get), (24 bytes).
    Removing gd32f3x0_fwdgt.o(i.fwdgt_window_value_config), (64 bytes).
    Removing gd32f3x0_fwdgt.o(i.fwdgt_write_disable), (12 bytes).
    Removing gd32f3x0_gpio.o(.rev16_text), (4 bytes).
    Removing gd32f3x0_gpio.o(.revsh_text), (4 bytes).
    Removing gd32f3x0_gpio.o(i.gpio_bit_toggle), (4 bytes).
    Removing gd32f3x0_gpio.o(i.gpio_bit_write), (10 bytes).
    Removing gd32f3x0_gpio.o(i.gpio_deinit), (148 bytes).
    Removing gd32f3x0_gpio.o(i.gpio_input_bit_get), (16 bytes).
    Removing gd32f3x0_gpio.o(i.gpio_input_port_get), (8 bytes).
    Removing gd32f3x0_gpio.o(i.gpio_output_bit_get), (16 bytes).
    Removing gd32f3x0_gpio.o(i.gpio_output_port_get), (8 bytes).
    Removing gd32f3x0_gpio.o(i.gpio_pin_lock), (18 bytes).
    Removing gd32f3x0_gpio.o(i.gpio_port_toggle), (8 bytes).
    Removing gd32f3x0_gpio.o(i.gpio_port_write), (4 bytes).
    Removing gd32f3x0_i2c.o(.rev16_text), (4 bytes).
    Removing gd32f3x0_i2c.o(.revsh_text), (4 bytes).
    Removing gd32f3x0_i2c.o(i.i2c_ack_config), (24 bytes).
    Removing gd32f3x0_i2c.o(i.i2c_ackpos_config), (22 bytes).
    Removing gd32f3x0_i2c.o(i.i2c_clock_config), (312 bytes).
    Removing gd32f3x0_i2c.o(i.i2c_data_receive), (8 bytes).
    Removing gd32f3x0_i2c.o(i.i2c_data_transmit), (6 bytes).
    Removing gd32f3x0_i2c.o(i.i2c_deinit), (64 bytes).
    Removing gd32f3x0_i2c.o(i.i2c_disable), (10 bytes).
    Removing gd32f3x0_i2c.o(i.i2c_dma_enable), (16 bytes).
    Removing gd32f3x0_i2c.o(i.i2c_dma_last_transfer_config), (16 bytes).
    Removing gd32f3x0_i2c.o(i.i2c_dualaddr_disable), (10 bytes).
    Removing gd32f3x0_i2c.o(i.i2c_dualaddr_enable), (12 bytes).
    Removing gd32f3x0_i2c.o(i.i2c_enable), (10 bytes).
    Removing gd32f3x0_i2c.o(i.i2c_flag_clear), (40 bytes).
    Removing gd32f3x0_i2c.o(i.i2c_flag_get), (30 bytes).
    Removing gd32f3x0_i2c.o(i.i2c_interrupt_disable), (26 bytes).
    Removing gd32f3x0_i2c.o(i.i2c_interrupt_enable), (26 bytes).
    Removing gd32f3x0_i2c.o(i.i2c_interrupt_flag_clear), (44 bytes).
    Removing gd32f3x0_i2c.o(i.i2c_interrupt_flag_get), (92 bytes).
    Removing gd32f3x0_i2c.o(i.i2c_master_addressing), (20 bytes).
    Removing gd32f3x0_i2c.o(i.i2c_mode_addr_config), (28 bytes).
    Removing gd32f3x0_i2c.o(i.i2c_pec_enable), (16 bytes).
    Removing gd32f3x0_i2c.o(i.i2c_pec_transfer_enable), (16 bytes).
    Removing gd32f3x0_i2c.o(i.i2c_pec_value_get), (10 bytes).
    Removing gd32f3x0_i2c.o(i.i2c_slave_response_to_gcall_config), (16 bytes).
    Removing gd32f3x0_i2c.o(i.i2c_smbus_arp_enable), (16 bytes).
    Removing gd32f3x0_i2c.o(i.i2c_smbus_issue_alert), (16 bytes).
    Removing gd32f3x0_i2c.o(i.i2c_smbus_type_config), (24 bytes).
    Removing gd32f3x0_i2c.o(i.i2c_software_reset_config), (16 bytes).
    Removing gd32f3x0_i2c.o(i.i2c_start_on_bus), (10 bytes).
    Removing gd32f3x0_i2c.o(i.i2c_stop_on_bus), (10 bytes).
    Removing gd32f3x0_i2c.o(i.i2c_stretch_scl_low_config), (16 bytes).
    Removing gd32f3x0_misc.o(.rev16_text), (4 bytes).
    Removing gd32f3x0_misc.o(.revsh_text), (4 bytes).
    Removing gd32f3x0_misc.o(i.nvic_irq_disable), (24 bytes).
    Removing gd32f3x0_misc.o(i.system_lowpower_reset), (16 bytes).
    Removing gd32f3x0_misc.o(i.system_lowpower_set), (16 bytes).
    Removing gd32f3x0_misc.o(i.systick_clksource_set), (40 bytes).
    Removing gd32f3x0_pmu.o(.rev16_text), (4 bytes).
    Removing gd32f3x0_pmu.o(.revsh_text), (4 bytes).
    Removing gd32f3x0_pmu.o(i.pmu_backup_write_disable), (20 bytes).
    Removing gd32f3x0_pmu.o(i.pmu_deinit), (20 bytes).
    Removing gd32f3x0_pmu.o(i.pmu_flag_clear), (44 bytes).
    Removing gd32f3x0_pmu.o(i.pmu_flag_get), (20 bytes).
    Removing gd32f3x0_pmu.o(i.pmu_highdriver_mode_disable), (20 bytes).
    Removing gd32f3x0_pmu.o(i.pmu_highdriver_mode_enable), (20 bytes).
    Removing gd32f3x0_pmu.o(i.pmu_highdriver_switch_select), (44 bytes).
    Removing gd32f3x0_pmu.o(i.pmu_ldo_output_select), (28 bytes).
    Removing gd32f3x0_pmu.o(i.pmu_lowdriver_mode_disable), (24 bytes).
    Removing gd32f3x0_pmu.o(i.pmu_lowdriver_mode_enable), (28 bytes).
    Removing gd32f3x0_pmu.o(i.pmu_lowpower_driver_config), (28 bytes).
    Removing gd32f3x0_pmu.o(i.pmu_lvd_disable), (20 bytes).
    Removing gd32f3x0_pmu.o(i.pmu_lvd_select), (48 bytes).
    Removing gd32f3x0_pmu.o(i.pmu_normalpower_driver_config), (28 bytes).
    Removing gd32f3x0_pmu.o(i.pmu_to_deepsleepmode), (196 bytes).
    Removing gd32f3x0_pmu.o(i.pmu_to_sleepmode), (28 bytes).
    Removing gd32f3x0_pmu.o(i.pmu_to_standbymode), (52 bytes).
    Removing gd32f3x0_pmu.o(i.pmu_wakeup_pin_disable), (16 bytes).
    Removing gd32f3x0_pmu.o(i.pmu_wakeup_pin_enable), (16 bytes).
    Removing gd32f3x0_pmu.o(.bss), (16 bytes).
    Removing gd32f3x0_rcu.o(.rev16_text), (4 bytes).
    Removing gd32f3x0_rcu.o(.revsh_text), (4 bytes).
    Removing gd32f3x0_rcu.o(i.rcu_ahb_clock_config), (28 bytes).
    Removing gd32f3x0_rcu.o(i.rcu_all_reset_flag_clear), (20 bytes).
    Removing gd32f3x0_rcu.o(i.rcu_apb1_clock_config), (28 bytes).
    Removing gd32f3x0_rcu.o(i.rcu_apb2_clock_config), (28 bytes).
    Removing gd32f3x0_rcu.o(i.rcu_bkp_reset_disable), (20 bytes).
    Removing gd32f3x0_rcu.o(i.rcu_bkp_reset_enable), (20 bytes).
    Removing gd32f3x0_rcu.o(i.rcu_cec_clock_config), (28 bytes).
    Removing gd32f3x0_rcu.o(i.rcu_ck48m_clock_config), (28 bytes).
    Removing gd32f3x0_rcu.o(i.rcu_ckout_config), (28 bytes).
    Removing gd32f3x0_rcu.o(i.rcu_deepsleep_voltage_set), (36 bytes).
    Removing gd32f3x0_rcu.o(i.rcu_deinit), (164 bytes).
    Removing gd32f3x0_rcu.o(i.rcu_flag_get), (36 bytes).
    Removing gd32f3x0_rcu.o(i.rcu_hxtal_clock_monitor_disable), (20 bytes).
    Removing gd32f3x0_rcu.o(i.rcu_hxtal_clock_monitor_enable), (20 bytes).
    Removing gd32f3x0_rcu.o(i.rcu_hxtal_prediv_config), (24 bytes).
    Removing gd32f3x0_rcu.o(i.rcu_interrupt_disable), (32 bytes).
    Removing gd32f3x0_rcu.o(i.rcu_interrupt_enable), (32 bytes).
    Removing gd32f3x0_rcu.o(i.rcu_interrupt_flag_clear), (32 bytes).
    Removing gd32f3x0_rcu.o(i.rcu_interrupt_flag_get), (36 bytes).
    Removing gd32f3x0_rcu.o(i.rcu_irc28m_adjust_value_set), (24 bytes).
    Removing gd32f3x0_rcu.o(i.rcu_irc8m_adjust_value_set), (24 bytes).
    Removing gd32f3x0_rcu.o(i.rcu_lxtal_drive_capability_config), (28 bytes).
    Removing gd32f3x0_rcu.o(i.rcu_osci_bypass_mode_disable), (108 bytes).
    Removing gd32f3x0_rcu.o(i.rcu_osci_bypass_mode_enable), (108 bytes).
    Removing gd32f3x0_rcu.o(i.rcu_osci_off), (32 bytes).
    Removing gd32f3x0_rcu.o(i.rcu_osci_on), (32 bytes).
    Removing gd32f3x0_rcu.o(i.rcu_osci_stab_wait), (312 bytes).
    Removing gd32f3x0_rcu.o(i.rcu_periph_clock_disable), (32 bytes).
    Removing gd32f3x0_rcu.o(i.rcu_periph_clock_sleep_disable), (32 bytes).
    Removing gd32f3x0_rcu.o(i.rcu_periph_clock_sleep_enable), (32 bytes).
    Removing gd32f3x0_rcu.o(i.rcu_pll_config), (64 bytes).
    Removing gd32f3x0_rcu.o(i.rcu_pll_preselection_config), (28 bytes).
    Removing gd32f3x0_rcu.o(i.rcu_pllpresel_config), (20 bytes).
    Removing gd32f3x0_rcu.o(i.rcu_predv0_config), (20 bytes).
    Removing gd32f3x0_rcu.o(i.rcu_rtc_clock_config), (28 bytes).
    Removing gd32f3x0_rcu.o(i.rcu_system_clock_source_config), (28 bytes).
    Removing gd32f3x0_rcu.o(i.rcu_system_clock_source_get), (16 bytes).
    Removing gd32f3x0_rcu.o(i.rcu_usart_clock_config), (28 bytes).
    Removing gd32f3x0_rcu.o(i.rcu_usbfs_clock_config), (56 bytes).
    Removing gd32f3x0_rcu.o(i.rcu_voltage_key_unlock), (40 bytes).
    Removing gd32f3x0_rtc.o(.rev16_text), (4 bytes).
    Removing gd32f3x0_rtc.o(.revsh_text), (4 bytes).
    Removing gd32f3x0_rtc.o(i.rtc_alarm_config), (84 bytes).
    Removing gd32f3x0_rtc.o(i.rtc_alarm_disable), (80 bytes).
    Removing gd32f3x0_rtc.o(i.rtc_alarm_enable), (40 bytes).
    Removing gd32f3x0_rtc.o(i.rtc_alarm_get), (56 bytes).
    Removing gd32f3x0_rtc.o(i.rtc_alarm_subsecond_config), (32 bytes).
    Removing gd32f3x0_rtc.o(i.rtc_alarm_subsecond_get), (16 bytes).
    Removing gd32f3x0_rtc.o(i.rtc_alter_output_config), (76 bytes).
    Removing gd32f3x0_rtc.o(i.rtc_bypass_shadow_disable), (40 bytes).
    Removing gd32f3x0_rtc.o(i.rtc_bypass_shadow_enable), (40 bytes).
    Removing gd32f3x0_rtc.o(i.rtc_calibration_config), (76 bytes).
    Removing gd32f3x0_rtc.o(i.rtc_current_time_get), (100 bytes).
    Removing gd32f3x0_rtc.o(i.rtc_deinit), (128 bytes).
    Removing gd32f3x0_rtc.o(i.rtc_flag_clear), (16 bytes).
    Removing gd32f3x0_rtc.o(i.rtc_flag_get), (20 bytes).
    Removing gd32f3x0_rtc.o(i.rtc_hour_adjust), (36 bytes).
    Removing gd32f3x0_rtc.o(i.rtc_init), (196 bytes).
    Removing gd32f3x0_rtc.o(i.rtc_init_mode_enter), (68 bytes).
    Removing gd32f3x0_rtc.o(i.rtc_init_mode_exit), (20 bytes).
    Removing gd32f3x0_rtc.o(i.rtc_interrupt_disable), (60 bytes).
    Removing gd32f3x0_rtc.o(i.rtc_interrupt_enable), (60 bytes).
    Removing gd32f3x0_rtc.o(i.rtc_refclock_detection_disable), (56 bytes).
    Removing gd32f3x0_rtc.o(i.rtc_refclock_detection_enable), (56 bytes).
    Removing gd32f3x0_rtc.o(i.rtc_register_sync_wait), (96 bytes).
    Removing gd32f3x0_rtc.o(i.rtc_second_adjust), (108 bytes).
    Removing gd32f3x0_rtc.o(i.rtc_subsecond_get), (20 bytes).
    Removing gd32f3x0_rtc.o(i.rtc_tamper_disable), (16 bytes).
    Removing gd32f3x0_rtc.o(i.rtc_tamper_enable), (164 bytes).
    Removing gd32f3x0_rtc.o(i.rtc_timestamp_disable), (40 bytes).
    Removing gd32f3x0_rtc.o(i.rtc_timestamp_enable), (48 bytes).
    Removing gd32f3x0_rtc.o(i.rtc_timestamp_get), (60 bytes).
    Removing gd32f3x0_rtc.o(i.rtc_timestamp_subsecond_get), (12 bytes).
    Removing gd32f3x0_spi.o(.rev16_text), (4 bytes).
    Removing gd32f3x0_spi.o(.revsh_text), (4 bytes).
    Removing gd32f3x0_spi.o(i.qspi_disable), (14 bytes).
    Removing gd32f3x0_spi.o(i.qspi_enable), (14 bytes).
    Removing gd32f3x0_spi.o(i.qspi_io23_output_disable), (14 bytes).
    Removing gd32f3x0_spi.o(i.qspi_io23_output_enable), (14 bytes).
    Removing gd32f3x0_spi.o(i.qspi_read_enable), (14 bytes).
    Removing gd32f3x0_spi.o(i.qspi_write_enable), (14 bytes).
    Removing gd32f3x0_spi.o(i.spi_bidirectional_transfer_config), (26 bytes).
    Removing gd32f3x0_spi.o(i.spi_crc_error_clear), (10 bytes).
    Removing gd32f3x0_spi.o(i.spi_crc_get), (16 bytes).
    Removing gd32f3x0_spi.o(i.spi_crc_next), (10 bytes).
    Removing gd32f3x0_spi.o(i.spi_crc_off), (10 bytes).
    Removing gd32f3x0_spi.o(i.spi_crc_on), (10 bytes).
    Removing gd32f3x0_spi.o(i.spi_crc_polynomial_get), (8 bytes).
    Removing gd32f3x0_spi.o(i.spi_crc_polynomial_set), (12 bytes).
    Removing gd32f3x0_spi.o(i.spi_disable), (10 bytes).
    Removing gd32f3x0_spi.o(i.spi_dma_disable), (22 bytes).
    Removing gd32f3x0_spi.o(i.spi_dma_enable), (22 bytes).
    Removing gd32f3x0_spi.o(i.spi_enable), (10 bytes).
    Removing gd32f3x0_spi.o(i.spi_i2s_data_frame_format_config), (16 bytes).
    Removing gd32f3x0_spi.o(i.spi_i2s_data_receive), (8 bytes).
    Removing gd32f3x0_spi.o(i.spi_i2s_data_transmit), (4 bytes).
    Removing gd32f3x0_spi.o(i.spi_i2s_deinit), (64 bytes).
    Removing gd32f3x0_spi.o(i.spi_i2s_flag_get), (16 bytes).
    Removing gd32f3x0_spi.o(i.spi_i2s_interrupt_disable), (48 bytes).
    Removing gd32f3x0_spi.o(i.spi_i2s_interrupt_enable), (48 bytes).
    Removing gd32f3x0_spi.o(i.spi_i2s_interrupt_flag_get), (112 bytes).
    Removing gd32f3x0_spi.o(i.spi_init), (50 bytes).
    Removing gd32f3x0_spi.o(i.spi_nss_internal_high), (10 bytes).
    Removing gd32f3x0_spi.o(i.spi_nss_internal_low), (10 bytes).
    Removing gd32f3x0_spi.o(i.spi_nss_output_disable), (10 bytes).
    Removing gd32f3x0_spi.o(i.spi_nss_output_enable), (10 bytes).
    Removing gd32f3x0_spi.o(i.spi_nssp_mode_disable), (10 bytes).
    Removing gd32f3x0_spi.o(i.spi_nssp_mode_enable), (10 bytes).
    Removing gd32f3x0_spi.o(i.spi_struct_para_init), (16 bytes).
    Removing gd32f3x0_spi.o(i.spi_ti_mode_disable), (10 bytes).
    Removing gd32f3x0_spi.o(i.spi_ti_mode_enable), (10 bytes).
    Removing gd32f3x0_syscfg.o(.rev16_text), (4 bytes).
    Removing gd32f3x0_syscfg.o(.revsh_text), (4 bytes).
    Removing gd32f3x0_syscfg.o(i.syscfg_compensation_config), (24 bytes).
    Removing gd32f3x0_syscfg.o(i.syscfg_cps_rdy_flag_get), (24 bytes).
    Removing gd32f3x0_syscfg.o(i.syscfg_deinit), (20 bytes).
    Removing gd32f3x0_syscfg.o(i.syscfg_dma_remap_disable), (16 bytes).
    Removing gd32f3x0_syscfg.o(i.syscfg_dma_remap_enable), (16 bytes).
    Removing gd32f3x0_syscfg.o(i.syscfg_exti_line_config), (160 bytes).
    Removing gd32f3x0_syscfg.o(i.syscfg_flag_clear), (16 bytes).
    Removing gd32f3x0_syscfg.o(i.syscfg_flag_get), (24 bytes).
    Removing gd32f3x0_syscfg.o(i.syscfg_high_current_disable), (20 bytes).
    Removing gd32f3x0_syscfg.o(i.syscfg_high_current_enable), (20 bytes).
    Removing gd32f3x0_syscfg.o(i.syscfg_lock_config), (16 bytes).
    Removing gd32f3x0_timer.o(.rev16_text), (4 bytes).
    Removing gd32f3x0_timer.o(.revsh_text), (4 bytes).
    Removing gd32f3x0_timer.o(i.timer_auto_reload_shadow_disable), (10 bytes).
    Removing gd32f3x0_timer.o(i.timer_auto_reload_shadow_enable), (10 bytes).
    Removing gd32f3x0_timer.o(i.timer_automatic_output_disable), (10 bytes).
    Removing gd32f3x0_timer.o(i.timer_automatic_output_enable), (10 bytes).
    Removing gd32f3x0_timer.o(i.timer_autoreload_value_config), (4 bytes).
    Removing gd32f3x0_timer.o(i.timer_break_config), (30 bytes).
    Removing gd32f3x0_timer.o(i.timer_break_disable), (10 bytes).
    Removing gd32f3x0_timer.o(i.timer_break_enable), (10 bytes).
    Removing gd32f3x0_timer.o(i.timer_break_struct_para_init), (18 bytes).
    Removing gd32f3x0_timer.o(i.timer_channel_capture_value_register_read), (42 bytes).
    Removing gd32f3x0_timer.o(i.timer_channel_complementary_output_polarity_config), (92 bytes).
    Removing gd32f3x0_timer.o(i.timer_channel_complementary_output_state_config), (70 bytes).
    Removing gd32f3x0_timer.o(i.timer_channel_control_shadow_config), (24 bytes).
    Removing gd32f3x0_timer.o(i.timer_channel_control_shadow_update_config), (26 bytes).
    Removing gd32f3x0_timer.o(i.timer_channel_dma_request_source_select), (26 bytes).
    Removing gd32f3x0_timer.o(i.timer_channel_input_capture_prescaler_config), (90 bytes).
    Removing gd32f3x0_timer.o(i.timer_channel_input_struct_para_init), (16 bytes).
    Removing gd32f3x0_timer.o(i.timer_channel_output_clear_config), (90 bytes).
    Removing gd32f3x0_timer.o(i.timer_channel_output_fast_config), (90 bytes).
    Removing gd32f3x0_timer.o(i.timer_channel_output_polarity_config), (92 bytes).
    Removing gd32f3x0_timer.o(i.timer_channel_output_state_config), (92 bytes).
    Removing gd32f3x0_timer.o(i.timer_channel_remap_config), (4 bytes).
    Removing gd32f3x0_timer.o(i.timer_counter_alignment), (16 bytes).
    Removing gd32f3x0_timer.o(i.timer_counter_down_direction), (10 bytes).
    Removing gd32f3x0_timer.o(i.timer_counter_read), (8 bytes).
    Removing gd32f3x0_timer.o(i.timer_counter_up_direction), (10 bytes).
    Removing gd32f3x0_timer.o(i.timer_counter_value_config), (4 bytes).
    Removing gd32f3x0_timer.o(i.timer_disable), (10 bytes).
    Removing gd32f3x0_timer.o(i.timer_dma_disable), (8 bytes).
    Removing gd32f3x0_timer.o(i.timer_dma_enable), (8 bytes).
    Removing gd32f3x0_timer.o(i.timer_dma_transfer_config), (24 bytes).
    Removing gd32f3x0_timer.o(i.timer_event_software_generate), (8 bytes).
    Removing gd32f3x0_timer.o(i.timer_external_clock_mode0_config), (40 bytes).
    Removing gd32f3x0_timer.o(i.timer_external_clock_mode1_config), (32 bytes).
    Removing gd32f3x0_timer.o(i.timer_external_clock_mode1_disable), (10 bytes).
    Removing gd32f3x0_timer.o(i.timer_external_trigger_as_external_clock_config), (166 bytes).
    Removing gd32f3x0_timer.o(i.timer_external_trigger_config), (30 bytes).
    Removing gd32f3x0_timer.o(i.timer_flag_clear), (6 bytes).
    Removing gd32f3x0_timer.o(i.timer_flag_get), (16 bytes).
    Removing gd32f3x0_timer.o(i.timer_hall_mode_config), (26 bytes).
    Removing gd32f3x0_timer.o(i.timer_input_capture_config), (326 bytes).
    Removing gd32f3x0_timer.o(i.timer_input_pwm_capture_config), (356 bytes).
    Removing gd32f3x0_timer.o(i.timer_input_trigger_source_select), (16 bytes).
    Removing gd32f3x0_timer.o(i.timer_internal_clock_config), (10 bytes).
    Removing gd32f3x0_timer.o(i.timer_internal_trigger_as_external_clock_config), (32 bytes).
    Removing gd32f3x0_timer.o(i.timer_interrupt_disable), (8 bytes).
    Removing gd32f3x0_timer.o(i.timer_master_output_trigger_source_select), (16 bytes).
    Removing gd32f3x0_timer.o(i.timer_master_slave_mode_config), (26 bytes).
    Removing gd32f3x0_timer.o(i.timer_ocpre_clear_source_config), (26 bytes).
    Removing gd32f3x0_timer.o(i.timer_output_value_selection_config), (34 bytes).
    Removing gd32f3x0_timer.o(i.timer_prescaler_config), (14 bytes).
    Removing gd32f3x0_timer.o(i.timer_prescaler_read), (10 bytes).
    Removing gd32f3x0_timer.o(i.timer_quadrature_decoder_mode_config), (64 bytes).
    Removing gd32f3x0_timer.o(i.timer_repetition_value_config), (4 bytes).
    Removing gd32f3x0_timer.o(i.timer_single_pulse_mode_config), (26 bytes).
    Removing gd32f3x0_timer.o(i.timer_slave_mode_select), (16 bytes).
    Removing gd32f3x0_timer.o(i.timer_update_event_disable), (10 bytes).
    Removing gd32f3x0_timer.o(i.timer_update_event_enable), (10 bytes).
    Removing gd32f3x0_timer.o(i.timer_update_source_config), (26 bytes).
    Removing gd32f3x0_timer.o(i.timer_write_chxval_register_config), (34 bytes).
    Removing gd32f3x0_tsi.o(.rev16_text), (4 bytes).
    Removing gd32f3x0_tsi.o(.revsh_text), (4 bytes).
    Removing gd32f3x0_tsi.o(i.tsi_analog_off), (16 bytes).
    Removing gd32f3x0_tsi.o(i.tsi_analog_on), (16 bytes).
    Removing gd32f3x0_tsi.o(i.tsi_channel_pin_disable), (16 bytes).
    Removing gd32f3x0_tsi.o(i.tsi_channel_pin_enable), (16 bytes).
    Removing gd32f3x0_tsi.o(i.tsi_deinit), (20 bytes).
    Removing gd32f3x0_tsi.o(i.tsi_disable), (20 bytes).
    Removing gd32f3x0_tsi.o(i.tsi_enable), (20 bytes).
    Removing gd32f3x0_tsi.o(i.tsi_extend_charge_config), (168 bytes).
    Removing gd32f3x0_tsi.o(i.tsi_flag_clear), (16 bytes).
    Removing gd32f3x0_tsi.o(i.tsi_flag_get), (24 bytes).
    Removing gd32f3x0_tsi.o(i.tsi_group0_cycle_get), (12 bytes).
    Removing gd32f3x0_tsi.o(i.tsi_group1_cycle_get), (12 bytes).
    Removing gd32f3x0_tsi.o(i.tsi_group2_cycle_get), (12 bytes).
    Removing gd32f3x0_tsi.o(i.tsi_group3_cycle_get), (12 bytes).
    Removing gd32f3x0_tsi.o(i.tsi_group4_cycle_get), (12 bytes).
    Removing gd32f3x0_tsi.o(i.tsi_group5_cycle_get), (12 bytes).
    Removing gd32f3x0_tsi.o(i.tsi_group_disable), (16 bytes).
    Removing gd32f3x0_tsi.o(i.tsi_group_enable), (16 bytes).
    Removing gd32f3x0_tsi.o(i.tsi_group_status_get), (24 bytes).
    Removing gd32f3x0_tsi.o(i.tsi_hardware_mode_config), (56 bytes).
    Removing gd32f3x0_tsi.o(i.tsi_hysteresis_off), (16 bytes).
    Removing gd32f3x0_tsi.o(i.tsi_hysteresis_on), (16 bytes).
    Removing gd32f3x0_tsi.o(i.tsi_init), (112 bytes).
    Removing gd32f3x0_tsi.o(i.tsi_interrupt_disable), (16 bytes).
    Removing gd32f3x0_tsi.o(i.tsi_interrupt_enable), (16 bytes).
    Removing gd32f3x0_tsi.o(i.tsi_interrupt_flag_clear), (16 bytes).
    Removing gd32f3x0_tsi.o(i.tsi_interrupt_flag_get), (40 bytes).
    Removing gd32f3x0_tsi.o(i.tsi_max_number_config), (32 bytes).
    Removing gd32f3x0_tsi.o(i.tsi_pin_mode_config), (44 bytes).
    Removing gd32f3x0_tsi.o(i.tsi_plus_config), (108 bytes).
    Removing gd32f3x0_tsi.o(i.tsi_sample_pin_disable), (28 bytes).
    Removing gd32f3x0_tsi.o(i.tsi_sample_pin_enable), (28 bytes).
    Removing gd32f3x0_tsi.o(i.tsi_sofeware_mode_config), (28 bytes).
    Removing gd32f3x0_tsi.o(i.tsi_software_start), (20 bytes).
    Removing gd32f3x0_tsi.o(i.tsi_software_stop), (20 bytes).
    Removing gd32f3x0_usart.o(.rev16_text), (4 bytes).
    Removing gd32f3x0_usart.o(.revsh_text), (4 bytes).
    Removing gd32f3x0_usart.o(i.usart_address_config), (32 bytes).
    Removing gd32f3x0_usart.o(i.usart_address_detection_mode_config), (28 bytes).
    Removing gd32f3x0_usart.o(i.usart_autobaud_detection_disable), (10 bytes).
    Removing gd32f3x0_usart.o(i.usart_autobaud_detection_enable), (10 bytes).
    Removing gd32f3x0_usart.o(i.usart_autobaud_detection_mode_config), (16 bytes).
    Removing gd32f3x0_usart.o(i.usart_block_length_config), (24 bytes).
    Removing gd32f3x0_usart.o(i.usart_clock_disable), (18 bytes).
    Removing gd32f3x0_usart.o(i.usart_clock_enable), (18 bytes).
    Removing gd32f3x0_usart.o(i.usart_command_enable), (8 bytes).
    Removing gd32f3x0_usart.o(i.usart_data_first_config), (28 bytes).
    Removing gd32f3x0_usart.o(i.usart_depolarity_config), (28 bytes).
    Removing gd32f3x0_usart.o(i.usart_disable), (10 bytes).
    Removing gd32f3x0_usart.o(i.usart_dma_receive_config), (16 bytes).
    Removing gd32f3x0_usart.o(i.usart_dma_transmit_config), (16 bytes).
    Removing gd32f3x0_usart.o(i.usart_driver_assertime_config), (32 bytes).
    Removing gd32f3x0_usart.o(i.usart_driver_deassertime_config), (32 bytes).
    Removing gd32f3x0_usart.o(i.usart_flag_clear), (18 bytes).
    Removing gd32f3x0_usart.o(i.usart_guard_time_config), (32 bytes).
    Removing gd32f3x0_usart.o(i.usart_halfduplex_disable), (18 bytes).
    Removing gd32f3x0_usart.o(i.usart_halfduplex_enable), (18 bytes).
    Removing gd32f3x0_usart.o(i.usart_interrupt_disable), (26 bytes).
    Removing gd32f3x0_usart.o(i.usart_interrupt_flag_clear), (44 bytes).
    Removing gd32f3x0_usart.o(i.usart_invert_config), (110 bytes).
    Removing gd32f3x0_usart.o(i.usart_irda_lowpower_config), (28 bytes).
    Removing gd32f3x0_usart.o(i.usart_irda_mode_disable), (18 bytes).
    Removing gd32f3x0_usart.o(i.usart_irda_mode_enable), (18 bytes).
    Removing gd32f3x0_usart.o(i.usart_lin_break_detection_length_config), (28 bytes).
    Removing gd32f3x0_usart.o(i.usart_lin_mode_disable), (18 bytes).
    Removing gd32f3x0_usart.o(i.usart_lin_mode_enable), (18 bytes).
    Removing gd32f3x0_usart.o(i.usart_mute_mode_disable), (10 bytes).
    Removing gd32f3x0_usart.o(i.usart_mute_mode_enable), (10 bytes).
    Removing gd32f3x0_usart.o(i.usart_mute_mode_wakeup_config), (24 bytes).
    Removing gd32f3x0_usart.o(i.usart_overrun_disable), (18 bytes).
    Removing gd32f3x0_usart.o(i.usart_overrun_enable), (18 bytes).
    Removing gd32f3x0_usart.o(i.usart_oversample_config), (24 bytes).
    Removing gd32f3x0_usart.o(i.usart_prescaler_config), (24 bytes).
    Removing gd32f3x0_usart.o(i.usart_receive_fifo_counter_number), (12 bytes).
    Removing gd32f3x0_usart.o(i.usart_receive_fifo_disable), (14 bytes).
    Removing gd32f3x0_usart.o(i.usart_receive_fifo_enable), (14 bytes).
    Removing gd32f3x0_usart.o(i.usart_receiver_timeout_disable), (10 bytes).
    Removing gd32f3x0_usart.o(i.usart_receiver_timeout_enable), (10 bytes).
    Removing gd32f3x0_usart.o(i.usart_receiver_timeout_threshold_config), (16 bytes).
    Removing gd32f3x0_usart.o(i.usart_reception_error_dma_disable), (18 bytes).
    Removing gd32f3x0_usart.o(i.usart_reception_error_dma_enable), (18 bytes).
    Removing gd32f3x0_usart.o(i.usart_rs485_driver_disable), (18 bytes).
    Removing gd32f3x0_usart.o(i.usart_rs485_driver_enable), (18 bytes).
    Removing gd32f3x0_usart.o(i.usart_sample_bit_config), (24 bytes).
    Removing gd32f3x0_usart.o(i.usart_smartcard_autoretry_config), (32 bytes).
    Removing gd32f3x0_usart.o(i.usart_smartcard_mode_disable), (18 bytes).
    Removing gd32f3x0_usart.o(i.usart_smartcard_mode_early_nack_disable), (14 bytes).
    Removing gd32f3x0_usart.o(i.usart_smartcard_mode_early_nack_enable), (14 bytes).
    Removing gd32f3x0_usart.o(i.usart_smartcard_mode_enable), (18 bytes).
    Removing gd32f3x0_usart.o(i.usart_smartcard_mode_nack_disable), (18 bytes).
    Removing gd32f3x0_usart.o(i.usart_smartcard_mode_nack_enable), (18 bytes).
    Removing gd32f3x0_usart.o(i.usart_synchronous_clock_config), (50 bytes).
    Removing gd32f3x0_usart.o(i.usart_wakeup_disable), (10 bytes).
    Removing gd32f3x0_usart.o(i.usart_wakeup_enable), (10 bytes).
    Removing gd32f3x0_usart.o(i.usart_wakeup_mode_config), (28 bytes).
    Removing gd32f3x0_wwdgt.o(.rev16_text), (4 bytes).
    Removing gd32f3x0_wwdgt.o(.revsh_text), (4 bytes).
    Removing gd32f3x0_wwdgt.o(i.wwdgt_config), (56 bytes).
    Removing gd32f3x0_wwdgt.o(i.wwdgt_counter_update), (28 bytes).
    Removing gd32f3x0_wwdgt.o(i.wwdgt_deinit), (20 bytes).
    Removing gd32f3x0_wwdgt.o(i.wwdgt_enable), (20 bytes).
    Removing gd32f3x0_wwdgt.o(i.wwdgt_flag_clear), (20 bytes).
    Removing gd32f3x0_wwdgt.o(i.wwdgt_flag_get), (24 bytes).
    Removing gd32f3x0_wwdgt.o(i.wwdgt_interrupt_enable), (20 bytes).
    Removing nvic.o(.rev16_text), (4 bytes).
    Removing nvic.o(.revsh_text), (4 bytes).
    Removing gd32f3x0_it.o(.rev16_text), (4 bytes).
    Removing gd32f3x0_it.o(.revsh_text), (4 bytes).
    Removing startup_gd32f3x0.o(HEAP), (1024 bytes).
    Removing system_gd32f3x0.o(.rev16_text), (4 bytes).
    Removing system_gd32f3x0.o(.revsh_text), (4 bytes).
    Removing system_gd32f3x0.o(i.SystemCoreClockUpdate), (324 bytes).
    Removing system_gd32f3x0.o(.data), (4 bytes).
    Removing systick.o(.rev16_text), (4 bytes).
    Removing systick.o(.revsh_text), (4 bytes).
    Removing systick.o(i.DelayNms), (48 bytes).
    Removing systick.o(i.DelayNus), (46 bytes).
    Removing systick.o(i.InitSysTick), (104 bytes).
    Removing dadd.o(.text), (334 bytes).
    Removing dmul.o(.text), (228 bytes).
    Removing ddiv.o(.text), (222 bytes).
    Removing dfixul.o(.text), (48 bytes).
    Removing cdrcmple.o(.text), (48 bytes).
    Removing depilogue.o(.text), (186 bytes).

572 unused section(s) (total 21026 bytes) removed from the image.

==============================================================================

Image Symbol Table

    Local Symbols

    Symbol Name                              Value     Ov Type        Size  Object(Section)

    ../clib/microlib/division.c              0x00000000   Number         0  uidiv.o ABSOLUTE
    ../clib/microlib/division.c              0x00000000   Number         0  uldiv.o ABSOLUTE
    ../clib/microlib/init/entry.s            0x00000000   Number         0  entry5.o ABSOLUTE
    ../clib/microlib/init/entry.s            0x00000000   Number         0  entry11b.o ABSOLUTE
    ../clib/microlib/init/entry.s            0x00000000   Number         0  entry11a.o ABSOLUTE
    ../clib/microlib/init/entry.s            0x00000000   Number         0  entry10a.o ABSOLUTE
    ../clib/microlib/init/entry.s            0x00000000   Number         0  entry9b.o ABSOLUTE
    ../clib/microlib/init/entry.s            0x00000000   Number         0  entry9a.o ABSOLUTE
    ../clib/microlib/init/entry.s            0x00000000   Number         0  entry8b.o ABSOLUTE
    ../clib/microlib/init/entry.s            0x00000000   Number         0  entry8a.o ABSOLUTE
    ../clib/microlib/init/entry.s            0x00000000   Number         0  entry7b.o ABSOLUTE
    ../clib/microlib/init/entry.s            0x00000000   Number         0  entry.o ABSOLUTE
    ../clib/microlib/init/entry.s            0x00000000   Number         0  entry2.o ABSOLUTE
    ../clib/microlib/init/entry.s            0x00000000   Number         0  entry7a.o ABSOLUTE
    ../clib/microlib/init/entry.s            0x00000000   Number         0  entry10b.o ABSOLUTE
    ../clib/microlib/longlong.c              0x00000000   Number         0  llsshr.o ABSOLUTE
    ../clib/microlib/longlong.c              0x00000000   Number         0  llushr.o ABSOLUTE
    ../clib/microlib/longlong.c              0x00000000   Number         0  llshl.o ABSOLUTE
    ../clib/microlib/printf/printf.c         0x00000000   Number         0  printf4.o ABSOLUTE
    ../clib/microlib/printf/printf.c         0x00000000   Number         0  printf3.o ABSOLUTE
    ../clib/microlib/printf/printf.c         0x00000000   Number         0  printf2.o ABSOLUTE
    ../clib/microlib/printf/printf.c         0x00000000   Number         0  printf0.o ABSOLUTE
    ../clib/microlib/printf/printf.c         0x00000000   Number         0  printf1.o ABSOLUTE
    ../clib/microlib/printf/printf.c         0x00000000   Number         0  printfb.o ABSOLUTE
    ../clib/microlib/printf/printf.c         0x00000000   Number         0  printf7.o ABSOLUTE
    ../clib/microlib/printf/printf.c         0x00000000   Number         0  printfa.o ABSOLUTE
    ../clib/microlib/printf/printf.c         0x00000000   Number         0  printf8.o ABSOLUTE
    ../clib/microlib/printf/printf.c         0x00000000   Number         0  printf6.o ABSOLUTE
    ../clib/microlib/printf/printf.c         0x00000000   Number         0  printf5.o ABSOLUTE
    ../clib/microlib/printf/stubs.s          0x00000000   Number         0  stubs.o ABSOLUTE
    ../clib/microlib/stubs.s                 0x00000000   Number         0  useno.o ABSOLUTE
    ../clib/microlib/stubs.s                 0x00000000   Number         0  iusefp.o ABSOLUTE
    ../fplib/microlib/fpadd.c                0x00000000   Number         0  dadd.o ABSOLUTE
    ../fplib/microlib/fpdiv.c                0x00000000   Number         0  ddiv.o ABSOLUTE
    ../fplib/microlib/fpepilogue.c           0x00000000   Number         0  depilogue.o ABSOLUTE
    ../fplib/microlib/fpfix.c                0x00000000   Number         0  dfixul.o ABSOLUTE
    ../fplib/microlib/fpmul.c                0x00000000   Number         0  dmul.o ABSOLUTE
    ARM\NVIC\NVIC.c                          0x00000000   Number         0  nvic.o ABSOLUTE
    ARM\SysTick\SysTick.c                    0x00000000   Number         0  systick.o ABSOLUTE
    ARM\System\gd32f3x0_it.c                 0x00000000   Number         0  gd32f3x0_it.o ABSOLUTE
    ARM\System\startup_gd32f3x0.s            0x00000000   Number         0  startup_gd32f3x0.o ABSOLUTE
    ARM\System\system_gd32f3x0.c             0x00000000   Number         0  system_gd32f3x0.o ABSOLUTE
    ARM\\NVIC\\NVIC.c                        0x00000000   Number         0  nvic.o ABSOLUTE
    ARM\\SysTick\\SysTick.c                  0x00000000   Number         0  systick.o ABSOLUTE
    ARM\\System\\gd32f3x0_it.c               0x00000000   Number         0  gd32f3x0_it.o ABSOLUTE
    ARM\\System\\system_gd32f3x0.c           0x00000000   Number         0  system_gd32f3x0.o ABSOLUTE
    App\Main\Main.c                          0x00000000   Number         0  main.o ABSOLUTE
    App\SPO2\SPO2_Driver.c                   0x00000000   Number         0  spo2_driver.o ABSOLUTE
    App\\Main\\Main.c                        0x00000000   Number         0  main.o ABSOLUTE
    App\\SPO2\\SPO2_Driver.c                 0x00000000   Number         0  spo2_driver.o ABSOLUTE
    FW\Source\gd32f3x0_adc.c                 0x00000000   Number         0  gd32f3x0_adc.o ABSOLUTE
    FW\Source\gd32f3x0_cec.c                 0x00000000   Number         0  gd32f3x0_cec.o ABSOLUTE
    FW\Source\gd32f3x0_cmp.c                 0x00000000   Number         0  gd32f3x0_cmp.o ABSOLUTE
    FW\Source\gd32f3x0_crc.c                 0x00000000   Number         0  gd32f3x0_crc.o ABSOLUTE
    FW\Source\gd32f3x0_ctc.c                 0x00000000   Number         0  gd32f3x0_ctc.o ABSOLUTE
    FW\Source\gd32f3x0_dac.c                 0x00000000   Number         0  gd32f3x0_dac.o ABSOLUTE
    FW\Source\gd32f3x0_dbg.c                 0x00000000   Number         0  gd32f3x0_dbg.o ABSOLUTE
    FW\Source\gd32f3x0_dma.c                 0x00000000   Number         0  gd32f3x0_dma.o ABSOLUTE
    FW\Source\gd32f3x0_exti.c                0x00000000   Number         0  gd32f3x0_exti.o ABSOLUTE
    FW\Source\gd32f3x0_fmc.c                 0x00000000   Number         0  gd32f3x0_fmc.o ABSOLUTE
    FW\Source\gd32f3x0_fwdgt.c               0x00000000   Number         0  gd32f3x0_fwdgt.o ABSOLUTE
    FW\Source\gd32f3x0_gpio.c                0x00000000   Number         0  gd32f3x0_gpio.o ABSOLUTE
    FW\Source\gd32f3x0_i2c.c                 0x00000000   Number         0  gd32f3x0_i2c.o ABSOLUTE
    FW\Source\gd32f3x0_misc.c                0x00000000   Number         0  gd32f3x0_misc.o ABSOLUTE
    FW\Source\gd32f3x0_pmu.c                 0x00000000   Number         0  gd32f3x0_pmu.o ABSOLUTE
    FW\Source\gd32f3x0_rcu.c                 0x00000000   Number         0  gd32f3x0_rcu.o ABSOLUTE
    FW\Source\gd32f3x0_rtc.c                 0x00000000   Number         0  gd32f3x0_rtc.o ABSOLUTE
    FW\Source\gd32f3x0_spi.c                 0x00000000   Number         0  gd32f3x0_spi.o ABSOLUTE
    FW\Source\gd32f3x0_syscfg.c              0x00000000   Number         0  gd32f3x0_syscfg.o ABSOLUTE
    FW\Source\gd32f3x0_timer.c               0x00000000   Number         0  gd32f3x0_timer.o ABSOLUTE
    FW\Source\gd32f3x0_tsi.c                 0x00000000   Number         0  gd32f3x0_tsi.o ABSOLUTE
    FW\Source\gd32f3x0_usart.c               0x00000000   Number         0  gd32f3x0_usart.o ABSOLUTE
    FW\Source\gd32f3x0_wwdgt.c               0x00000000   Number         0  gd32f3x0_wwdgt.o ABSOLUTE
    FW\\Source\\gd32f3x0_adc.c               0x00000000   Number         0  gd32f3x0_adc.o ABSOLUTE
    FW\\Source\\gd32f3x0_cmp.c               0x00000000   Number         0  gd32f3x0_cmp.o ABSOLUTE
    FW\\Source\\gd32f3x0_crc.c               0x00000000   Number         0  gd32f3x0_crc.o ABSOLUTE
    FW\\Source\\gd32f3x0_ctc.c               0x00000000   Number         0  gd32f3x0_ctc.o ABSOLUTE
    FW\\Source\\gd32f3x0_dbg.c               0x00000000   Number         0  gd32f3x0_dbg.o ABSOLUTE
    FW\\Source\\gd32f3x0_dma.c               0x00000000   Number         0  gd32f3x0_dma.o ABSOLUTE
    FW\\Source\\gd32f3x0_exti.c              0x00000000   Number         0  gd32f3x0_exti.o ABSOLUTE
    FW\\Source\\gd32f3x0_fmc.c               0x00000000   Number         0  gd32f3x0_fmc.o ABSOLUTE
    FW\\Source\\gd32f3x0_fwdgt.c             0x00000000   Number         0  gd32f3x0_fwdgt.o ABSOLUTE
    FW\\Source\\gd32f3x0_gpio.c              0x00000000   Number         0  gd32f3x0_gpio.o ABSOLUTE
    FW\\Source\\gd32f3x0_i2c.c               0x00000000   Number         0  gd32f3x0_i2c.o ABSOLUTE
    FW\\Source\\gd32f3x0_misc.c              0x00000000   Number         0  gd32f3x0_misc.o ABSOLUTE
    FW\\Source\\gd32f3x0_pmu.c               0x00000000   Number         0  gd32f3x0_pmu.o ABSOLUTE
    FW\\Source\\gd32f3x0_rcu.c               0x00000000   Number         0  gd32f3x0_rcu.o ABSOLUTE
    FW\\Source\\gd32f3x0_rtc.c               0x00000000   Number         0  gd32f3x0_rtc.o ABSOLUTE
    FW\\Source\\gd32f3x0_spi.c               0x00000000   Number         0  gd32f3x0_spi.o ABSOLUTE
    FW\\Source\\gd32f3x0_syscfg.c            0x00000000   Number         0  gd32f3x0_syscfg.o ABSOLUTE
    FW\\Source\\gd32f3x0_timer.c             0x00000000   Number         0  gd32f3x0_timer.o ABSOLUTE
    FW\\Source\\gd32f3x0_tsi.c               0x00000000   Number         0  gd32f3x0_tsi.o ABSOLUTE
    FW\\Source\\gd32f3x0_usart.c             0x00000000   Number         0  gd32f3x0_usart.o ABSOLUTE
    FW\\Source\\gd32f3x0_wwdgt.c             0x00000000   Number         0  gd32f3x0_wwdgt.o ABSOLUTE
    HW\RCU\RCU.c                             0x00000000   Number         0  rcu.o ABSOLUTE
    HW\Timer\Timer.c                         0x00000000   Number         0  timer.o ABSOLUTE
    HW\UART0\UART0.c                         0x00000000   Number         0  uart0.o ABSOLUTE
    HW\\RCU\\RCU.c                           0x00000000   Number         0  rcu.o ABSOLUTE
    HW\\Timer\\Timer.c                       0x00000000   Number         0  timer.o ABSOLUTE
    HW\\UART0\\UART0.c                       0x00000000   Number         0  uart0.o ABSOLUTE
    cdrcmple.s                               0x00000000   Number         0  cdrcmple.o ABSOLUTE
    dc.s                                     0x00000000   Number         0  dc.o ABSOLUTE
    handlers.s                               0x00000000   Number         0  handlers.o ABSOLUTE
    init.s                                   0x00000000   Number         0  init.o ABSOLUTE
    RESET                                    0x08000000   Section      336  startup_gd32f3x0.o(RESET)
    .ARM.Collect$$$$00000000                 0x08000150   Section        0  entry.o(.ARM.Collect$$$$00000000)
    .ARM.Collect$$$$00000001                 0x08000150   Section        4  entry2.o(.ARM.Collect$$$$00000001)
    .ARM.Collect$$$$00000004                 0x08000154   Section        4  entry5.o(.ARM.Collect$$$$00000004)
    .ARM.Collect$$$$00000008                 0x08000158   Section        0  entry7b.o(.ARM.Collect$$$$00000008)
    .ARM.Collect$$$$0000000A                 0x08000158   Section        0  entry8b.o(.ARM.Collect$$$$0000000A)
    .ARM.Collect$$$$0000000B                 0x08000158   Section        8  entry9a.o(.ARM.Collect$$$$0000000B)
    .ARM.Collect$$$$0000000D                 0x08000160   Section        0  entry10a.o(.ARM.Collect$$$$0000000D)
    .ARM.Collect$$$$0000000F                 0x08000160   Section        0  entry11a.o(.ARM.Collect$$$$0000000F)
    .ARM.Collect$$$$00002712                 0x08000160   Section        4  entry2.o(.ARM.Collect$$$$00002712)
    __lit__00000000                          0x08000160   Data           4  entry2.o(.ARM.Collect$$$$00002712)
    .text                                    0x08000164   Section       36  startup_gd32f3x0.o(.text)
    $v0                                      0x08000164   Number         0  startup_gd32f3x0.o(.text)
    .text                                    0x08000188   Section        0  uidiv.o(.text)
    .text                                    0x080001b4   Section       36  init.o(.text)
    i.ADC_Read_Fast                          0x080001d8   Section        0  spo2_driver.o(i.ADC_Read_Fast)
    ADC_Read_Fast                            0x080001d9   Thumb Code    78  spo2_driver.o(i.ADC_Read_Fast)
    i.BusFault_Handler                       0x0800022c   Section        0  gd32f3x0_it.o(i.BusFault_Handler)
    i.ConfigNVIC                             0x08000230   Section        0  nvic.o(i.ConfigNVIC)
    ConfigNVIC                               0x08000231   Thumb Code    12  nvic.o(i.ConfigNVIC)
    i.ConfigTimer2                           0x0800023c   Section        0  timer.o(i.ConfigTimer2)
    ConfigTimer2                             0x0800023d   Thumb Code    76  timer.o(i.ConfigTimer2)
    i.ConfigUART                             0x0800028c   Section        0  uart0.o(i.ConfigUART)
    ConfigUART                               0x0800028d   Thumb Code   192  uart0.o(i.ConfigUART)
    i.DebugMon_Handler                       0x08000350   Section        0  gd32f3x0_it.o(i.DebugMon_Handler)
    i.HardFault_Handler                      0x08000354   Section        0  gd32f3x0_it.o(i.HardFault_Handler)
    i.InitHardware                           0x08000358   Section        0  main.o(i.InitHardware)
    InitHardware                             0x08000359   Thumb Code    32  main.o(i.InitHardware)
    i.InitLED                                0x08000378   Section        0  main.o(i.InitLED)
    InitLED                                  0x08000379   Thumb Code     2  main.o(i.InitLED)
    i.InitNVIC                               0x0800037a   Section        0  nvic.o(i.InitNVIC)
    i.InitSoftware                           0x08000382   Section        0  main.o(i.InitSoftware)
    InitSoftware                             0x08000383   Thumb Code     2  main.o(i.InitSoftware)
    i.InitTimer                              0x08000384   Section        0  timer.o(i.InitTimer)
    i.InitUART0                              0x080003c0   Section        0  uart0.o(i.InitUART0)
    i.InitWatchdog                           0x080003cc   Section        0  main.o(i.InitWatchdog)
    InitWatchdog                             0x080003cd   Thumb Code    22  main.o(i.InitWatchdog)
    i.MemManage_Handler                      0x080003e2   Section        0  gd32f3x0_it.o(i.MemManage_Handler)
    i.NMI_Handler                            0x080003e6   Section        0  gd32f3x0_it.o(i.NMI_Handler)
    i.ParseCmdPacket                         0x080003ec   Section        0  uart0.o(i.ParseCmdPacket)
    ParseCmdPacket                           0x080003ed   Thumb Code   176  uart0.o(i.ParseCmdPacket)
    i.PendSV_Handler                         0x080004b8   Section        0  gd32f3x0_it.o(i.PendSV_Handler)
    i.SPO2_Driver_Init                       0x080004bc   Section        0  spo2_driver.o(i.SPO2_Driver_Init)
    i.SPO2_GetGain                           0x080005b4   Section        0  spo2_driver.o(i.SPO2_GetGain)
    i.SPO2_GetPwmPulse                       0x080005c0   Section        0  spo2_driver.o(i.SPO2_GetPwmPulse)
    i.SPO2_GetRawADC                         0x080005dc   Section        0  spo2_driver.o(i.SPO2_GetRawADC)
    i.SPO2_GetWaveSeq                        0x080005f4   Section        0  spo2_driver.o(i.SPO2_GetWaveSeq)
    i.SPO2_PWM_Init                          0x08000610   Section        0  spo2_driver.o(i.SPO2_PWM_Init)
    SPO2_PWM_Init                            0x08000611   Thumb Code   200  spo2_driver.o(i.SPO2_PWM_Init)
    i.SPO2_SetAGCEnable                      0x080006e0   Section        0  spo2_driver.o(i.SPO2_SetAGCEnable)
    i.SPO2_SetGain                           0x0800070c   Section        0  spo2_driver.o(i.SPO2_SetGain)
    i.SPO2_Timer_Handler                     0x08000758   Section        0  spo2_driver.o(i.SPO2_Timer_Handler)
    i.SVC_Handler                            0x080008a0   Section        0  gd32f3x0_it.o(i.SVC_Handler)
    i.SendWavePair                           0x080008a4   Section        0  main.o(i.SendWavePair)
    SendWavePair                             0x080008a5   Thumb Code    18  main.o(i.SendWavePair)
    i.SysTick_Handler                        0x080008c0   Section        0  systick.o(i.SysTick_Handler)
    i.SystemInit                             0x080008c8   Section        0  system_gd32f3x0.o(i.SystemInit)
    i.TIMER2_IRQHandler                      0x08000998   Section        0  timer.o(i.TIMER2_IRQHandler)
    i.TimDelayDec                            0x080009e0   Section        0  systick.o(i.TimDelayDec)
    i.UART0_GetCmd                           0x080009f8   Section        0  uart0.o(i.UART0_GetCmd)
    i.USART0_IRQHandler                      0x08000a28   Section        0  uart0.o(i.USART0_IRQHandler)
    i.UsageFault_Handler                     0x08000a50   Section        0  gd32f3x0_it.o(i.UsageFault_Handler)
    i.__0printf$1                            0x08000a54   Section        0  printf1.o(i.__0printf$1)
    i.__scatterload_copy                     0x08000a74   Section       14  handlers.o(i.__scatterload_copy)
    i.__scatterload_null                     0x08000a82   Section        2  handlers.o(i.__scatterload_null)
    i.__scatterload_zeroinit                 0x08000a84   Section       14  handlers.o(i.__scatterload_zeroinit)
    i._printf_core                           0x08000a94   Section        0  printf1.o(i._printf_core)
    _printf_core                             0x08000a95   Thumb Code   336  printf1.o(i._printf_core)
    i.adc_calibration_enable                 0x08000be8   Section        0  gd32f3x0_adc.o(i.adc_calibration_enable)
    i.adc_channel_length_config              0x08000c24   Section        0  gd32f3x0_adc.o(i.adc_channel_length_config)
    i.adc_data_alignment_config              0x08000c84   Section        0  gd32f3x0_adc.o(i.adc_data_alignment_config)
    i.adc_deinit                             0x08000ca8   Section        0  gd32f3x0_adc.o(i.adc_deinit)
    i.adc_enable                             0x08000cbc   Section        0  gd32f3x0_adc.o(i.adc_enable)
    i.adc_external_trigger_config            0x08000cd8   Section        0  gd32f3x0_adc.o(i.adc_external_trigger_config)
    i.adc_external_trigger_source_config     0x08000d2c   Section        0  gd32f3x0_adc.o(i.adc_external_trigger_source_config)
    i.adc_flag_clear                         0x08000d6c   Section        0  gd32f3x0_adc.o(i.adc_flag_clear)
    i.adc_flag_get                           0x08000d7c   Section        0  gd32f3x0_adc.o(i.adc_flag_get)
    i.adc_regular_channel_config             0x08000d90   Section        0  gd32f3x0_adc.o(i.adc_regular_channel_config)
    i.adc_regular_data_read                  0x08000e64   Section        0  gd32f3x0_adc.o(i.adc_regular_data_read)
    i.adc_resolution_config                  0x08000e70   Section        0  gd32f3x0_adc.o(i.adc_resolution_config)
    i.adc_software_trigger_enable            0x08000e8c   Section        0  gd32f3x0_adc.o(i.adc_software_trigger_enable)
    i.adc_special_function_config            0x08000eb8   Section        0  gd32f3x0_adc.o(i.adc_special_function_config)
    i.fputc                                  0x08000f38   Section        0  uart0.o(i.fputc)
    i.fwdgt_config                           0x08000f6c   Section        0  gd32f3x0_fwdgt.o(i.fwdgt_config)
    i.fwdgt_counter_reload                   0x08000fd4   Section        0  gd32f3x0_fwdgt.o(i.fwdgt_counter_reload)
    i.fwdgt_enable                           0x08000fe4   Section        0  gd32f3x0_fwdgt.o(i.fwdgt_enable)
    i.fwdgt_write_enable                     0x08000ff4   Section        0  gd32f3x0_fwdgt.o(i.fwdgt_write_enable)
    i.gpio_af_set                            0x08001004   Section        0  gd32f3x0_gpio.o(i.gpio_af_set)
    i.gpio_bit_reset                         0x08001062   Section        0  gd32f3x0_gpio.o(i.gpio_bit_reset)
    i.gpio_bit_set                           0x08001066   Section        0  gd32f3x0_gpio.o(i.gpio_bit_set)
    i.gpio_mode_set                          0x0800106a   Section        0  gd32f3x0_gpio.o(i.gpio_mode_set)
    i.gpio_output_options_set                0x080010b8   Section        0  gd32f3x0_gpio.o(i.gpio_output_options_set)
    i.main                                   0x08001134   Section        0  main.o(i.main)
    i.nvic_irq_enable                        0x0800125c   Section        0  gd32f3x0_misc.o(i.nvic_irq_enable)
    i.nvic_priority_group_set                0x08001308   Section        0  gd32f3x0_misc.o(i.nvic_priority_group_set)
    i.nvic_vector_table_set                  0x0800131c   Section        0  gd32f3x0_misc.o(i.nvic_vector_table_set)
    i.pmu_backup_write_enable                0x08001330   Section        0  gd32f3x0_pmu.o(i.pmu_backup_write_enable)
    i.rcu_adc_clock_config                   0x08001344   Section        0  gd32f3x0_rcu.o(i.rcu_adc_clock_config)
    i.rcu_clock_freq_get                     0x08001490   Section        0  gd32f3x0_rcu.o(i.rcu_clock_freq_get)
    i.rcu_periph_clock_enable                0x08001808   Section        0  gd32f3x0_rcu.o(i.rcu_periph_clock_enable)
    i.rcu_periph_reset_disable               0x08001828   Section        0  gd32f3x0_rcu.o(i.rcu_periph_reset_disable)
    i.rcu_periph_reset_enable                0x08001848   Section        0  gd32f3x0_rcu.o(i.rcu_periph_reset_enable)
    i.system_clock_72m_irc8m                 0x08001868   Section        0  system_gd32f3x0.o(i.system_clock_72m_irc8m)
    system_clock_72m_irc8m                   0x08001869   Thumb Code   254  system_gd32f3x0.o(i.system_clock_72m_irc8m)
    i.system_clock_config                    0x0800197c   Section        0  system_gd32f3x0.o(i.system_clock_config)
    system_clock_config                      0x0800197d   Thumb Code     8  system_gd32f3x0.o(i.system_clock_config)
    i.system_clock_fallback_8m_irc8m         0x08001984   Section        0  system_gd32f3x0.o(i.system_clock_fallback_8m_irc8m)
    system_clock_fallback_8m_irc8m           0x08001985   Thumb Code    60  system_gd32f3x0.o(i.system_clock_fallback_8m_irc8m)
    i.timer_channel_output_config            0x080019c4   Section        0  gd32f3x0_timer.o(i.timer_channel_output_config)
    i.timer_channel_output_mode_config       0x08001bcc   Section        0  gd32f3x0_timer.o(i.timer_channel_output_mode_config)
    i.timer_channel_output_pulse_value_config 0x08001c26   Section        0  gd32f3x0_timer.o(i.timer_channel_output_pulse_value_config)
    i.timer_channel_output_shadow_config     0x08001c4c   Section        0  gd32f3x0_timer.o(i.timer_channel_output_shadow_config)
    i.timer_channel_output_struct_para_init  0x08001ca6   Section        0  gd32f3x0_timer.o(i.timer_channel_output_struct_para_init)
    i.timer_deinit                           0x08001cb8   Section        0  gd32f3x0_timer.o(i.timer_deinit)
    i.timer_enable                           0x08001d7c   Section        0  gd32f3x0_timer.o(i.timer_enable)
    i.timer_init                             0x08001d88   Section        0  gd32f3x0_timer.o(i.timer_init)
    i.timer_interrupt_enable                 0x08001e34   Section        0  gd32f3x0_timer.o(i.timer_interrupt_enable)
    i.timer_interrupt_flag_clear             0x08001e3c   Section        0  gd32f3x0_timer.o(i.timer_interrupt_flag_clear)
    i.timer_interrupt_flag_get               0x08001e42   Section        0  gd32f3x0_timer.o(i.timer_interrupt_flag_get)
    i.timer_primary_output_config            0x08001e5a   Section        0  gd32f3x0_timer.o(i.timer_primary_output_config)
    i.timer_struct_para_init                 0x08001e72   Section        0  gd32f3x0_timer.o(i.timer_struct_para_init)
    i.usart_baudrate_set                     0x08001e88   Section        0  gd32f3x0_usart.o(i.usart_baudrate_set)
    i.usart_data_receive                     0x08001f04   Section        0  gd32f3x0_usart.o(i.usart_data_receive)
    i.usart_data_transmit                    0x08001f0e   Section        0  gd32f3x0_usart.o(i.usart_data_transmit)
    i.usart_deinit                           0x08001f18   Section        0  gd32f3x0_usart.o(i.usart_deinit)
    i.usart_enable                           0x08001f58   Section        0  gd32f3x0_usart.o(i.usart_enable)
    i.usart_flag_get                         0x08001f62   Section        0  gd32f3x0_usart.o(i.usart_flag_get)
    i.usart_hardware_flow_cts_config         0x08001f80   Section        0  gd32f3x0_usart.o(i.usart_hardware_flow_cts_config)
    i.usart_hardware_flow_rts_config         0x08001f98   Section        0  gd32f3x0_usart.o(i.usart_hardware_flow_rts_config)
    i.usart_interrupt_enable                 0x08001fb0   Section        0  gd32f3x0_usart.o(i.usart_interrupt_enable)
    i.usart_interrupt_flag_get               0x08001fca   Section        0  gd32f3x0_usart.o(i.usart_interrupt_flag_get)
    i.usart_parity_config                    0x08002002   Section        0  gd32f3x0_usart.o(i.usart_parity_config)
    i.usart_receive_config                   0x0800201a   Section        0  gd32f3x0_usart.o(i.usart_receive_config)
    i.usart_stop_bit_set                     0x0800202a   Section        0  gd32f3x0_usart.o(i.usart_stop_bit_set)
    i.usart_transmit_config                  0x08002042   Section        0  gd32f3x0_usart.o(i.usart_transmit_config)
    i.usart_word_length_set                  0x08002052   Section        0  gd32f3x0_usart.o(i.usart_word_length_set)
    .data                                    0x20000000   Section        2  main.o(.data)
    s_pwm_tick                               0x20000000   Data           2  main.o(.data)
    .data                                    0x20000002   Section       17  spo2_driver.o(.data)
    g_raw_red_adc                            0x20000002   Data           2  spo2_driver.o(.data)
    g_raw_ir_adc                             0x20000004   Data           2  spo2_driver.o(.data)
    g_raw_ambient_adc                        0x20000006   Data           2  spo2_driver.o(.data)
    g_gain_code                              0x20000008   Data           1  spo2_driver.o(.data)
    g_wave_red_seq                           0x2000000a   Data           2  spo2_driver.o(.data)
    g_wave_ir_seq                            0x2000000c   Data           2  spo2_driver.o(.data)
    g_agc_enable                             0x2000000e   Data           1  spo2_driver.o(.data)
    g_red_pwm_pulse                          0x2000000f   Data           1  spo2_driver.o(.data)
    g_ir_pwm_pulse                           0x20000010   Data           1  spo2_driver.o(.data)
    time_slot                                0x20000011   Data           1  spo2_driver.o(.data)
    adjust_cnt                               0x20000012   Data           1  spo2_driver.o(.data)
    .data                                    0x20000014   Section        4  timer.o(.data)
    s_i1secFlag                              0x20000014   Data           1  timer.o(.data)
    s_iCnt1000                               0x20000016   Data           2  timer.o(.data)
    .data                                    0x20000018   Section       16  uart0.o(.data)
    s_rxHead                                 0x2000001c   Data           1  uart0.o(.data)
    s_rxTail                                 0x2000001d   Data           1  uart0.o(.data)
    s_cmdReceived                            0x2000001e   Data           1  uart0.o(.data)
    s_lastCmd                                0x2000001f   Data           1  uart0.o(.data)
    s_lastVal                                0x20000020   Data           1  uart0.o(.data)
    s_state                                  0x20000021   Data           1  uart0.o(.data)
    s_len                                    0x20000022   Data           1  uart0.o(.data)
    s_buf                                    0x20000023   Data           4  uart0.o(.data)
    s_idx                                    0x20000027   Data           1  uart0.o(.data)
    .data                                    0x20000028   Section        4  systick.o(.data)
    s_iTimDelayCnt                           0x20000028   Data           4  systick.o(.data)
    STACK                                    0x20000030   Section     1024  startup_gd32f3x0.o(STACK)

    Global Symbols

    Symbol Name                              Value     Ov Type        Size  Object(Section)

    BuildAttributes$$THM_ISAv4$E$P$D$K$B$S$7EM$VFPi3$EXTD16$VFPS$VFMA$PE$A:L22UL41UL21$X:L11$S22US41US21$IEEE1$IW$USESV6$~STKCKD$USESV7$~SHL$OSPACE$ROPI$EBA8$MICROLIB$REQ8$PRES8$EABIv2 0x00000000   Number         0  anon$$obj.o ABSOLUTE
    __ARM_use_no_argv                        0x00000000   Number         0  main.o ABSOLUTE
    __use_no_errno                           0x00000000   Number         0  useno.o ABSOLUTE
    __use_no_exception_handling              0x00000000   Number         0  useno.o ABSOLUTE
    __use_no_fp                              0x00000000   Number         0  useno.o ABSOLUTE
    __use_no_heap                            0x00000000   Number         0  useno.o ABSOLUTE
    __use_no_heap_region                     0x00000000   Number         0  useno.o ABSOLUTE
    __use_no_semihosting                     0x00000000   Number         0  useno.o ABSOLUTE
    __use_no_semihosting_swi                 0x00000000   Number         0  useno.o ABSOLUTE
    __use_no_signal_handling                 0x00000000   Number         0  useno.o ABSOLUTE
    _printf_a                                0x00000000   Number         0  stubs.o ABSOLUTE
    _printf_c                                0x00000000   Number         0  stubs.o ABSOLUTE
    _printf_charcount                        0x00000000   Number         0  stubs.o ABSOLUTE
    _printf_d                                0x00000000   Number         0  stubs.o ABSOLUTE
    _printf_e                                0x00000000   Number         0  stubs.o ABSOLUTE
    _printf_f                                0x00000000   Number         0  stubs.o ABSOLUTE
    _printf_flags                            0x00000000   Number         0  stubs.o ABSOLUTE
    _printf_fp_dec                           0x00000000   Number         0  stubs.o ABSOLUTE
    _printf_fp_hex                           0x00000000   Number         0  stubs.o ABSOLUTE
    _printf_g                                0x00000000   Number         0  stubs.o ABSOLUTE
    _printf_i                                0x00000000   Number         0  stubs.o ABSOLUTE
    _printf_int_dec                          0x00000000   Number         0  stubs.o ABSOLUTE
    _printf_l                                0x00000000   Number         0  stubs.o ABSOLUTE
    _printf_lc                               0x00000000   Number         0  stubs.o ABSOLUTE
    _printf_ll                               0x00000000   Number         0  stubs.o ABSOLUTE
    _printf_lld                              0x00000000   Number         0  stubs.o ABSOLUTE
    _printf_lli                              0x00000000   Number         0  stubs.o ABSOLUTE
    _printf_llo                              0x00000000   Number         0  stubs.o ABSOLUTE
    _printf_llu                              0x00000000   Number         0  stubs.o ABSOLUTE
    _printf_llx                              0x00000000   Number         0  stubs.o ABSOLUTE
    _printf_longlong_dec                     0x00000000   Number         0  stubs.o ABSOLUTE
    _printf_longlong_hex                     0x00000000   Number         0  stubs.o ABSOLUTE
    _printf_longlong_oct                     0x00000000   Number         0  stubs.o ABSOLUTE
    _printf_ls                               0x00000000   Number         0  stubs.o ABSOLUTE
    _printf_mbtowc                           0x00000000   Number         0  stubs.o ABSOLUTE
    _printf_n                                0x00000000   Number         0  stubs.o ABSOLUTE
    _printf_o                                0x00000000   Number         0  stubs.o ABSOLUTE
    _printf_p                                0x00000000   Number         0  stubs.o ABSOLUTE
    _printf_percent                          0x00000000   Number         0  stubs.o ABSOLUTE
    _printf_pre_padding                      0x00000000   Number         0  stubs.o ABSOLUTE
    _printf_return_value                     0x00000000   Number         0  stubs.o ABSOLUTE
    _printf_s                                0x00000000   Number         0  stubs.o ABSOLUTE
    _printf_sizespec                         0x00000000   Number         0  stubs.o ABSOLUTE
    _printf_str                              0x00000000   Number         0  stubs.o ABSOLUTE
    _printf_truncate_signed                  0x00000000   Number         0  stubs.o ABSOLUTE
    _printf_truncate_unsigned                0x00000000   Number         0  stubs.o ABSOLUTE
    _printf_u                                0x00000000   Number         0  stubs.o ABSOLUTE
    _printf_wc                               0x00000000   Number         0  stubs.o ABSOLUTE
    _printf_wctomb                           0x00000000   Number         0  stubs.o ABSOLUTE
    _printf_widthprec                        0x00000000   Number         0  stubs.o ABSOLUTE
    _printf_x                                0x00000000   Number         0  stubs.o ABSOLUTE
    __cpp_initialize__aeabi_                  - Undefined Weak Reference
    __cxa_finalize                            - Undefined Weak Reference
    __decompress                              - Undefined Weak Reference
    _clock_init                               - Undefined Weak Reference
    _microlib_exit                            - Undefined Weak Reference
    __Vectors_Size                           0x00000150   Number         0  startup_gd32f3x0.o ABSOLUTE
    __Vectors                                0x08000000   Data           4  startup_gd32f3x0.o(RESET)
    __Vectors_End                            0x08000150   Data           0  startup_gd32f3x0.o(RESET)
    __main                                   0x08000151   Thumb Code     0  entry.o(.ARM.Collect$$$$00000000)
    _main_stk                                0x08000151   Thumb Code     0  entry2.o(.ARM.Collect$$$$00000001)
    _main_scatterload                        0x08000155   Thumb Code     0  entry5.o(.ARM.Collect$$$$00000004)
    __main_after_scatterload                 0x08000159   Thumb Code     0  entry5.o(.ARM.Collect$$$$00000004)
    _main_clock                              0x08000159   Thumb Code     0  entry7b.o(.ARM.Collect$$$$00000008)
    _main_cpp_init                           0x08000159   Thumb Code     0  entry8b.o(.ARM.Collect$$$$0000000A)
    _main_init                               0x08000159   Thumb Code     0  entry9a.o(.ARM.Collect$$$$0000000B)
    __rt_final_cpp                           0x08000161   Thumb Code     0  entry10a.o(.ARM.Collect$$$$0000000D)
    __rt_final_exit                          0x08000161   Thumb Code     0  entry11a.o(.ARM.Collect$$$$0000000F)
    Reset_Handler                            0x08000165   Thumb Code     8  startup_gd32f3x0.o(.text)
    ADC_CMP_IRQHandler                       0x0800017f   Thumb Code     0  startup_gd32f3x0.o(.text)
    CEC_IRQHandler                           0x0800017f   Thumb Code     0  startup_gd32f3x0.o(.text)
    DMA_Channel0_IRQHandler                  0x0800017f   Thumb Code     0  startup_gd32f3x0.o(.text)
    DMA_Channel1_2_IRQHandler                0x0800017f   Thumb Code     0  startup_gd32f3x0.o(.text)
    DMA_Channel3_4_IRQHandler                0x0800017f   Thumb Code     0  startup_gd32f3x0.o(.text)
    DMA_Channel5_6_IRQHandler                0x0800017f   Thumb Code     0  startup_gd32f3x0.o(.text)
    EXTI0_1_IRQHandler                       0x0800017f   Thumb Code     0  startup_gd32f3x0.o(.text)
    EXTI2_3_IRQHandler                       0x0800017f   Thumb Code     0  startup_gd32f3x0.o(.text)
    EXTI4_15_IRQHandler                      0x0800017f   Thumb Code     0  startup_gd32f3x0.o(.text)
    FMC_IRQHandler                           0x0800017f   Thumb Code     0  startup_gd32f3x0.o(.text)
    I2C0_ER_IRQHandler                       0x0800017f   Thumb Code     0  startup_gd32f3x0.o(.text)
    I2C0_EV_IRQHandler                       0x0800017f   Thumb Code     0  startup_gd32f3x0.o(.text)
    I2C1_ER_IRQHandler                       0x0800017f   Thumb Code     0  startup_gd32f3x0.o(.text)
    I2C1_EV_IRQHandler                       0x0800017f   Thumb Code     0  startup_gd32f3x0.o(.text)
    LVD_IRQHandler                           0x0800017f   Thumb Code     0  startup_gd32f3x0.o(.text)
    RCU_CTC_IRQHandler                       0x0800017f   Thumb Code     0  startup_gd32f3x0.o(.text)
    RTC_IRQHandler                           0x0800017f   Thumb Code     0  startup_gd32f3x0.o(.text)
    SPI0_IRQHandler                          0x0800017f   Thumb Code     0  startup_gd32f3x0.o(.text)
    SPI1_IRQHandler                          0x0800017f   Thumb Code     0  startup_gd32f3x0.o(.text)
    TIMER0_BRK_UP_TRG_COM_IRQHandler         0x0800017f   Thumb Code     0  startup_gd32f3x0.o(.text)
    TIMER0_Channel_IRQHandler                0x0800017f   Thumb Code     0  startup_gd32f3x0.o(.text)
    TIMER13_IRQHandler                       0x0800017f   Thumb Code     0  startup_gd32f3x0.o(.text)
    TIMER14_IRQHandler                       0x0800017f   Thumb Code     0  startup_gd32f3x0.o(.text)
    TIMER15_IRQHandler                       0x0800017f   Thumb Code     0  startup_gd32f3x0.o(.text)
    TIMER16_IRQHandler                       0x0800017f   Thumb Code     0  startup_gd32f3x0.o(.text)
    TIMER1_IRQHandler                        0x0800017f   Thumb Code     0  startup_gd32f3x0.o(.text)
    TIMER4_IRQHandler                        0x0800017f   Thumb Code     0  startup_gd32f3x0.o(.text)
    TIMER5_DAC_IRQHandler                    0x0800017f   Thumb Code     0  startup_gd32f3x0.o(.text)
    TSI_IRQHandler                           0x0800017f   Thumb Code     0  startup_gd32f3x0.o(.text)
    USART1_IRQHandler                        0x0800017f   Thumb Code     0  startup_gd32f3x0.o(.text)
    USBFS_IRQHandler                         0x0800017f   Thumb Code     0  startup_gd32f3x0.o(.text)
    USBFS_WKUP_IRQHandler                    0x0800017f   Thumb Code     0  startup_gd32f3x0.o(.text)
    WWDGT_IRQHandler                         0x0800017f   Thumb Code     0  startup_gd32f3x0.o(.text)
    __aeabi_uidiv                            0x08000189   Thumb Code     0  uidiv.o(.text)
    __aeabi_uidivmod                         0x08000189   Thumb Code    44  uidiv.o(.text)
    __scatterload                            0x080001b5   Thumb Code    28  init.o(.text)
    __scatterload_rt2                        0x080001b5   Thumb Code     0  init.o(.text)
    BusFault_Handler                         0x0800022d   Thumb Code     4  gd32f3x0_it.o(i.BusFault_Handler)
    DebugMon_Handler                         0x08000351   Thumb Code     4  gd32f3x0_it.o(i.DebugMon_Handler)
    HardFault_Handler                        0x08000355   Thumb Code     4  gd32f3x0_it.o(i.HardFault_Handler)
    InitNVIC                                 0x0800037b   Thumb Code     8  nvic.o(i.InitNVIC)
    InitTimer                                0x08000385   Thumb Code    54  timer.o(i.InitTimer)
    InitUART0                                0x080003c1   Thumb Code    12  uart0.o(i.InitUART0)
    MemManage_Handler                        0x080003e3   Thumb Code     4  gd32f3x0_it.o(i.MemManage_Handler)
    NMI_Handler                              0x080003e7   Thumb Code     4  gd32f3x0_it.o(i.NMI_Handler)
    PendSV_Handler                           0x080004b9   Thumb Code     4  gd32f3x0_it.o(i.PendSV_Handler)
    SPO2_Driver_Init                         0x080004bd   Thumb Code   242  spo2_driver.o(i.SPO2_Driver_Init)
    SPO2_GetGain                             0x080005b5   Thumb Code     6  spo2_driver.o(i.SPO2_GetGain)
    SPO2_GetPwmPulse                         0x080005c1   Thumb Code    18  spo2_driver.o(i.SPO2_GetPwmPulse)
    SPO2_GetRawADC                           0x080005dd   Thumb Code    14  spo2_driver.o(i.SPO2_GetRawADC)
    SPO2_GetWaveSeq                          0x080005f5   Thumb Code    18  spo2_driver.o(i.SPO2_GetWaveSeq)
    SPO2_SetAGCEnable                        0x080006e1   Thumb Code    32  spo2_driver.o(i.SPO2_SetAGCEnable)
    SPO2_SetGain                             0x0800070d   Thumb Code    70  spo2_driver.o(i.SPO2_SetGain)
    SPO2_Timer_Handler                       0x08000759   Thumb Code   278  spo2_driver.o(i.SPO2_Timer_Handler)
    SVC_Handler                              0x080008a1   Thumb Code     4  gd32f3x0_it.o(i.SVC_Handler)
    SysTick_Handler                          0x080008c1   Thumb Code     8  systick.o(i.SysTick_Handler)
    SystemInit                               0x080008c9   Thumb Code   182  system_gd32f3x0.o(i.SystemInit)
    TIMER2_IRQHandler                        0x08000999   Thumb Code    58  timer.o(i.TIMER2_IRQHandler)
    TimDelayDec                              0x080009e1   Thumb Code    18  systick.o(i.TimDelayDec)
    UART0_GetCmd                             0x080009f9   Thumb Code    34  uart0.o(i.UART0_GetCmd)
    USART0_IRQHandler                        0x08000a29   Thumb Code    30  uart0.o(i.USART0_IRQHandler)
    UsageFault_Handler                       0x08000a51   Thumb Code     4  gd32f3x0_it.o(i.UsageFault_Handler)
    __0printf$1                              0x08000a55   Thumb Code    22  printf1.o(i.__0printf$1)
    __1printf$1                              0x08000a55   Thumb Code     0  printf1.o(i.__0printf$1)
    __2printf                                0x08000a55   Thumb Code     0  printf1.o(i.__0printf$1)
    __scatterload_copy                       0x08000a75   Thumb Code    14  handlers.o(i.__scatterload_copy)
    __scatterload_null                       0x08000a83   Thumb Code     2  handlers.o(i.__scatterload_null)
    __scatterload_zeroinit                   0x08000a85   Thumb Code    14  handlers.o(i.__scatterload_zeroinit)
    adc_calibration_enable                   0x08000be9   Thumb Code    54  gd32f3x0_adc.o(i.adc_calibration_enable)
    adc_channel_length_config                0x08000c25   Thumb Code    92  gd32f3x0_adc.o(i.adc_channel_length_config)
    adc_data_alignment_config                0x08000c85   Thumb Code    30  gd32f3x0_adc.o(i.adc_data_alignment_config)
    adc_deinit                               0x08000ca9   Thumb Code    20  gd32f3x0_adc.o(i.adc_deinit)
    adc_enable                               0x08000cbd   Thumb Code    24  gd32f3x0_adc.o(i.adc_enable)
    adc_external_trigger_config              0x08000cd9   Thumb Code    78  gd32f3x0_adc.o(i.adc_external_trigger_config)
    adc_external_trigger_source_config       0x08000d2d   Thumb Code    60  gd32f3x0_adc.o(i.adc_external_trigger_source_config)
    adc_flag_clear                           0x08000d6d   Thumb Code    12  gd32f3x0_adc.o(i.adc_flag_clear)
    adc_flag_get                             0x08000d7d   Thumb Code    16  gd32f3x0_adc.o(i.adc_flag_get)
    adc_regular_channel_config               0x08000d91   Thumb Code   208  gd32f3x0_adc.o(i.adc_regular_channel_config)
    adc_regular_data_read                    0x08000e65   Thumb Code     8  gd32f3x0_adc.o(i.adc_regular_data_read)
    adc_resolution_config                    0x08000e71   Thumb Code    22  gd32f3x0_adc.o(i.adc_resolution_config)
    adc_software_trigger_enable              0x08000e8d   Thumb Code    38  gd32f3x0_adc.o(i.adc_software_trigger_enable)
    adc_special_function_config              0x08000eb9   Thumb Code   122  gd32f3x0_adc.o(i.adc_special_function_config)
    fputc                                    0x08000f39   Thumb Code    48  uart0.o(i.fputc)
    fwdgt_config                             0x08000f6d   Thumb Code    94  gd32f3x0_fwdgt.o(i.fwdgt_config)
    fwdgt_counter_reload                     0x08000fd5   Thumb Code    10  gd32f3x0_fwdgt.o(i.fwdgt_counter_reload)
    fwdgt_enable                             0x08000fe5   Thumb Code    10  gd32f3x0_fwdgt.o(i.fwdgt_enable)
    fwdgt_write_enable                       0x08000ff5   Thumb Code    10  gd32f3x0_fwdgt.o(i.fwdgt_write_enable)
    gpio_af_set                              0x08001005   Thumb Code    94  gd32f3x0_gpio.o(i.gpio_af_set)
    gpio_bit_reset                           0x08001063   Thumb Code     4  gd32f3x0_gpio.o(i.gpio_bit_reset)
    gpio_bit_set                             0x08001067   Thumb Code     4  gd32f3x0_gpio.o(i.gpio_bit_set)
    gpio_mode_set                            0x0800106b   Thumb Code    78  gd32f3x0_gpio.o(i.gpio_mode_set)
    gpio_output_options_set                  0x080010b9   Thumb Code   124  gd32f3x0_gpio.o(i.gpio_output_options_set)
    main                                     0x08001135   Thumb Code   270  main.o(i.main)
    nvic_irq_enable                          0x0800125d   Thumb Code   162  gd32f3x0_misc.o(i.nvic_irq_enable)
    nvic_priority_group_set                  0x08001309   Thumb Code    10  gd32f3x0_misc.o(i.nvic_priority_group_set)
    nvic_vector_table_set                    0x0800131d   Thumb Code    12  gd32f3x0_misc.o(i.nvic_vector_table_set)
    pmu_backup_write_enable                  0x08001331   Thumb Code    14  gd32f3x0_pmu.o(i.pmu_backup_write_enable)
    rcu_adc_clock_config                     0x08001345   Thumb Code   322  gd32f3x0_rcu.o(i.rcu_adc_clock_config)
    rcu_clock_freq_get                       0x08001491   Thumb Code   846  gd32f3x0_rcu.o(i.rcu_clock_freq_get)
    rcu_periph_clock_enable                  0x08001809   Thumb Code    28  gd32f3x0_rcu.o(i.rcu_periph_clock_enable)
    rcu_periph_reset_disable                 0x08001829   Thumb Code    28  gd32f3x0_rcu.o(i.rcu_periph_reset_disable)
    rcu_periph_reset_enable                  0x08001849   Thumb Code    28  gd32f3x0_rcu.o(i.rcu_periph_reset_enable)
    timer_channel_output_config              0x080019c5   Thumb Code   502  gd32f3x0_timer.o(i.timer_channel_output_config)
    timer_channel_output_mode_config         0x08001bcd   Thumb Code    90  gd32f3x0_timer.o(i.timer_channel_output_mode_config)
    timer_channel_output_pulse_value_config  0x08001c27   Thumb Code    38  gd32f3x0_timer.o(i.timer_channel_output_pulse_value_config)
    timer_channel_output_shadow_config       0x08001c4d   Thumb Code    90  gd32f3x0_timer.o(i.timer_channel_output_shadow_config)
    timer_channel_output_struct_para_init    0x08001ca7   Thumb Code    16  gd32f3x0_timer.o(i.timer_channel_output_struct_para_init)
    timer_deinit                             0x08001cb9   Thumb Code   186  gd32f3x0_timer.o(i.timer_deinit)
    timer_enable                             0x08001d7d   Thumb Code    10  gd32f3x0_timer.o(i.timer_enable)
    timer_init                               0x08001d89   Thumb Code   146  gd32f3x0_timer.o(i.timer_init)
    timer_interrupt_enable                   0x08001e35   Thumb Code     8  gd32f3x0_timer.o(i.timer_interrupt_enable)
    timer_interrupt_flag_clear               0x08001e3d   Thumb Code     6  gd32f3x0_timer.o(i.timer_interrupt_flag_clear)
    timer_interrupt_flag_get                 0x08001e43   Thumb Code    24  gd32f3x0_timer.o(i.timer_interrupt_flag_get)
    timer_primary_output_config              0x08001e5b   Thumb Code    24  gd32f3x0_timer.o(i.timer_primary_output_config)
    timer_struct_para_init                   0x08001e73   Thumb Code    22  gd32f3x0_timer.o(i.timer_struct_para_init)
    usart_baudrate_set                       0x08001e89   Thumb Code   120  gd32f3x0_usart.o(i.usart_baudrate_set)
    usart_data_receive                       0x08001f05   Thumb Code    10  gd32f3x0_usart.o(i.usart_data_receive)
    usart_data_transmit                      0x08001f0f   Thumb Code     8  gd32f3x0_usart.o(i.usart_data_transmit)
    usart_deinit                             0x08001f19   Thumb Code    58  gd32f3x0_usart.o(i.usart_deinit)
    usart_enable                             0x08001f59   Thumb Code    10  gd32f3x0_usart.o(i.usart_enable)
    usart_flag_get                           0x08001f63   Thumb Code    30  gd32f3x0_usart.o(i.usart_flag_get)
    usart_hardware_flow_cts_config           0x08001f81   Thumb Code    24  gd32f3x0_usart.o(i.usart_hardware_flow_cts_config)
    usart_hardware_flow_rts_config           0x08001f99   Thumb Code    24  gd32f3x0_usart.o(i.usart_hardware_flow_rts_config)
    usart_interrupt_enable                   0x08001fb1   Thumb Code    26  gd32f3x0_usart.o(i.usart_interrupt_enable)
    usart_interrupt_flag_get                 0x08001fcb   Thumb Code    56  gd32f3x0_usart.o(i.usart_interrupt_flag_get)
    usart_parity_config                      0x08002003   Thumb Code    24  gd32f3x0_usart.o(i.usart_parity_config)
    usart_receive_config                     0x0800201b   Thumb Code    16  gd32f3x0_usart.o(i.usart_receive_config)
    usart_stop_bit_set                       0x0800202b   Thumb Code    24  gd32f3x0_usart.o(i.usart_stop_bit_set)
    usart_transmit_config                    0x08002043   Thumb Code    16  gd32f3x0_usart.o(i.usart_transmit_config)
    usart_word_length_set                    0x08002053   Thumb Code    24  gd32f3x0_usart.o(i.usart_word_length_set)
    Region$$Table$$Base                      0x0800206c   Number         0  anon$$obj.o(Region$$Table)
    Region$$Table$$Limit                     0x0800208c   Number         0  anon$$obj.o(Region$$Table)
    __stdout                                 0x20000018   Data           4  uart0.o(.data)
    __initial_sp                             0x20000430   Data           0  startup_gd32f3x0.o(STACK)



==============================================================================

Memory Map of the image

  Image Entry point : 0x08000151

  Load Region LR_IROM1 (Base: 0x08000000, Size: 0x000020b8, Max: 0x00010000, ABSOLUTE)

    Execution Region ER_IROM1 (Exec base: 0x08000000, Load base: 0x08000000, Size: 0x0000208c, Max: 0x00010000, ABSOLUTE)

    Exec Addr    Load Addr    Size         Type   Attr      Idx    E Section Name        Object

    0x08000000   0x08000000   0x00000150   Data   RO         4122    RESET               startup_gd32f3x0.o
    0x08000150   0x08000150   0x00000000   Code   RO         4227  * .ARM.Collect$$$$00000000  mc_w.l(entry.o)
    0x08000150   0x08000150   0x00000004   Code   RO         4491    .ARM.Collect$$$$00000001  mc_w.l(entry2.o)
    0x08000154   0x08000154   0x00000004   Code   RO         4494    .ARM.Collect$$$$00000004  mc_w.l(entry5.o)
    0x08000158   0x08000158   0x00000000   Code   RO         4496    .ARM.Collect$$$$00000008  mc_w.l(entry7b.o)
    0x08000158   0x08000158   0x00000000   Code   RO         4498    .ARM.Collect$$$$0000000A  mc_w.l(entry8b.o)
    0x08000158   0x08000158   0x00000008   Code   RO         4499    .ARM.Collect$$$$0000000B  mc_w.l(entry9a.o)
    0x08000160   0x08000160   0x00000000   Code   RO         4501    .ARM.Collect$$$$0000000D  mc_w.l(entry10a.o)
    0x08000160   0x08000160   0x00000000   Code   RO         4503    .ARM.Collect$$$$0000000F  mc_w.l(entry11a.o)
    0x08000160   0x08000160   0x00000004   Code   RO         4492    .ARM.Collect$$$$00002712  mc_w.l(entry2.o)
    0x08000164   0x08000164   0x00000024   Code   RO         4123    .text               startup_gd32f3x0.o
    0x08000188   0x08000188   0x0000002c   Code   RO         4505    .text               mc_w.l(uidiv.o)
    0x080001b4   0x080001b4   0x00000024   Code   RO         4520    .text               mc_w.l(init.o)
    0x080001d8   0x080001d8   0x00000054   Code   RO          169    i.ADC_Read_Fast     spo2_driver.o
    0x0800022c   0x0800022c   0x00000004   Code   RO         4035    i.BusFault_Handler  gd32f3x0_it.o
    0x08000230   0x08000230   0x0000000c   Code   RO         4007    i.ConfigNVIC        nvic.o
    0x0800023c   0x0800023c   0x00000050   Code   RO          277    i.ConfigTimer2      timer.o
    0x0800028c   0x0800028c   0x000000c4   Code   RO          335    i.ConfigUART        uart0.o
    0x08000350   0x08000350   0x00000004   Code   RO         4036    i.DebugMon_Handler  gd32f3x0_it.o
    0x08000354   0x08000354   0x00000004   Code   RO         4037    i.HardFault_Handler  gd32f3x0_it.o
    0x08000358   0x08000358   0x00000020   Code   RO            3    i.InitHardware      main.o
    0x08000378   0x08000378   0x00000002   Code   RO            4    i.InitLED           main.o
    0x0800037a   0x0800037a   0x00000008   Code   RO         4008    i.InitNVIC          nvic.o
    0x08000382   0x08000382   0x00000002   Code   RO            5    i.InitSoftware      main.o
    0x08000384   0x08000384   0x0000003c   Code   RO          280    i.InitTimer         timer.o
    0x080003c0   0x080003c0   0x0000000c   Code   RO          336    i.InitUART0         uart0.o
    0x080003cc   0x080003cc   0x00000016   Code   RO            6    i.InitWatchdog      main.o
    0x080003e2   0x080003e2   0x00000004   Code   RO         4038    i.MemManage_Handler  gd32f3x0_it.o
    0x080003e6   0x080003e6   0x00000004   Code   RO         4039    i.NMI_Handler       gd32f3x0_it.o
    0x080003ea   0x080003ea   0x00000002   PAD
    0x080003ec   0x080003ec   0x000000cc   Code   RO          337    i.ParseCmdPacket    uart0.o
    0x080004b8   0x080004b8   0x00000004   Code   RO         4040    i.PendSV_Handler    gd32f3x0_it.o
    0x080004bc   0x080004bc   0x000000f8   Code   RO          170    i.SPO2_Driver_Init  spo2_driver.o
    0x080005b4   0x080005b4   0x0000000c   Code   RO          172    i.SPO2_GetGain      spo2_driver.o
    0x080005c0   0x080005c0   0x0000001c   Code   RO          173    i.SPO2_GetPwmPulse  spo2_driver.o
    0x080005dc   0x080005dc   0x00000018   Code   RO          174    i.SPO2_GetRawADC    spo2_driver.o
    0x080005f4   0x080005f4   0x0000001c   Code   RO          175    i.SPO2_GetWaveSeq   spo2_driver.o
    0x08000610   0x08000610   0x000000d0   Code   RO          176    i.SPO2_PWM_Init     spo2_driver.o
    0x080006e0   0x080006e0   0x0000002c   Code   RO          177    i.SPO2_SetAGCEnable  spo2_driver.o
    0x0800070c   0x0800070c   0x0000004c   Code   RO          178    i.SPO2_SetGain      spo2_driver.o
    0x08000758   0x08000758   0x00000148   Code   RO          179    i.SPO2_Timer_Handler  spo2_driver.o
    0x080008a0   0x080008a0   0x00000004   Code   RO         4041    i.SVC_Handler       gd32f3x0_it.o
    0x080008a4   0x080008a4   0x0000001c   Code   RO            7    i.SendWavePair      main.o
    0x080008c0   0x080008c0   0x00000008   Code   RO         4179    i.SysTick_Handler   systick.o
    0x080008c8   0x080008c8   0x000000d0   Code   RO         4130    i.SystemInit        system_gd32f3x0.o
    0x08000998   0x08000998   0x00000048   Code   RO          281    i.TIMER2_IRQHandler  timer.o
    0x080009e0   0x080009e0   0x00000018   Code   RO         4180    i.TimDelayDec       systick.o
    0x080009f8   0x080009f8   0x00000030   Code   RO          338    i.UART0_GetCmd      uart0.o
    0x08000a28   0x08000a28   0x00000028   Code   RO          340    i.USART0_IRQHandler  uart0.o
    0x08000a50   0x08000a50   0x00000004   Code   RO         4042    i.UsageFault_Handler  gd32f3x0_it.o
    0x08000a54   0x08000a54   0x00000020   Code   RO         4275    i.__0printf$1       mc_w.l(printf1.o)
    0x08000a74   0x08000a74   0x0000000e   Code   RO         4532    i.__scatterload_copy  mc_w.l(handlers.o)
    0x08000a82   0x08000a82   0x00000002   Code   RO         4533    i.__scatterload_null  mc_w.l(handlers.o)
    0x08000a84   0x08000a84   0x0000000e   Code   RO         4534    i.__scatterload_zeroinit  mc_w.l(handlers.o)
    0x08000a92   0x08000a92   0x00000002   PAD
    0x08000a94   0x08000a94   0x00000154   Code   RO         4282    i._printf_core      mc_w.l(printf1.o)
    0x08000be8   0x08000be8   0x0000003c   Code   RO          412    i.adc_calibration_enable  gd32f3x0_adc.o
    0x08000c24   0x08000c24   0x00000060   Code   RO          413    i.adc_channel_length_config  gd32f3x0_adc.o
    0x08000c84   0x08000c84   0x00000024   Code   RO          414    i.adc_data_alignment_config  gd32f3x0_adc.o
    0x08000ca8   0x08000ca8   0x00000014   Code   RO          415    i.adc_deinit        gd32f3x0_adc.o
    0x08000cbc   0x08000cbc   0x0000001c   Code   RO          420    i.adc_enable        gd32f3x0_adc.o
    0x08000cd8   0x08000cd8   0x00000054   Code   RO          421    i.adc_external_trigger_config  gd32f3x0_adc.o
    0x08000d2c   0x08000d2c   0x00000040   Code   RO          422    i.adc_external_trigger_source_config  gd32f3x0_adc.o
    0x08000d6c   0x08000d6c   0x00000010   Code   RO          423    i.adc_flag_clear    gd32f3x0_adc.o
    0x08000d7c   0x08000d7c   0x00000014   Code   RO          424    i.adc_flag_get      gd32f3x0_adc.o
    0x08000d90   0x08000d90   0x000000d4   Code   RO          435    i.adc_regular_channel_config  gd32f3x0_adc.o
    0x08000e64   0x08000e64   0x0000000c   Code   RO          436    i.adc_regular_data_read  gd32f3x0_adc.o
    0x08000e70   0x08000e70   0x0000001c   Code   RO          437    i.adc_resolution_config  gd32f3x0_adc.o
    0x08000e8c   0x08000e8c   0x0000002c   Code   RO          438    i.adc_software_trigger_enable  gd32f3x0_adc.o
    0x08000eb8   0x08000eb8   0x00000080   Code   RO          439    i.adc_special_function_config  gd32f3x0_adc.o
    0x08000f38   0x08000f38   0x00000034   Code   RO          343    i.fputc             uart0.o
    0x08000f6c   0x08000f6c   0x00000068   Code   RO         1478    i.fwdgt_config      gd32f3x0_fwdgt.o
    0x08000fd4   0x08000fd4   0x00000010   Code   RO         1479    i.fwdgt_counter_reload  gd32f3x0_fwdgt.o
    0x08000fe4   0x08000fe4   0x00000010   Code   RO         1480    i.fwdgt_enable      gd32f3x0_fwdgt.o
    0x08000ff4   0x08000ff4   0x00000010   Code   RO         1484    i.fwdgt_write_enable  gd32f3x0_fwdgt.o
    0x08001004   0x08001004   0x0000005e   Code   RO         1534    i.gpio_af_set       gd32f3x0_gpio.o
    0x08001062   0x08001062   0x00000004   Code   RO         1535    i.gpio_bit_reset    gd32f3x0_gpio.o
    0x08001066   0x08001066   0x00000004   Code   RO         1536    i.gpio_bit_set      gd32f3x0_gpio.o
    0x0800106a   0x0800106a   0x0000004e   Code   RO         1542    i.gpio_mode_set     gd32f3x0_gpio.o
    0x080010b8   0x080010b8   0x0000007c   Code   RO         1544    i.gpio_output_options_set  gd32f3x0_gpio.o
    0x08001134   0x08001134   0x00000128   Code   RO            8    i.main              main.o
    0x0800125c   0x0800125c   0x000000ac   Code   RO         1839    i.nvic_irq_enable   gd32f3x0_misc.o
    0x08001308   0x08001308   0x00000014   Code   RO         1840    i.nvic_priority_group_set  gd32f3x0_misc.o
    0x0800131c   0x0800131c   0x00000014   Code   RO         1841    i.nvic_vector_table_set  gd32f3x0_misc.o
    0x08001330   0x08001330   0x00000014   Code   RO         1895    i.pmu_backup_write_enable  gd32f3x0_pmu.o
    0x08001344   0x08001344   0x0000014c   Code   RO         2029    i.rcu_adc_clock_config  gd32f3x0_rcu.o
    0x08001490   0x08001490   0x00000378   Code   RO         2039    i.rcu_clock_freq_get  gd32f3x0_rcu.o
    0x08001808   0x08001808   0x00000020   Code   RO         2059    i.rcu_periph_clock_enable  gd32f3x0_rcu.o
    0x08001828   0x08001828   0x00000020   Code   RO         2062    i.rcu_periph_reset_disable  gd32f3x0_rcu.o
    0x08001848   0x08001848   0x00000020   Code   RO         2063    i.rcu_periph_reset_enable  gd32f3x0_rcu.o
    0x08001868   0x08001868   0x00000114   Code   RO         4131    i.system_clock_72m_irc8m  system_gd32f3x0.o
    0x0800197c   0x0800197c   0x00000008   Code   RO         4132    i.system_clock_config  system_gd32f3x0.o
    0x08001984   0x08001984   0x00000040   Code   RO         4133    i.system_clock_fallback_8m_irc8m  system_gd32f3x0.o
    0x080019c4   0x080019c4   0x00000208   Code   RO         2841    i.timer_channel_output_config  gd32f3x0_timer.o
    0x08001bcc   0x08001bcc   0x0000005a   Code   RO         2843    i.timer_channel_output_mode_config  gd32f3x0_timer.o
    0x08001c26   0x08001c26   0x00000026   Code   RO         2845    i.timer_channel_output_pulse_value_config  gd32f3x0_timer.o
    0x08001c4c   0x08001c4c   0x0000005a   Code   RO         2846    i.timer_channel_output_shadow_config  gd32f3x0_timer.o
    0x08001ca6   0x08001ca6   0x00000010   Code   RO         2848    i.timer_channel_output_struct_para_init  gd32f3x0_timer.o
    0x08001cb6   0x08001cb6   0x00000002   PAD
    0x08001cb8   0x08001cb8   0x000000c4   Code   RO         2855    i.timer_deinit      gd32f3x0_timer.o
    0x08001d7c   0x08001d7c   0x0000000a   Code   RO         2860    i.timer_enable      gd32f3x0_timer.o
    0x08001d86   0x08001d86   0x00000002   PAD
    0x08001d88   0x08001d88   0x000000ac   Code   RO         2870    i.timer_init        gd32f3x0_timer.o
    0x08001e34   0x08001e34   0x00000008   Code   RO         2877    i.timer_interrupt_enable  gd32f3x0_timer.o
    0x08001e3c   0x08001e3c   0x00000006   Code   RO         2878    i.timer_interrupt_flag_clear  gd32f3x0_timer.o
    0x08001e42   0x08001e42   0x00000018   Code   RO         2879    i.timer_interrupt_flag_get  gd32f3x0_timer.o
    0x08001e5a   0x08001e5a   0x00000018   Code   RO         2886    i.timer_primary_output_config  gd32f3x0_timer.o
    0x08001e72   0x08001e72   0x00000016   Code   RO         2891    i.timer_struct_para_init  gd32f3x0_timer.o
    0x08001e88   0x08001e88   0x0000007c   Code   RO         3504    i.usart_baudrate_set  gd32f3x0_usart.o
    0x08001f04   0x08001f04   0x0000000a   Code   RO         3510    i.usart_data_receive  gd32f3x0_usart.o
    0x08001f0e   0x08001f0e   0x00000008   Code   RO         3511    i.usart_data_transmit  gd32f3x0_usart.o
    0x08001f16   0x08001f16   0x00000002   PAD
    0x08001f18   0x08001f18   0x00000040   Code   RO         3512    i.usart_deinit      gd32f3x0_usart.o
    0x08001f58   0x08001f58   0x0000000a   Code   RO         3519    i.usart_enable      gd32f3x0_usart.o
    0x08001f62   0x08001f62   0x0000001e   Code   RO         3521    i.usart_flag_get    gd32f3x0_usart.o
    0x08001f80   0x08001f80   0x00000018   Code   RO         3525    i.usart_hardware_flow_cts_config  gd32f3x0_usart.o
    0x08001f98   0x08001f98   0x00000018   Code   RO         3526    i.usart_hardware_flow_rts_config  gd32f3x0_usart.o
    0x08001fb0   0x08001fb0   0x0000001a   Code   RO         3528    i.usart_interrupt_enable  gd32f3x0_usart.o
    0x08001fca   0x08001fca   0x00000038   Code   RO         3530    i.usart_interrupt_flag_get  gd32f3x0_usart.o
    0x08002002   0x08002002   0x00000018   Code   RO         3544    i.usart_parity_config  gd32f3x0_usart.o
    0x0800201a   0x0800201a   0x00000010   Code   RO         3546    i.usart_receive_config  gd32f3x0_usart.o
    0x0800202a   0x0800202a   0x00000018   Code   RO         3565    i.usart_stop_bit_set  gd32f3x0_usart.o
    0x08002042   0x08002042   0x00000010   Code   RO         3567    i.usart_transmit_config  gd32f3x0_usart.o
    0x08002052   0x08002052   0x00000018   Code   RO         3571    i.usart_word_length_set  gd32f3x0_usart.o
    0x0800206a   0x0800206a   0x00000002   PAD
    0x0800206c   0x0800206c   0x00000020   Data   RO         4530    Region$$Table       anon$$obj.o


    Execution Region RW_IRAM1 (Exec base: 0x20000000, Load base: 0x0800208c, Size: 0x00000430, Max: 0x00002000, ABSOLUTE)

    Exec Addr    Load Addr    Size         Type   Attr      Idx    E Section Name        Object

    0x20000000   0x0800208c   0x00000002   Data   RW            9    .data               main.o
    0x20000002   0x0800208e   0x00000011   Data   RW          180    .data               spo2_driver.o
    0x20000013   0x0800209f   0x00000001   PAD
    0x20000014   0x080020a0   0x00000004   Data   RW          282    .data               timer.o
    0x20000018   0x080020a4   0x00000010   Data   RW          345    .data               uart0.o
    0x20000028   0x080020b4   0x00000004   Data   RW         4181    .data               systick.o
    0x2000002c   0x080020b8   0x00000004   PAD
    0x20000030        -       0x00000400   Zero   RW         4120    STACK               startup_gd32f3x0.o


==============================================================================

Image component sizes


      Code (inc. data)   RO Data    RW Data    ZI Data      Debug   Object Name

       848         64          0          0          0       7775   gd32f3x0_adc.o
       152         28          0          0          0       2178   gd32f3x0_fwdgt.o
       304          0          0          0          0       3420   gd32f3x0_gpio.o
        32          0          0          0          0       3604   gd32f3x0_it.o
       212         28          0          0          0       1856   gd32f3x0_misc.o
        20          6          0          0          0        470   gd32f3x0_pmu.o
      1316         82          0          0          0       4091   gd32f3x0_rcu.o
      1216         54          0          0          0       8315   gd32f3x0_timer.o
       480         10          0          0          0       8827   gd32f3x0_usart.o
       382         36          0          2          0      53339   main.o
        20          0          0          0          0        863   nvic.o
      1080        124          0         17          0       6676   spo2_driver.o
        36          8        336          0       1024        812   startup_gd32f3x0.o
       556         52          0          0          0       2333   system_gd32f3x0.o
        32          6          0          4          0       1108   systick.o
       212         24          0          4          0       1856   timer.o
       552         60          0         16          0       5429   uart0.o

    ----------------------------------------------------------------------
      7460        582        368         44       1028     112952   Object Totals
         0          0         32          0          0          0   (incl. Generated)
        10          0          0          1          4          0   (incl. Padding)

    ----------------------------------------------------------------------

      Code (inc. data)   RO Data    RW Data    ZI Data      Debug   Library Member Name

         0          0          0          0          0          0   entry.o
         0          0          0          0          0          0   entry10a.o
         0          0          0          0          0          0   entry11a.o
         8          4          0          0          0          0   entry2.o
         4          0          0          0          0          0   entry5.o
         0          0          0          0          0          0   entry7b.o
         0          0          0          0          0          0   entry8b.o
         8          4          0          0          0          0   entry9a.o
        30          0          0          0          0          0   handlers.o
        36          8          0          0          0         68   init.o
       372         14          0          0          0        184   printf1.o
        44          0          0          0          0         80   uidiv.o

    ----------------------------------------------------------------------
       504         30          0          0          0        332   Library Totals
         2          0          0          0          0          0   (incl. Padding)

    ----------------------------------------------------------------------

      Code (inc. data)   RO Data    RW Data    ZI Data      Debug   Library Name

       502         30          0          0          0        332   mc_w.l

    ----------------------------------------------------------------------
       504         30          0          0          0        332   Library Totals

    ----------------------------------------------------------------------

==============================================================================


      Code (inc. data)   RO Data    RW Data    ZI Data      Debug   

      7964        612        368         44       1028     103936   Grand Totals
      7964        612        368         44       1028     103936   ELF Image Totals
      7964        612        368         44          0          0   ROM Totals

==============================================================================

    Total RO  Size (Code + RO Data)                 8332 (   8.14kB)
    Total RW  Size (RW Data + ZI Data)              1072 (   1.05kB)
    Total ROM Size (Code + RO Data + RW Data)       8376 (   8.18kB)

==============================================================================

