<!doctype html public "-//w3c//dtd html 4.0 transitional//en">
<html><head>
<title>Static Call Graph - [.\Objects\GD32KeilPrj.axf]</title></head>
<body><HR>
<H1>Static Call Graph for image .\Objects\GD32KeilPrj.axf</H1><HR>
<BR><P>#&#060CALLGRAPH&#062# ARM Linker, 5060750: Last Updated: Wed Apr 08 09:53:15 2026
<BR><P>
<H3>Maximum Stack Usage =        312 bytes + Unknown(Cycles, Untraceable Function Pointers)</H3><H3>
Call chain for Maximum Stack Depth:</H3>
main &rArr; UART1_ProcessSPO2Data &rArr; ParseSPO2Packet &rArr; UI_UpdateData &rArr; UI_UpdateRCalibValue &rArr; LCD_ShowString &rArr; LCD_ShowChar &rArr; LCD_Fast_DrawPoint &rArr; LCD_SetCursor &rArr; LCD_WriteReg_Internal &rArr; LCD_WriteDataPort
<P>
<H3>
Mutually Recursive functions
</H3> <LI><a href="#[1d]">ADC0_1_IRQHandler</a>&nbsp;&nbsp;&nbsp;&rArr;&nbsp;&nbsp;&nbsp;<a href="#[1d]">ADC0_1_IRQHandler</a><BR>
</UL>
<P>
<H3>
Function Pointers
</H3><UL>
 <LI><a href="#[1d]">ADC0_1_IRQHandler</a> from startup_gd32f30x_hd.o(.text) referenced from startup_gd32f30x_hd.o(RESET)
 <LI><a href="#[3a]">ADC2_IRQHandler</a> from startup_gd32f30x_hd.o(.text) referenced from startup_gd32f30x_hd.o(RESET)
 <LI><a href="#[5]">BusFault_Handler</a> from gd32f30x_it.o(i.BusFault_Handler) referenced from startup_gd32f30x_hd.o(RESET)
 <LI><a href="#[21]">CAN0_EWMC_IRQHandler</a> from startup_gd32f30x_hd.o(.text) referenced from startup_gd32f30x_hd.o(RESET)
 <LI><a href="#[20]">CAN0_RX1_IRQHandler</a> from startup_gd32f30x_hd.o(.text) referenced from startup_gd32f30x_hd.o(RESET)
 <LI><a href="#[16]">DMA0_Channel0_IRQHandler</a> from startup_gd32f30x_hd.o(.text) referenced from startup_gd32f30x_hd.o(RESET)
 <LI><a href="#[17]">DMA0_Channel1_IRQHandler</a> from startup_gd32f30x_hd.o(.text) referenced from startup_gd32f30x_hd.o(RESET)
 <LI><a href="#[18]">DMA0_Channel2_IRQHandler</a> from startup_gd32f30x_hd.o(.text) referenced from startup_gd32f30x_hd.o(RESET)
 <LI><a href="#[19]">DMA0_Channel3_IRQHandler</a> from startup_gd32f30x_hd.o(.text) referenced from startup_gd32f30x_hd.o(RESET)
 <LI><a href="#[1a]">DMA0_Channel4_IRQHandler</a> from startup_gd32f30x_hd.o(.text) referenced from startup_gd32f30x_hd.o(RESET)
 <LI><a href="#[1b]">DMA0_Channel5_IRQHandler</a> from startup_gd32f30x_hd.o(.text) referenced from startup_gd32f30x_hd.o(RESET)
 <LI><a href="#[1c]">DMA0_Channel6_IRQHandler</a> from startup_gd32f30x_hd.o(.text) referenced from startup_gd32f30x_hd.o(RESET)
 <LI><a href="#[43]">DMA1_Channel0_IRQHandler</a> from startup_gd32f30x_hd.o(.text) referenced from startup_gd32f30x_hd.o(RESET)
 <LI><a href="#[44]">DMA1_Channel1_IRQHandler</a> from startup_gd32f30x_hd.o(.text) referenced from startup_gd32f30x_hd.o(RESET)
 <LI><a href="#[45]">DMA1_Channel2_IRQHandler</a> from startup_gd32f30x_hd.o(.text) referenced from startup_gd32f30x_hd.o(RESET)
 <LI><a href="#[46]">DMA1_Channel3_4_IRQHandler</a> from startup_gd32f30x_hd.o(.text) referenced from startup_gd32f30x_hd.o(RESET)
 <LI><a href="#[8]">DebugMon_Handler</a> from gd32f30x_it.o(i.DebugMon_Handler) referenced from startup_gd32f30x_hd.o(RESET)
 <LI><a href="#[3b]">EXMC_IRQHandler</a> from startup_gd32f30x_hd.o(.text) referenced from startup_gd32f30x_hd.o(RESET)
 <LI><a href="#[11]">EXTI0_IRQHandler</a> from startup_gd32f30x_hd.o(.text) referenced from startup_gd32f30x_hd.o(RESET)
 <LI><a href="#[33]">EXTI10_15_IRQHandler</a> from keyone.o(i.EXTI10_15_IRQHandler) referenced from startup_gd32f30x_hd.o(RESET)
 <LI><a href="#[12]">EXTI1_IRQHandler</a> from startup_gd32f30x_hd.o(.text) referenced from startup_gd32f30x_hd.o(RESET)
 <LI><a href="#[13]">EXTI2_IRQHandler</a> from startup_gd32f30x_hd.o(.text) referenced from startup_gd32f30x_hd.o(RESET)
 <LI><a href="#[14]">EXTI3_IRQHandler</a> from keyone.o(i.EXTI3_IRQHandler) referenced from startup_gd32f30x_hd.o(RESET)
 <LI><a href="#[15]">EXTI4_IRQHandler</a> from keyone.o(i.EXTI4_IRQHandler) referenced from startup_gd32f30x_hd.o(RESET)
 <LI><a href="#[22]">EXTI5_9_IRQHandler</a> from keyone.o(i.EXTI5_9_IRQHandler) referenced from startup_gd32f30x_hd.o(RESET)
 <LI><a href="#[f]">FMC_IRQHandler</a> from startup_gd32f30x_hd.o(.text) referenced from startup_gd32f30x_hd.o(RESET)
 <LI><a href="#[3]">HardFault_Handler</a> from gd32f30x_it.o(i.HardFault_Handler) referenced from startup_gd32f30x_hd.o(RESET)
 <LI><a href="#[2b]">I2C0_ER_IRQHandler</a> from startup_gd32f30x_hd.o(.text) referenced from startup_gd32f30x_hd.o(RESET)
 <LI><a href="#[2a]">I2C0_EV_IRQHandler</a> from startup_gd32f30x_hd.o(.text) referenced from startup_gd32f30x_hd.o(RESET)
 <LI><a href="#[2d]">I2C1_ER_IRQHandler</a> from startup_gd32f30x_hd.o(.text) referenced from startup_gd32f30x_hd.o(RESET)
 <LI><a href="#[2c]">I2C1_EV_IRQHandler</a> from startup_gd32f30x_hd.o(.text) referenced from startup_gd32f30x_hd.o(RESET)
 <LI><a href="#[c]">LVD_IRQHandler</a> from startup_gd32f30x_hd.o(.text) referenced from startup_gd32f30x_hd.o(RESET)
 <LI><a href="#[4]">MemManage_Handler</a> from gd32f30x_it.o(i.MemManage_Handler) referenced from startup_gd32f30x_hd.o(RESET)
 <LI><a href="#[2]">NMI_Handler</a> from gd32f30x_it.o(i.NMI_Handler) referenced from startup_gd32f30x_hd.o(RESET)
 <LI><a href="#[9]">PendSV_Handler</a> from gd32f30x_it.o(i.PendSV_Handler) referenced from startup_gd32f30x_hd.o(RESET)
 <LI><a href="#[10]">RCU_CTC_IRQHandler</a> from startup_gd32f30x_hd.o(.text) referenced from startup_gd32f30x_hd.o(RESET)
 <LI><a href="#[34]">RTC_Alarm_IRQHandler</a> from startup_gd32f30x_hd.o(.text) referenced from startup_gd32f30x_hd.o(RESET)
 <LI><a href="#[e]">RTC_IRQHandler</a> from startup_gd32f30x_hd.o(.text) referenced from startup_gd32f30x_hd.o(RESET)
 <LI><a href="#[1]">Reset_Handler</a> from startup_gd32f30x_hd.o(.text) referenced from startup_gd32f30x_hd.o(RESET)
 <LI><a href="#[3c]">SDIO_IRQHandler</a> from startup_gd32f30x_hd.o(.text) referenced from startup_gd32f30x_hd.o(RESET)
 <LI><a href="#[2e]">SPI0_IRQHandler</a> from startup_gd32f30x_hd.o(.text) referenced from startup_gd32f30x_hd.o(RESET)
 <LI><a href="#[2f]">SPI1_IRQHandler</a> from startup_gd32f30x_hd.o(.text) referenced from startup_gd32f30x_hd.o(RESET)
 <LI><a href="#[3e]">SPI2_IRQHandler</a> from startup_gd32f30x_hd.o(.text) referenced from startup_gd32f30x_hd.o(RESET)
 <LI><a href="#[7]">SVC_Handler</a> from gd32f30x_it.o(i.SVC_Handler) referenced from startup_gd32f30x_hd.o(RESET)
 <LI><a href="#[a]">SysTick_Handler</a> from systick.o(i.SysTick_Handler) referenced from startup_gd32f30x_hd.o(RESET)
 <LI><a href="#[48]">SystemInit</a> from system_gd32f30x.o(i.SystemInit) referenced from startup_gd32f30x_hd.o(.text)
 <LI><a href="#[d]">TAMPER_IRQHandler</a> from startup_gd32f30x_hd.o(.text) referenced from startup_gd32f30x_hd.o(RESET)
 <LI><a href="#[23]">TIMER0_BRK_IRQHandler</a> from startup_gd32f30x_hd.o(.text) referenced from startup_gd32f30x_hd.o(RESET)
 <LI><a href="#[26]">TIMER0_Channel_IRQHandler</a> from startup_gd32f30x_hd.o(.text) referenced from startup_gd32f30x_hd.o(RESET)
 <LI><a href="#[25]">TIMER0_TRG_CMT_IRQHandler</a> from startup_gd32f30x_hd.o(.text) referenced from startup_gd32f30x_hd.o(RESET)
 <LI><a href="#[24]">TIMER0_UP_IRQHandler</a> from startup_gd32f30x_hd.o(.text) referenced from startup_gd32f30x_hd.o(RESET)
 <LI><a href="#[27]">TIMER1_IRQHandler</a> from startup_gd32f30x_hd.o(.text) referenced from startup_gd32f30x_hd.o(RESET)
 <LI><a href="#[28]">TIMER2_IRQHandler</a> from timer.o(i.TIMER2_IRQHandler) referenced from startup_gd32f30x_hd.o(RESET)
 <LI><a href="#[29]">TIMER3_IRQHandler</a> from startup_gd32f30x_hd.o(.text) referenced from startup_gd32f30x_hd.o(RESET)
 <LI><a href="#[3d]">TIMER4_IRQHandler</a> from timer.o(i.TIMER4_IRQHandler) referenced from startup_gd32f30x_hd.o(RESET)
 <LI><a href="#[41]">TIMER5_IRQHandler</a> from startup_gd32f30x_hd.o(.text) referenced from startup_gd32f30x_hd.o(RESET)
 <LI><a href="#[42]">TIMER6_IRQHandler</a> from startup_gd32f30x_hd.o(.text) referenced from startup_gd32f30x_hd.o(RESET)
 <LI><a href="#[36]">TIMER7_BRK_IRQHandler</a> from startup_gd32f30x_hd.o(.text) referenced from startup_gd32f30x_hd.o(RESET)
 <LI><a href="#[39]">TIMER7_Channel_IRQHandler</a> from startup_gd32f30x_hd.o(.text) referenced from startup_gd32f30x_hd.o(RESET)
 <LI><a href="#[38]">TIMER7_TRG_CMT_IRQHandler</a> from startup_gd32f30x_hd.o(.text) referenced from startup_gd32f30x_hd.o(RESET)
 <LI><a href="#[37]">TIMER7_UP_IRQHandler</a> from startup_gd32f30x_hd.o(.text) referenced from startup_gd32f30x_hd.o(RESET)
 <LI><a href="#[3f]">UART3_IRQHandler</a> from startup_gd32f30x_hd.o(.text) referenced from startup_gd32f30x_hd.o(RESET)
 <LI><a href="#[40]">UART4_IRQHandler</a> from startup_gd32f30x_hd.o(.text) referenced from startup_gd32f30x_hd.o(RESET)
 <LI><a href="#[30]">USART0_IRQHandler</a> from uart0.o(i.USART0_IRQHandler) referenced from startup_gd32f30x_hd.o(RESET)
 <LI><a href="#[31]">USART1_IRQHandler</a> from uart1.o(i.USART1_IRQHandler) referenced from startup_gd32f30x_hd.o(RESET)
 <LI><a href="#[32]">USART2_IRQHandler</a> from startup_gd32f30x_hd.o(.text) referenced from startup_gd32f30x_hd.o(RESET)
 <LI><a href="#[1e]">USBD_HP_CAN0_TX_IRQHandler</a> from startup_gd32f30x_hd.o(.text) referenced from startup_gd32f30x_hd.o(RESET)
 <LI><a href="#[1f]">USBD_LP_CAN0_RX0_IRQHandler</a> from startup_gd32f30x_hd.o(.text) referenced from startup_gd32f30x_hd.o(RESET)
 <LI><a href="#[35]">USBD_WKUP_IRQHandler</a> from startup_gd32f30x_hd.o(.text) referenced from startup_gd32f30x_hd.o(RESET)
 <LI><a href="#[6]">UsageFault_Handler</a> from gd32f30x_it.o(i.UsageFault_Handler) referenced from startup_gd32f30x_hd.o(RESET)
 <LI><a href="#[b]">WWDGT_IRQHandler</a> from startup_gd32f30x_hd.o(.text) referenced from startup_gd32f30x_hd.o(RESET)
 <LI><a href="#[49]">__main</a> from entry.o(.ARM.Collect$$$$00000000) referenced from startup_gd32f30x_hd.o(.text)
 <LI><a href="#[4b]">_sbackspace</a> from _sgetc.o(.text) referenced from __0sscanf.o(.text)
 <LI><a href="#[4c]">_scanf_char_input</a> from scanf_char.o(.text) referenced from scanf_char.o(.text)
 <LI><a href="#[4a]">_sgetc</a> from _sgetc.o(.text) referenced from __0sscanf.o(.text)
 <LI><a href="#[4f]">_sputc</a> from printf8.o(i._sputc) referenced from printf8.o(i.__0sprintf$8)
 <LI><a href="#[4e]">fputc</a> from uart0.o(i.fputc) referenced from printf8.o(i.__0printf$8)
 <LI><a href="#[4d]">isspace</a> from isspace_c.o(.text) referenced from scanf_char.o(.text)
 <LI><a href="#[47]">main</a> from main.o(i.main) referenced from entry9a.o(.ARM.Collect$$$$0000000B)
</UL>
<P>
<H3>
Global Symbols
</H3>
<P><STRONG><a name="[49]"></a>__main</STRONG> (Thumb, 0 bytes, Stack size unknown bytes, entry.o(.ARM.Collect$$$$00000000))
<BR>[Address Reference Count : 1]<UL><LI> startup_gd32f30x_hd.o(.text)
</UL>
<P><STRONG><a name="[129]"></a>_main_stk</STRONG> (Thumb, 0 bytes, Stack size unknown bytes, entry2.o(.ARM.Collect$$$$00000001))

<P><STRONG><a name="[50]"></a>_main_scatterload</STRONG> (Thumb, 0 bytes, Stack size unknown bytes, entry5.o(.ARM.Collect$$$$00000004))
<BR><BR>[Calls]<UL><LI><a href="#[51]">&gt;&gt;</a>&nbsp;&nbsp;&nbsp;__scatterload
</UL>

<P><STRONG><a name="[5d]"></a>__main_after_scatterload</STRONG> (Thumb, 0 bytes, Stack size unknown bytes, entry5.o(.ARM.Collect$$$$00000004))
<BR><BR>[Called By]<UL><LI><a href="#[51]">&gt;&gt;</a>&nbsp;&nbsp;&nbsp;__scatterload
</UL>

<P><STRONG><a name="[12a]"></a>_main_clock</STRONG> (Thumb, 0 bytes, Stack size unknown bytes, entry7b.o(.ARM.Collect$$$$00000008))

<P><STRONG><a name="[12b]"></a>_main_cpp_init</STRONG> (Thumb, 0 bytes, Stack size unknown bytes, entry8b.o(.ARM.Collect$$$$0000000A))

<P><STRONG><a name="[12c]"></a>_main_init</STRONG> (Thumb, 0 bytes, Stack size unknown bytes, entry9a.o(.ARM.Collect$$$$0000000B))

<P><STRONG><a name="[12d]"></a>__rt_final_cpp</STRONG> (Thumb, 0 bytes, Stack size unknown bytes, entry10a.o(.ARM.Collect$$$$0000000D))

<P><STRONG><a name="[12e]"></a>__rt_final_exit</STRONG> (Thumb, 0 bytes, Stack size unknown bytes, entry11a.o(.ARM.Collect$$$$0000000F))

<P><STRONG><a name="[1]"></a>Reset_Handler</STRONG> (Thumb, 8 bytes, Stack size 0 bytes, startup_gd32f30x_hd.o(.text))
<BR>[Address Reference Count : 1]<UL><LI> startup_gd32f30x_hd.o(RESET)
</UL>
<P><STRONG><a name="[1d]"></a>ADC0_1_IRQHandler</STRONG> (Thumb, 0 bytes, Stack size 0 bytes, startup_gd32f30x_hd.o(.text))
<BR><BR>[Calls]<UL><LI><a href="#[1d]">&gt;&gt;</a>&nbsp;&nbsp;&nbsp;ADC0_1_IRQHandler
</UL>
<BR>[Called By]<UL><LI><a href="#[1d]">&gt;&gt;</a>&nbsp;&nbsp;&nbsp;ADC0_1_IRQHandler
</UL>
<BR>[Address Reference Count : 1]<UL><LI> startup_gd32f30x_hd.o(RESET)
</UL>
<P><STRONG><a name="[3a]"></a>ADC2_IRQHandler</STRONG> (Thumb, 0 bytes, Stack size 0 bytes, startup_gd32f30x_hd.o(.text))
<BR>[Address Reference Count : 1]<UL><LI> startup_gd32f30x_hd.o(RESET)
</UL>
<P><STRONG><a name="[21]"></a>CAN0_EWMC_IRQHandler</STRONG> (Thumb, 0 bytes, Stack size 0 bytes, startup_gd32f30x_hd.o(.text))
<BR>[Address Reference Count : 1]<UL><LI> startup_gd32f30x_hd.o(RESET)
</UL>
<P><STRONG><a name="[20]"></a>CAN0_RX1_IRQHandler</STRONG> (Thumb, 0 bytes, Stack size 0 bytes, startup_gd32f30x_hd.o(.text))
<BR>[Address Reference Count : 1]<UL><LI> startup_gd32f30x_hd.o(RESET)
</UL>
<P><STRONG><a name="[16]"></a>DMA0_Channel0_IRQHandler</STRONG> (Thumb, 0 bytes, Stack size 0 bytes, startup_gd32f30x_hd.o(.text))
<BR>[Address Reference Count : 1]<UL><LI> startup_gd32f30x_hd.o(RESET)
</UL>
<P><STRONG><a name="[17]"></a>DMA0_Channel1_IRQHandler</STRONG> (Thumb, 0 bytes, Stack size 0 bytes, startup_gd32f30x_hd.o(.text))
<BR>[Address Reference Count : 1]<UL><LI> startup_gd32f30x_hd.o(RESET)
</UL>
<P><STRONG><a name="[18]"></a>DMA0_Channel2_IRQHandler</STRONG> (Thumb, 0 bytes, Stack size 0 bytes, startup_gd32f30x_hd.o(.text))
<BR>[Address Reference Count : 1]<UL><LI> startup_gd32f30x_hd.o(RESET)
</UL>
<P><STRONG><a name="[19]"></a>DMA0_Channel3_IRQHandler</STRONG> (Thumb, 0 bytes, Stack size 0 bytes, startup_gd32f30x_hd.o(.text))
<BR>[Address Reference Count : 1]<UL><LI> startup_gd32f30x_hd.o(RESET)
</UL>
<P><STRONG><a name="[1a]"></a>DMA0_Channel4_IRQHandler</STRONG> (Thumb, 0 bytes, Stack size 0 bytes, startup_gd32f30x_hd.o(.text))
<BR>[Address Reference Count : 1]<UL><LI> startup_gd32f30x_hd.o(RESET)
</UL>
<P><STRONG><a name="[1b]"></a>DMA0_Channel5_IRQHandler</STRONG> (Thumb, 0 bytes, Stack size 0 bytes, startup_gd32f30x_hd.o(.text))
<BR>[Address Reference Count : 1]<UL><LI> startup_gd32f30x_hd.o(RESET)
</UL>
<P><STRONG><a name="[1c]"></a>DMA0_Channel6_IRQHandler</STRONG> (Thumb, 0 bytes, Stack size 0 bytes, startup_gd32f30x_hd.o(.text))
<BR>[Address Reference Count : 1]<UL><LI> startup_gd32f30x_hd.o(RESET)
</UL>
<P><STRONG><a name="[43]"></a>DMA1_Channel0_IRQHandler</STRONG> (Thumb, 0 bytes, Stack size 0 bytes, startup_gd32f30x_hd.o(.text))
<BR>[Address Reference Count : 1]<UL><LI> startup_gd32f30x_hd.o(RESET)
</UL>
<P><STRONG><a name="[44]"></a>DMA1_Channel1_IRQHandler</STRONG> (Thumb, 0 bytes, Stack size 0 bytes, startup_gd32f30x_hd.o(.text))
<BR>[Address Reference Count : 1]<UL><LI> startup_gd32f30x_hd.o(RESET)
</UL>
<P><STRONG><a name="[45]"></a>DMA1_Channel2_IRQHandler</STRONG> (Thumb, 0 bytes, Stack size 0 bytes, startup_gd32f30x_hd.o(.text))
<BR>[Address Reference Count : 1]<UL><LI> startup_gd32f30x_hd.o(RESET)
</UL>
<P><STRONG><a name="[46]"></a>DMA1_Channel3_4_IRQHandler</STRONG> (Thumb, 0 bytes, Stack size 0 bytes, startup_gd32f30x_hd.o(.text))
<BR>[Address Reference Count : 1]<UL><LI> startup_gd32f30x_hd.o(RESET)
</UL>
<P><STRONG><a name="[3b]"></a>EXMC_IRQHandler</STRONG> (Thumb, 0 bytes, Stack size 0 bytes, startup_gd32f30x_hd.o(.text))
<BR>[Address Reference Count : 1]<UL><LI> startup_gd32f30x_hd.o(RESET)
</UL>
<P><STRONG><a name="[11]"></a>EXTI0_IRQHandler</STRONG> (Thumb, 0 bytes, Stack size 0 bytes, startup_gd32f30x_hd.o(.text))
<BR>[Address Reference Count : 1]<UL><LI> startup_gd32f30x_hd.o(RESET)
</UL>
<P><STRONG><a name="[12]"></a>EXTI1_IRQHandler</STRONG> (Thumb, 0 bytes, Stack size 0 bytes, startup_gd32f30x_hd.o(.text))
<BR>[Address Reference Count : 1]<UL><LI> startup_gd32f30x_hd.o(RESET)
</UL>
<P><STRONG><a name="[13]"></a>EXTI2_IRQHandler</STRONG> (Thumb, 0 bytes, Stack size 0 bytes, startup_gd32f30x_hd.o(.text))
<BR>[Address Reference Count : 1]<UL><LI> startup_gd32f30x_hd.o(RESET)
</UL>
<P><STRONG><a name="[f]"></a>FMC_IRQHandler</STRONG> (Thumb, 0 bytes, Stack size 0 bytes, startup_gd32f30x_hd.o(.text))
<BR>[Address Reference Count : 1]<UL><LI> startup_gd32f30x_hd.o(RESET)
</UL>
<P><STRONG><a name="[2b]"></a>I2C0_ER_IRQHandler</STRONG> (Thumb, 0 bytes, Stack size 0 bytes, startup_gd32f30x_hd.o(.text))
<BR>[Address Reference Count : 1]<UL><LI> startup_gd32f30x_hd.o(RESET)
</UL>
<P><STRONG><a name="[2a]"></a>I2C0_EV_IRQHandler</STRONG> (Thumb, 0 bytes, Stack size 0 bytes, startup_gd32f30x_hd.o(.text))
<BR>[Address Reference Count : 1]<UL><LI> startup_gd32f30x_hd.o(RESET)
</UL>
<P><STRONG><a name="[2d]"></a>I2C1_ER_IRQHandler</STRONG> (Thumb, 0 bytes, Stack size 0 bytes, startup_gd32f30x_hd.o(.text))
<BR>[Address Reference Count : 1]<UL><LI> startup_gd32f30x_hd.o(RESET)
</UL>
<P><STRONG><a name="[2c]"></a>I2C1_EV_IRQHandler</STRONG> (Thumb, 0 bytes, Stack size 0 bytes, startup_gd32f30x_hd.o(.text))
<BR>[Address Reference Count : 1]<UL><LI> startup_gd32f30x_hd.o(RESET)
</UL>
<P><STRONG><a name="[c]"></a>LVD_IRQHandler</STRONG> (Thumb, 0 bytes, Stack size 0 bytes, startup_gd32f30x_hd.o(.text))
<BR>[Address Reference Count : 1]<UL><LI> startup_gd32f30x_hd.o(RESET)
</UL>
<P><STRONG><a name="[10]"></a>RCU_CTC_IRQHandler</STRONG> (Thumb, 0 bytes, Stack size 0 bytes, startup_gd32f30x_hd.o(.text))
<BR>[Address Reference Count : 1]<UL><LI> startup_gd32f30x_hd.o(RESET)
</UL>
<P><STRONG><a name="[34]"></a>RTC_Alarm_IRQHandler</STRONG> (Thumb, 0 bytes, Stack size 0 bytes, startup_gd32f30x_hd.o(.text))
<BR>[Address Reference Count : 1]<UL><LI> startup_gd32f30x_hd.o(RESET)
</UL>
<P><STRONG><a name="[e]"></a>RTC_IRQHandler</STRONG> (Thumb, 0 bytes, Stack size 0 bytes, startup_gd32f30x_hd.o(.text))
<BR>[Address Reference Count : 1]<UL><LI> startup_gd32f30x_hd.o(RESET)
</UL>
<P><STRONG><a name="[3c]"></a>SDIO_IRQHandler</STRONG> (Thumb, 0 bytes, Stack size 0 bytes, startup_gd32f30x_hd.o(.text))
<BR>[Address Reference Count : 1]<UL><LI> startup_gd32f30x_hd.o(RESET)
</UL>
<P><STRONG><a name="[2e]"></a>SPI0_IRQHandler</STRONG> (Thumb, 0 bytes, Stack size 0 bytes, startup_gd32f30x_hd.o(.text))
<BR>[Address Reference Count : 1]<UL><LI> startup_gd32f30x_hd.o(RESET)
</UL>
<P><STRONG><a name="[2f]"></a>SPI1_IRQHandler</STRONG> (Thumb, 0 bytes, Stack size 0 bytes, startup_gd32f30x_hd.o(.text))
<BR>[Address Reference Count : 1]<UL><LI> startup_gd32f30x_hd.o(RESET)
</UL>
<P><STRONG><a name="[3e]"></a>SPI2_IRQHandler</STRONG> (Thumb, 0 bytes, Stack size 0 bytes, startup_gd32f30x_hd.o(.text))
<BR>[Address Reference Count : 1]<UL><LI> startup_gd32f30x_hd.o(RESET)
</UL>
<P><STRONG><a name="[d]"></a>TAMPER_IRQHandler</STRONG> (Thumb, 0 bytes, Stack size 0 bytes, startup_gd32f30x_hd.o(.text))
<BR>[Address Reference Count : 1]<UL><LI> startup_gd32f30x_hd.o(RESET)
</UL>
<P><STRONG><a name="[23]"></a>TIMER0_BRK_IRQHandler</STRONG> (Thumb, 0 bytes, Stack size 0 bytes, startup_gd32f30x_hd.o(.text))
<BR>[Address Reference Count : 1]<UL><LI> startup_gd32f30x_hd.o(RESET)
</UL>
<P><STRONG><a name="[26]"></a>TIMER0_Channel_IRQHandler</STRONG> (Thumb, 0 bytes, Stack size 0 bytes, startup_gd32f30x_hd.o(.text))
<BR>[Address Reference Count : 1]<UL><LI> startup_gd32f30x_hd.o(RESET)
</UL>
<P><STRONG><a name="[25]"></a>TIMER0_TRG_CMT_IRQHandler</STRONG> (Thumb, 0 bytes, Stack size 0 bytes, startup_gd32f30x_hd.o(.text))
<BR>[Address Reference Count : 1]<UL><LI> startup_gd32f30x_hd.o(RESET)
</UL>
<P><STRONG><a name="[24]"></a>TIMER0_UP_IRQHandler</STRONG> (Thumb, 0 bytes, Stack size 0 bytes, startup_gd32f30x_hd.o(.text))
<BR>[Address Reference Count : 1]<UL><LI> startup_gd32f30x_hd.o(RESET)
</UL>
<P><STRONG><a name="[27]"></a>TIMER1_IRQHandler</STRONG> (Thumb, 0 bytes, Stack size 0 bytes, startup_gd32f30x_hd.o(.text))
<BR>[Address Reference Count : 1]<UL><LI> startup_gd32f30x_hd.o(RESET)
</UL>
<P><STRONG><a name="[29]"></a>TIMER3_IRQHandler</STRONG> (Thumb, 0 bytes, Stack size 0 bytes, startup_gd32f30x_hd.o(.text))
<BR>[Address Reference Count : 1]<UL><LI> startup_gd32f30x_hd.o(RESET)
</UL>
<P><STRONG><a name="[41]"></a>TIMER5_IRQHandler</STRONG> (Thumb, 0 bytes, Stack size 0 bytes, startup_gd32f30x_hd.o(.text))
<BR>[Address Reference Count : 1]<UL><LI> startup_gd32f30x_hd.o(RESET)
</UL>
<P><STRONG><a name="[42]"></a>TIMER6_IRQHandler</STRONG> (Thumb, 0 bytes, Stack size 0 bytes, startup_gd32f30x_hd.o(.text))
<BR>[Address Reference Count : 1]<UL><LI> startup_gd32f30x_hd.o(RESET)
</UL>
<P><STRONG><a name="[36]"></a>TIMER7_BRK_IRQHandler</STRONG> (Thumb, 0 bytes, Stack size 0 bytes, startup_gd32f30x_hd.o(.text))
<BR>[Address Reference Count : 1]<UL><LI> startup_gd32f30x_hd.o(RESET)
</UL>
<P><STRONG><a name="[39]"></a>TIMER7_Channel_IRQHandler</STRONG> (Thumb, 0 bytes, Stack size 0 bytes, startup_gd32f30x_hd.o(.text))
<BR>[Address Reference Count : 1]<UL><LI> startup_gd32f30x_hd.o(RESET)
</UL>
<P><STRONG><a name="[38]"></a>TIMER7_TRG_CMT_IRQHandler</STRONG> (Thumb, 0 bytes, Stack size 0 bytes, startup_gd32f30x_hd.o(.text))
<BR>[Address Reference Count : 1]<UL><LI> startup_gd32f30x_hd.o(RESET)
</UL>
<P><STRONG><a name="[37]"></a>TIMER7_UP_IRQHandler</STRONG> (Thumb, 0 bytes, Stack size 0 bytes, startup_gd32f30x_hd.o(.text))
<BR>[Address Reference Count : 1]<UL><LI> startup_gd32f30x_hd.o(RESET)
</UL>
<P><STRONG><a name="[3f]"></a>UART3_IRQHandler</STRONG> (Thumb, 0 bytes, Stack size 0 bytes, startup_gd32f30x_hd.o(.text))
<BR>[Address Reference Count : 1]<UL><LI> startup_gd32f30x_hd.o(RESET)
</UL>
<P><STRONG><a name="[40]"></a>UART4_IRQHandler</STRONG> (Thumb, 0 bytes, Stack size 0 bytes, startup_gd32f30x_hd.o(.text))
<BR>[Address Reference Count : 1]<UL><LI> startup_gd32f30x_hd.o(RESET)
</UL>
<P><STRONG><a name="[32]"></a>USART2_IRQHandler</STRONG> (Thumb, 0 bytes, Stack size 0 bytes, startup_gd32f30x_hd.o(.text))
<BR>[Address Reference Count : 1]<UL><LI> startup_gd32f30x_hd.o(RESET)
</UL>
<P><STRONG><a name="[1e]"></a>USBD_HP_CAN0_TX_IRQHandler</STRONG> (Thumb, 0 bytes, Stack size 0 bytes, startup_gd32f30x_hd.o(.text))
<BR>[Address Reference Count : 1]<UL><LI> startup_gd32f30x_hd.o(RESET)
</UL>
<P><STRONG><a name="[1f]"></a>USBD_LP_CAN0_RX0_IRQHandler</STRONG> (Thumb, 0 bytes, Stack size 0 bytes, startup_gd32f30x_hd.o(.text))
<BR>[Address Reference Count : 1]<UL><LI> startup_gd32f30x_hd.o(RESET)
</UL>
<P><STRONG><a name="[35]"></a>USBD_WKUP_IRQHandler</STRONG> (Thumb, 0 bytes, Stack size 0 bytes, startup_gd32f30x_hd.o(.text))
<BR>[Address Reference Count : 1]<UL><LI> startup_gd32f30x_hd.o(RESET)
</UL>
<P><STRONG><a name="[b]"></a>WWDGT_IRQHandler</STRONG> (Thumb, 0 bytes, Stack size 0 bytes, startup_gd32f30x_hd.o(.text))
<BR>[Address Reference Count : 1]<UL><LI> startup_gd32f30x_hd.o(RESET)
</UL>
<P><STRONG><a name="[53]"></a>__aeabi_memset</STRONG> (Thumb, 14 bytes, Stack size 0 bytes, memseta.o(.text), UNUSED)
<BR><BR>[Called By]<UL><LI><a href="#[54]">&gt;&gt;</a>&nbsp;&nbsp;&nbsp;_memset$wrapper
<LI><a href="#[52]">&gt;&gt;</a>&nbsp;&nbsp;&nbsp;__aeabi_memclr
</UL>

<P><STRONG><a name="[12f]"></a>__aeabi_memset4</STRONG> (Thumb, 0 bytes, Stack size 0 bytes, memseta.o(.text), UNUSED)

<P><STRONG><a name="[130]"></a>__aeabi_memset8</STRONG> (Thumb, 0 bytes, Stack size 0 bytes, memseta.o(.text), UNUSED)

<P><STRONG><a name="[52]"></a>__aeabi_memclr</STRONG> (Thumb, 4 bytes, Stack size 0 bytes, memseta.o(.text), UNUSED)
<BR><BR>[Calls]<UL><LI><a href="#[53]">&gt;&gt;</a>&nbsp;&nbsp;&nbsp;__aeabi_memset
</UL>

<P><STRONG><a name="[dd]"></a>__aeabi_memclr4</STRONG> (Thumb, 0 bytes, Stack size 0 bytes, memseta.o(.text))
<BR><BR>[Called By]<UL><LI><a href="#[98]">&gt;&gt;</a>&nbsp;&nbsp;&nbsp;SPO2_Algo_Init
</UL>

<P><STRONG><a name="[131]"></a>__aeabi_memclr8</STRONG> (Thumb, 0 bytes, Stack size 0 bytes, memseta.o(.text), UNUSED)

<P><STRONG><a name="[54]"></a>_memset$wrapper</STRONG> (Thumb, 18 bytes, Stack size 8 bytes, memseta.o(.text), UNUSED)
<BR><BR>[Calls]<UL><LI><a href="#[53]">&gt;&gt;</a>&nbsp;&nbsp;&nbsp;__aeabi_memset
</UL>

<P><STRONG><a name="[55]"></a>__0sscanf</STRONG> (Thumb, 48 bytes, Stack size 72 bytes, __0sscanf.o(.text))
<BR><BR>[Stack]<UL><LI>Max Depth = 216<LI>Call Chain = __0sscanf &rArr; __vfscanf_char &rArr; __vfscanf &rArr; _scanf_int
</UL>
<BR>[Calls]<UL><LI><a href="#[56]">&gt;&gt;</a>&nbsp;&nbsp;&nbsp;__vfscanf_char
</UL>
<BR>[Called By]<UL><LI><a href="#[c9]">&gt;&gt;</a>&nbsp;&nbsp;&nbsp;ParseSPO2Packet
</UL>

<P><STRONG><a name="[57]"></a>_scanf_int</STRONG> (Thumb, 332 bytes, Stack size 56 bytes, _scanf_int.o(.text))
<BR><BR>[Stack]<UL><LI>Max Depth = 56<LI>Call Chain = _scanf_int
</UL>
<BR>[Calls]<UL><LI><a href="#[58]">&gt;&gt;</a>&nbsp;&nbsp;&nbsp;_chval
</UL>
<BR>[Called By]<UL><LI><a href="#[5c]">&gt;&gt;</a>&nbsp;&nbsp;&nbsp;__vfscanf
</UL>

<P><STRONG><a name="[59]"></a>__aeabi_uldivmod</STRONG> (Thumb, 98 bytes, Stack size 40 bytes, uldiv.o(.text), UNUSED)
<BR><BR>[Calls]<UL><LI><a href="#[5b]">&gt;&gt;</a>&nbsp;&nbsp;&nbsp;__aeabi_llsl
<LI><a href="#[5a]">&gt;&gt;</a>&nbsp;&nbsp;&nbsp;__aeabi_llsr
</UL>
<BR>[Called By]<UL><LI><a href="#[11b]">&gt;&gt;</a>&nbsp;&nbsp;&nbsp;_printf_core
</UL>

<P><STRONG><a name="[5a]"></a>__aeabi_llsr</STRONG> (Thumb, 32 bytes, Stack size 0 bytes, llushr.o(.text), UNUSED)
<BR><BR>[Called By]<UL><LI><a href="#[59]">&gt;&gt;</a>&nbsp;&nbsp;&nbsp;__aeabi_uldivmod
</UL>

<P><STRONG><a name="[132]"></a>_ll_ushift_r</STRONG> (Thumb, 0 bytes, Stack size 0 bytes, llushr.o(.text), UNUSED)

<P><STRONG><a name="[58]"></a>_chval</STRONG> (Thumb, 28 bytes, Stack size 0 bytes, _chval.o(.text))
<BR><BR>[Called By]<UL><LI><a href="#[57]">&gt;&gt;</a>&nbsp;&nbsp;&nbsp;_scanf_int
</UL>

<P><STRONG><a name="[56]"></a>__vfscanf_char</STRONG> (Thumb, 20 bytes, Stack size 0 bytes, scanf_char.o(.text))
<BR><BR>[Stack]<UL><LI>Max Depth = 144<LI>Call Chain = __vfscanf_char &rArr; __vfscanf &rArr; _scanf_int
</UL>
<BR>[Calls]<UL><LI><a href="#[5c]">&gt;&gt;</a>&nbsp;&nbsp;&nbsp;__vfscanf
</UL>
<BR>[Called By]<UL><LI><a href="#[55]">&gt;&gt;</a>&nbsp;&nbsp;&nbsp;__0sscanf
</UL>

<P><STRONG><a name="[4a]"></a>_sgetc</STRONG> (Thumb, 30 bytes, Stack size 0 bytes, _sgetc.o(.text))
<BR>[Address Reference Count : 1]<UL><LI> __0sscanf.o(.text)
</UL>
<P><STRONG><a name="[4b]"></a>_sbackspace</STRONG> (Thumb, 34 bytes, Stack size 0 bytes, _sgetc.o(.text))
<BR>[Address Reference Count : 1]<UL><LI> __0sscanf.o(.text)
</UL>
<P><STRONG><a name="[51]"></a>__scatterload</STRONG> (Thumb, 28 bytes, Stack size 0 bytes, init.o(.text))
<BR><BR>[Calls]<UL><LI><a href="#[5d]">&gt;&gt;</a>&nbsp;&nbsp;&nbsp;__main_after_scatterload
</UL>
<BR>[Called By]<UL><LI><a href="#[50]">&gt;&gt;</a>&nbsp;&nbsp;&nbsp;_main_scatterload
</UL>

<P><STRONG><a name="[133]"></a>__scatterload_rt2</STRONG> (Thumb, 0 bytes, Stack size 0 bytes, init.o(.text), UNUSED)

<P><STRONG><a name="[5b]"></a>__aeabi_llsl</STRONG> (Thumb, 30 bytes, Stack size 0 bytes, llshl.o(.text), UNUSED)
<BR><BR>[Called By]<UL><LI><a href="#[59]">&gt;&gt;</a>&nbsp;&nbsp;&nbsp;__aeabi_uldivmod
</UL>

<P><STRONG><a name="[134]"></a>_ll_shift_l</STRONG> (Thumb, 0 bytes, Stack size 0 bytes, llshl.o(.text), UNUSED)

<P><STRONG><a name="[4d]"></a>isspace</STRONG> (Thumb, 10 bytes, Stack size 0 bytes, isspace_c.o(.text))
<BR><BR>[Calls]<UL><LI><a href="#[5e]">&gt;&gt;</a>&nbsp;&nbsp;&nbsp;__ctype_lookup
</UL>
<BR>[Address Reference Count : 1]<UL><LI> scanf_char.o(.text)
</UL>
<P><STRONG><a name="[5c]"></a>__vfscanf</STRONG> (Thumb, 808 bytes, Stack size 88 bytes, _scanf.o(.text))
<BR><BR>[Stack]<UL><LI>Max Depth = 144<LI>Call Chain = __vfscanf &rArr; _scanf_int
</UL>
<BR>[Calls]<UL><LI><a href="#[57]">&gt;&gt;</a>&nbsp;&nbsp;&nbsp;_scanf_int
</UL>
<BR>[Called By]<UL><LI><a href="#[56]">&gt;&gt;</a>&nbsp;&nbsp;&nbsp;__vfscanf_char
</UL>

<P><STRONG><a name="[5e]"></a>__ctype_lookup</STRONG> (Thumb, 34 bytes, Stack size 0 bytes, ctype_c.o(.text))
<BR><BR>[Called By]<UL><LI><a href="#[4d]">&gt;&gt;</a>&nbsp;&nbsp;&nbsp;isspace
</UL>

<P><STRONG><a name="[5]"></a>BusFault_Handler</STRONG> (Thumb, 4 bytes, Stack size 0 bytes, gd32f30x_it.o(i.BusFault_Handler))
<BR>[Address Reference Count : 1]<UL><LI> startup_gd32f30x_hd.o(RESET)
</UL>
<P><STRONG><a name="[124]"></a>Clr1SecFlag</STRONG> (Thumb, 8 bytes, Stack size 0 bytes, timer.o(i.Clr1SecFlag))
<BR><BR>[Called By]<UL><LI><a href="#[47]">&gt;&gt;</a>&nbsp;&nbsp;&nbsp;main
</UL>

<P><STRONG><a name="[121]"></a>Clr2msFlag</STRONG> (Thumb, 8 bytes, Stack size 0 bytes, timer.o(i.Clr2msFlag))
<BR><BR>[Called By]<UL><LI><a href="#[47]">&gt;&gt;</a>&nbsp;&nbsp;&nbsp;main
</UL>

<P><STRONG><a name="[db]"></a>DeQueue</STRONG> (Thumb, 68 bytes, Stack size 12 bytes, queue.o(i.DeQueue))
<BR><BR>[Stack]<UL><LI>Max Depth = 12<LI>Call Chain = DeQueue
</UL>
<BR>[Called By]<UL><LI><a href="#[da]">&gt;&gt;</a>&nbsp;&nbsp;&nbsp;ReadSendBuf
<LI><a href="#[dc]">&gt;&gt;</a>&nbsp;&nbsp;&nbsp;ReadUART1
</UL>

<P><STRONG><a name="[8]"></a>DebugMon_Handler</STRONG> (Thumb, 2 bytes, Stack size 0 bytes, gd32f30x_it.o(i.DebugMon_Handler))
<BR>[Address Reference Count : 1]<UL><LI> startup_gd32f30x_hd.o(RESET)
</UL>
<P><STRONG><a name="[b8]"></a>DelayNms</STRONG> (Thumb, 20 bytes, Stack size 8 bytes, systick.o(i.DelayNms))
<BR><BR>[Stack]<UL><LI>Max Depth = 8<LI>Call Chain = DelayNms
</UL>
<BR>[Called By]<UL><LI><a href="#[96]">&gt;&gt;</a>&nbsp;&nbsp;&nbsp;LCD_Init
</UL>

<P><STRONG><a name="[33]"></a>EXTI10_15_IRQHandler</STRONG> (Thumb, 82 bytes, Stack size 8 bytes, keyone.o(i.EXTI10_15_IRQHandler))
<BR><BR>[Stack]<UL><LI>Max Depth = 8<LI>Call Chain = EXTI10_15_IRQHandler
</UL>
<BR>[Calls]<UL><LI><a href="#[64]">&gt;&gt;</a>&nbsp;&nbsp;&nbsp;exti_interrupt_flag_clear
<LI><a href="#[8b]">&gt;&gt;</a>&nbsp;&nbsp;&nbsp;exti_interrupt_disable
<LI><a href="#[8a]">&gt;&gt;</a>&nbsp;&nbsp;&nbsp;exti_flag_get
</UL>
<BR>[Address Reference Count : 1]<UL><LI> startup_gd32f30x_hd.o(RESET)
</UL>
<P><STRONG><a name="[14]"></a>EXTI3_IRQHandler</STRONG> (Thumb, 36 bytes, Stack size 8 bytes, keyone.o(i.EXTI3_IRQHandler))
<BR><BR>[Stack]<UL><LI>Max Depth = 8<LI>Call Chain = EXTI3_IRQHandler
</UL>
<BR>[Calls]<UL><LI><a href="#[64]">&gt;&gt;</a>&nbsp;&nbsp;&nbsp;exti_interrupt_flag_clear
<LI><a href="#[8b]">&gt;&gt;</a>&nbsp;&nbsp;&nbsp;exti_interrupt_disable
<LI><a href="#[8a]">&gt;&gt;</a>&nbsp;&nbsp;&nbsp;exti_flag_get
</UL>
<BR>[Address Reference Count : 1]<UL><LI> startup_gd32f30x_hd.o(RESET)
</UL>
<P><STRONG><a name="[15]"></a>EXTI4_IRQHandler</STRONG> (Thumb, 36 bytes, Stack size 8 bytes, keyone.o(i.EXTI4_IRQHandler))
<BR><BR>[Stack]<UL><LI>Max Depth = 8<LI>Call Chain = EXTI4_IRQHandler
</UL>
<BR>[Calls]<UL><LI><a href="#[64]">&gt;&gt;</a>&nbsp;&nbsp;&nbsp;exti_interrupt_flag_clear
<LI><a href="#[8b]">&gt;&gt;</a>&nbsp;&nbsp;&nbsp;exti_interrupt_disable
<LI><a href="#[8a]">&gt;&gt;</a>&nbsp;&nbsp;&nbsp;exti_flag_get
</UL>
<BR>[Address Reference Count : 1]<UL><LI> startup_gd32f30x_hd.o(RESET)
</UL>
<P><STRONG><a name="[22]"></a>EXTI5_9_IRQHandler</STRONG> (Thumb, 108 bytes, Stack size 8 bytes, keyone.o(i.EXTI5_9_IRQHandler))
<BR><BR>[Stack]<UL><LI>Max Depth = 8<LI>Call Chain = EXTI5_9_IRQHandler
</UL>
<BR>[Calls]<UL><LI><a href="#[64]">&gt;&gt;</a>&nbsp;&nbsp;&nbsp;exti_interrupt_flag_clear
<LI><a href="#[8b]">&gt;&gt;</a>&nbsp;&nbsp;&nbsp;exti_interrupt_disable
<LI><a href="#[8a]">&gt;&gt;</a>&nbsp;&nbsp;&nbsp;exti_flag_get
</UL>
<BR>[Address Reference Count : 1]<UL><LI> startup_gd32f30x_hd.o(RESET)
</UL>
<P><STRONG><a name="[119]"></a>EnQueue</STRONG> (Thumb, 72 bytes, Stack size 16 bytes, queue.o(i.EnQueue))
<BR><BR>[Stack]<UL><LI>Max Depth = 16<LI>Call Chain = EnQueue
</UL>
<BR>[Called By]<UL><LI><a href="#[114]">&gt;&gt;</a>&nbsp;&nbsp;&nbsp;WriteReceiveBuf
<LI><a href="#[117]">&gt;&gt;</a>&nbsp;&nbsp;&nbsp;WriteReceiveBuf1
</UL>

<P><STRONG><a name="[123]"></a>Get1SecFlag</STRONG> (Thumb, 6 bytes, Stack size 0 bytes, timer.o(i.Get1SecFlag))
<BR><BR>[Called By]<UL><LI><a href="#[47]">&gt;&gt;</a>&nbsp;&nbsp;&nbsp;main
</UL>

<P><STRONG><a name="[120]"></a>Get2msFlag</STRONG> (Thumb, 6 bytes, Stack size 0 bytes, timer.o(i.Get2msFlag))
<BR><BR>[Called By]<UL><LI><a href="#[47]">&gt;&gt;</a>&nbsp;&nbsp;&nbsp;main
</UL>

<P><STRONG><a name="[3]"></a>HardFault_Handler</STRONG> (Thumb, 4 bytes, Stack size 0 bytes, gd32f30x_it.o(i.HardFault_Handler))
<BR>[Address Reference Count : 1]<UL><LI> startup_gd32f30x_hd.o(RESET)
</UL>
<P><STRONG><a name="[94]"></a>InitKeyOne</STRONG> (Thumb, 30 bytes, Stack size 8 bytes, keyone.o(i.InitKeyOne))
<BR><BR>[Stack]<UL><LI>Max Depth = 40<LI>Call Chain = InitKeyOne &rArr; ConfigKeyOneGPIO &rArr; nvic_irq_enable
</UL>
<BR>[Calls]<UL><LI><a href="#[5f]">&gt;&gt;</a>&nbsp;&nbsp;&nbsp;ConfigKeyOneGPIO
</UL>
<BR>[Called By]<UL><LI><a href="#[8c]">&gt;&gt;</a>&nbsp;&nbsp;&nbsp;InitHardware
</UL>

<P><STRONG><a name="[91]"></a>InitLED</STRONG> (Thumb, 8 bytes, Stack size 8 bytes, led.o(i.InitLED))
<BR><BR>[Stack]<UL><LI>Max Depth = 36<LI>Call Chain = InitLED &rArr; ConfigLEDGPIO &rArr; gpio_init
</UL>
<BR>[Calls]<UL><LI><a href="#[66]">&gt;&gt;</a>&nbsp;&nbsp;&nbsp;ConfigLEDGPIO
</UL>
<BR>[Called By]<UL><LI><a href="#[8c]">&gt;&gt;</a>&nbsp;&nbsp;&nbsp;InitHardware
</UL>

<P><STRONG><a name="[8e]"></a>InitNVIC</STRONG> (Thumb, 8 bytes, Stack size 8 bytes, nvic.o(i.InitNVIC))
<BR><BR>[Stack]<UL><LI>Max Depth = 16<LI>Call Chain = InitNVIC &rArr; ConfigNVIC
</UL>
<BR>[Calls]<UL><LI><a href="#[68]">&gt;&gt;</a>&nbsp;&nbsp;&nbsp;ConfigNVIC
</UL>
<BR>[Called By]<UL><LI><a href="#[8c]">&gt;&gt;</a>&nbsp;&nbsp;&nbsp;InitHardware
</UL>

<P><STRONG><a name="[95]"></a>InitProcKeyOne</STRONG> (Thumb, 2 bytes, Stack size 0 bytes, prockeyone.o(i.InitProcKeyOne))
<BR><BR>[Called By]<UL><LI><a href="#[8c]">&gt;&gt;</a>&nbsp;&nbsp;&nbsp;InitHardware
</UL>

<P><STRONG><a name="[9b]"></a>InitQueue</STRONG> (Thumb, 36 bytes, Stack size 12 bytes, queue.o(i.InitQueue))
<BR><BR>[Stack]<UL><LI>Max Depth = 12<LI>Call Chain = InitQueue
</UL>
<BR>[Called By]<UL><LI><a href="#[99]">&gt;&gt;</a>&nbsp;&nbsp;&nbsp;InitUARTBuf
<LI><a href="#[9a]">&gt;&gt;</a>&nbsp;&nbsp;&nbsp;InitUART1Buf
</UL>

<P><STRONG><a name="[8d]"></a>InitRCU</STRONG> (Thumb, 8 bytes, Stack size 8 bytes, rcu.o(i.InitRCU))
<BR><BR>[Stack]<UL><LI>Max Depth = 40<LI>Call Chain = InitRCU &rArr; ConfigRCU &rArr; rcu_deinit &rArr; rcu_osci_stab_wait
</UL>
<BR>[Calls]<UL><LI><a href="#[6a]">&gt;&gt;</a>&nbsp;&nbsp;&nbsp;ConfigRCU
</UL>
<BR>[Called By]<UL><LI><a href="#[8c]">&gt;&gt;</a>&nbsp;&nbsp;&nbsp;InitHardware
</UL>

<P><STRONG><a name="[92]"></a>InitSysTick</STRONG> (Thumb, 90 bytes, Stack size 12 bytes, systick.o(i.InitSysTick))
<BR><BR>[Stack]<UL><LI>Max Depth = 12<LI>Call Chain = InitSysTick
</UL>
<BR>[Called By]<UL><LI><a href="#[8c]">&gt;&gt;</a>&nbsp;&nbsp;&nbsp;InitHardware
</UL>

<P><STRONG><a name="[90]"></a>InitTimer</STRONG> (Thumb, 24 bytes, Stack size 8 bytes, timer.o(i.InitTimer))
<BR><BR>[Stack]<UL><LI>Max Depth = 64<LI>Call Chain = InitTimer &rArr; ConfigTimer4 &rArr; nvic_irq_enable
</UL>
<BR>[Calls]<UL><LI><a href="#[7e]">&gt;&gt;</a>&nbsp;&nbsp;&nbsp;ConfigTimer4
<LI><a href="#[78]">&gt;&gt;</a>&nbsp;&nbsp;&nbsp;ConfigTimer2
</UL>
<BR>[Called By]<UL><LI><a href="#[8c]">&gt;&gt;</a>&nbsp;&nbsp;&nbsp;InitHardware
</UL>

<P><STRONG><a name="[8f]"></a>InitUART0</STRONG> (Thumb, 16 bytes, Stack size 8 bytes, uart0.o(i.InitUART0))
<BR><BR>[Stack]<UL><LI>Max Depth = 132<LI>Call Chain = InitUART0 &rArr; ConfigUART &rArr; usart_baudrate_set &rArr; rcu_clock_freq_get
</UL>
<BR>[Calls]<UL><LI><a href="#[99]">&gt;&gt;</a>&nbsp;&nbsp;&nbsp;InitUARTBuf
<LI><a href="#[7f]">&gt;&gt;</a>&nbsp;&nbsp;&nbsp;ConfigUART
</UL>
<BR>[Called By]<UL><LI><a href="#[8c]">&gt;&gt;</a>&nbsp;&nbsp;&nbsp;InitHardware
</UL>

<P><STRONG><a name="[93]"></a>InitUART1</STRONG> (Thumb, 16 bytes, Stack size 8 bytes, uart1.o(i.InitUART1))
<BR><BR>[Stack]<UL><LI>Max Depth = 132<LI>Call Chain = InitUART1 &rArr; ConfigUART1 &rArr; usart_baudrate_set &rArr; rcu_clock_freq_get
</UL>
<BR>[Calls]<UL><LI><a href="#[9a]">&gt;&gt;</a>&nbsp;&nbsp;&nbsp;InitUART1Buf
<LI><a href="#[89]">&gt;&gt;</a>&nbsp;&nbsp;&nbsp;ConfigUART1
</UL>
<BR>[Called By]<UL><LI><a href="#[8c]">&gt;&gt;</a>&nbsp;&nbsp;&nbsp;InitHardware
</UL>

<P><STRONG><a name="[9e]"></a>KeyOne_2msTask</STRONG> (Thumb, 408 bytes, Stack size 8 bytes, keyone.o(i.KeyOne_2msTask))
<BR><BR>[Stack]<UL><LI>Max Depth = 264<LI>Call Chain = KeyOne_2msTask &rArr; ProcKeyDownRightHigh &rArr; UI_OnKeyRH &rArr; UI_Update &rArr; UI_DrawMainScreen &rArr; UI_DrawCard &rArr; LCD_DrawRectangle &rArr; LCD_DrawLine &rArr; LCD_DrawPoint &rArr; LCD_SetCursor &rArr; LCD_WriteReg_Internal &rArr; LCD_WriteDataPort
</UL>
<BR>[Calls]<UL><LI><a href="#[a7]">&gt;&gt;</a>&nbsp;&nbsp;&nbsp;exti_interrupt_enable
<LI><a href="#[ab]">&gt;&gt;</a>&nbsp;&nbsp;&nbsp;ProcKeyUpRightHigh
<LI><a href="#[a9]">&gt;&gt;</a>&nbsp;&nbsp;&nbsp;ProcKeyUpRL
<LI><a href="#[ac]">&gt;&gt;</a>&nbsp;&nbsp;&nbsp;ProcKeyUpMenu
<LI><a href="#[aa]">&gt;&gt;</a>&nbsp;&nbsp;&nbsp;ProcKeyUpLeftHigh
<LI><a href="#[a8]">&gt;&gt;</a>&nbsp;&nbsp;&nbsp;ProcKeyUpLL
<LI><a href="#[a5]">&gt;&gt;</a>&nbsp;&nbsp;&nbsp;ProcKeyDownRightHigh
<LI><a href="#[a2]">&gt;&gt;</a>&nbsp;&nbsp;&nbsp;ProcKeyDownRL
<LI><a href="#[a6]">&gt;&gt;</a>&nbsp;&nbsp;&nbsp;ProcKeyDownMenu
<LI><a href="#[a4]">&gt;&gt;</a>&nbsp;&nbsp;&nbsp;ProcKeyDownLeftHigh
<LI><a href="#[a0]">&gt;&gt;</a>&nbsp;&nbsp;&nbsp;ProcKeyDownLL
<LI><a href="#[9c]">&gt;&gt;</a>&nbsp;&nbsp;&nbsp;KeyIsPressed
<LI><a href="#[a1]">&gt;&gt;</a>&nbsp;&nbsp;&nbsp;LED2_Toggle
<LI><a href="#[9f]">&gt;&gt;</a>&nbsp;&nbsp;&nbsp;LED1_Toggle
<LI><a href="#[a3]">&gt;&gt;</a>&nbsp;&nbsp;&nbsp;LED3_Toggle
</UL>
<BR>[Called By]<UL><LI><a href="#[47]">&gt;&gt;</a>&nbsp;&nbsp;&nbsp;main
</UL>

<P><STRONG><a name="[ad]"></a>LCD_Clear</STRONG> (Thumb, 48 bytes, Stack size 16 bytes, lcd.o(i.LCD_Clear))
<BR><BR>[Stack]<UL><LI>Max Depth = 56<LI>Call Chain = LCD_Clear &rArr; LCD_SetCursor &rArr; LCD_WriteReg_Internal &rArr; LCD_WriteDataPort
</UL>
<BR>[Calls]<UL><LI><a href="#[af]">&gt;&gt;</a>&nbsp;&nbsp;&nbsp;LCD_WriteRAM_Prepare
<LI><a href="#[b0]">&gt;&gt;</a>&nbsp;&nbsp;&nbsp;LCD_WriteRAM
<LI><a href="#[ae]">&gt;&gt;</a>&nbsp;&nbsp;&nbsp;LCD_SetCursor
</UL>
<BR>[Called By]<UL><LI><a href="#[97]">&gt;&gt;</a>&nbsp;&nbsp;&nbsp;UI_Init
<LI><a href="#[96]">&gt;&gt;</a>&nbsp;&nbsp;&nbsp;LCD_Init
</UL>

<P><STRONG><a name="[bd]"></a>LCD_Display_Dir</STRONG> (Thumb, 128 bytes, Stack size 0 bytes, lcd.o(i.LCD_Display_Dir))
<BR><BR>[Called By]<UL><LI><a href="#[96]">&gt;&gt;</a>&nbsp;&nbsp;&nbsp;LCD_Init
</UL>

<P><STRONG><a name="[b1]"></a>LCD_DrawLine</STRONG> (Thumb, 178 bytes, Stack size 72 bytes, lcd.o(i.LCD_DrawLine))
<BR><BR>[Stack]<UL><LI>Max Depth = 128<LI>Call Chain = LCD_DrawLine &rArr; LCD_DrawPoint &rArr; LCD_SetCursor &rArr; LCD_WriteReg_Internal &rArr; LCD_WriteDataPort
</UL>
<BR>[Calls]<UL><LI><a href="#[b2]">&gt;&gt;</a>&nbsp;&nbsp;&nbsp;LCD_DrawPoint
</UL>
<BR>[Called By]<UL><LI><a href="#[fe]">&gt;&gt;</a>&nbsp;&nbsp;&nbsp;UI_WaveReset
<LI><a href="#[10f]">&gt;&gt;</a>&nbsp;&nbsp;&nbsp;UI_WavePushSample
<LI><a href="#[b3]">&gt;&gt;</a>&nbsp;&nbsp;&nbsp;LCD_DrawRectangle
<LI><a href="#[f0]">&gt;&gt;</a>&nbsp;&nbsp;&nbsp;UI_DrawHeader
</UL>

<P><STRONG><a name="[b2]"></a>LCD_DrawPoint</STRONG> (Thumb, 28 bytes, Stack size 16 bytes, lcd.o(i.LCD_DrawPoint))
<BR><BR>[Stack]<UL><LI>Max Depth = 56<LI>Call Chain = LCD_DrawPoint &rArr; LCD_SetCursor &rArr; LCD_WriteReg_Internal &rArr; LCD_WriteDataPort
</UL>
<BR>[Calls]<UL><LI><a href="#[af]">&gt;&gt;</a>&nbsp;&nbsp;&nbsp;LCD_WriteRAM_Prepare
<LI><a href="#[b0]">&gt;&gt;</a>&nbsp;&nbsp;&nbsp;LCD_WriteRAM
<LI><a href="#[ae]">&gt;&gt;</a>&nbsp;&nbsp;&nbsp;LCD_SetCursor
</UL>
<BR>[Called By]<UL><LI><a href="#[10f]">&gt;&gt;</a>&nbsp;&nbsp;&nbsp;UI_WavePushSample
<LI><a href="#[b1]">&gt;&gt;</a>&nbsp;&nbsp;&nbsp;LCD_DrawLine
</UL>

<P><STRONG><a name="[b3]"></a>LCD_DrawRectangle</STRONG> (Thumb, 64 bytes, Stack size 24 bytes, lcd.o(i.LCD_DrawRectangle))
<BR><BR>[Stack]<UL><LI>Max Depth = 152<LI>Call Chain = LCD_DrawRectangle &rArr; LCD_DrawLine &rArr; LCD_DrawPoint &rArr; LCD_SetCursor &rArr; LCD_WriteReg_Internal &rArr; LCD_WriteDataPort
</UL>
<BR>[Calls]<UL><LI><a href="#[b1]">&gt;&gt;</a>&nbsp;&nbsp;&nbsp;LCD_DrawLine
</UL>
<BR>[Called By]<UL><LI><a href="#[101]">&gt;&gt;</a>&nbsp;&nbsp;&nbsp;UI_DrawSettingsItem
<LI><a href="#[f5]">&gt;&gt;</a>&nbsp;&nbsp;&nbsp;UI_DrawCard
<LI><a href="#[f1]">&gt;&gt;</a>&nbsp;&nbsp;&nbsp;UI_DrawPanel
</UL>

<P><STRONG><a name="[b4]"></a>LCD_Fast_DrawPoint</STRONG> (Thumb, 28 bytes, Stack size 16 bytes, lcd.o(i.LCD_Fast_DrawPoint))
<BR><BR>[Stack]<UL><LI>Max Depth = 56<LI>Call Chain = LCD_Fast_DrawPoint &rArr; LCD_SetCursor &rArr; LCD_WriteReg_Internal &rArr; LCD_WriteDataPort
</UL>
<BR>[Calls]<UL><LI><a href="#[af]">&gt;&gt;</a>&nbsp;&nbsp;&nbsp;LCD_WriteRAM_Prepare
<LI><a href="#[b0]">&gt;&gt;</a>&nbsp;&nbsp;&nbsp;LCD_WriteRAM
<LI><a href="#[ae]">&gt;&gt;</a>&nbsp;&nbsp;&nbsp;LCD_SetCursor
</UL>
<BR>[Called By]<UL><LI><a href="#[c2]">&gt;&gt;</a>&nbsp;&nbsp;&nbsp;LCD_ShowChar
</UL>

<P><STRONG><a name="[b5]"></a>LCD_Fill</STRONG> (Thumb, 76 bytes, Stack size 40 bytes, lcd.o(i.LCD_Fill))
<BR><BR>[Stack]<UL><LI>Max Depth = 80<LI>Call Chain = LCD_Fill &rArr; LCD_SetCursor &rArr; LCD_WriteReg_Internal &rArr; LCD_WriteDataPort
</UL>
<BR>[Calls]<UL><LI><a href="#[af]">&gt;&gt;</a>&nbsp;&nbsp;&nbsp;LCD_WriteRAM_Prepare
<LI><a href="#[b0]">&gt;&gt;</a>&nbsp;&nbsp;&nbsp;LCD_WriteRAM
<LI><a href="#[ae]">&gt;&gt;</a>&nbsp;&nbsp;&nbsp;LCD_SetCursor
</UL>
<BR>[Called By]<UL><LI><a href="#[fe]">&gt;&gt;</a>&nbsp;&nbsp;&nbsp;UI_WaveReset
<LI><a href="#[10f]">&gt;&gt;</a>&nbsp;&nbsp;&nbsp;UI_WavePushSample
<LI><a href="#[101]">&gt;&gt;</a>&nbsp;&nbsp;&nbsp;UI_DrawSettingsItem
<LI><a href="#[ef]">&gt;&gt;</a>&nbsp;&nbsp;&nbsp;UI_DrawScreenBackground
<LI><a href="#[f5]">&gt;&gt;</a>&nbsp;&nbsp;&nbsp;UI_DrawCard
<LI><a href="#[f1]">&gt;&gt;</a>&nbsp;&nbsp;&nbsp;UI_DrawPanel
<LI><a href="#[f0]">&gt;&gt;</a>&nbsp;&nbsp;&nbsp;UI_DrawHeader
</UL>

<P><STRONG><a name="[96]"></a>LCD_Init</STRONG> (Thumb, 622 bytes, Stack size 8 bytes, lcd.o(i.LCD_Init))
<BR><BR>[Stack]<UL><LI>Max Depth = 72<LI>Call Chain = LCD_Init &rArr; LCD_Scan_Dir &rArr; LCD_WriteReg &rArr; LCD_WriteReg_Internal &rArr; LCD_WriteDataPort
</UL>
<BR>[Calls]<UL><LI><a href="#[b7]">&gt;&gt;</a>&nbsp;&nbsp;&nbsp;gpio_bit_set
<LI><a href="#[b8]">&gt;&gt;</a>&nbsp;&nbsp;&nbsp;DelayNms
<LI><a href="#[bc]">&gt;&gt;</a>&nbsp;&nbsp;&nbsp;LCD_WriteReg
<LI><a href="#[be]">&gt;&gt;</a>&nbsp;&nbsp;&nbsp;LCD_Scan_Dir
<LI><a href="#[bd]">&gt;&gt;</a>&nbsp;&nbsp;&nbsp;LCD_Display_Dir
<LI><a href="#[ad]">&gt;&gt;</a>&nbsp;&nbsp;&nbsp;LCD_Clear
<LI><a href="#[b9]">&gt;&gt;</a>&nbsp;&nbsp;&nbsp;LCD_WriteReg_Internal
<LI><a href="#[ba]">&gt;&gt;</a>&nbsp;&nbsp;&nbsp;LCD_ReadData_Internal
<LI><a href="#[b6]">&gt;&gt;</a>&nbsp;&nbsp;&nbsp;LCD_GPIO_Init
<LI><a href="#[67]">&gt;&gt;</a>&nbsp;&nbsp;&nbsp;gpio_bit_reset
<LI><a href="#[bb]">&gt;&gt;</a>&nbsp;&nbsp;&nbsp;__2printf
</UL>
<BR>[Called By]<UL><LI><a href="#[8c]">&gt;&gt;</a>&nbsp;&nbsp;&nbsp;InitHardware
</UL>

<P><STRONG><a name="[be]"></a>LCD_Scan_Dir</STRONG> (Thumb, 252 bytes, Stack size 24 bytes, lcd.o(i.LCD_Scan_Dir))
<BR><BR>[Stack]<UL><LI>Max Depth = 64<LI>Call Chain = LCD_Scan_Dir &rArr; LCD_WriteReg &rArr; LCD_WriteReg_Internal &rArr; LCD_WriteDataPort
</UL>
<BR>[Calls]<UL><LI><a href="#[bc]">&gt;&gt;</a>&nbsp;&nbsp;&nbsp;LCD_WriteReg
</UL>
<BR>[Called By]<UL><LI><a href="#[96]">&gt;&gt;</a>&nbsp;&nbsp;&nbsp;LCD_Init
</UL>

<P><STRONG><a name="[ae]"></a>LCD_SetCursor</STRONG> (Thumb, 126 bytes, Stack size 16 bytes, lcd.o(i.LCD_SetCursor))
<BR><BR>[Stack]<UL><LI>Max Depth = 40<LI>Call Chain = LCD_SetCursor &rArr; LCD_WriteReg_Internal &rArr; LCD_WriteDataPort
</UL>
<BR>[Calls]<UL><LI><a href="#[b9]">&gt;&gt;</a>&nbsp;&nbsp;&nbsp;LCD_WriteReg_Internal
<LI><a href="#[c1]">&gt;&gt;</a>&nbsp;&nbsp;&nbsp;LCD_WriteData_Internal
</UL>
<BR>[Called By]<UL><LI><a href="#[b5]">&gt;&gt;</a>&nbsp;&nbsp;&nbsp;LCD_Fill
<LI><a href="#[b4]">&gt;&gt;</a>&nbsp;&nbsp;&nbsp;LCD_Fast_DrawPoint
<LI><a href="#[b2]">&gt;&gt;</a>&nbsp;&nbsp;&nbsp;LCD_DrawPoint
<LI><a href="#[ad]">&gt;&gt;</a>&nbsp;&nbsp;&nbsp;LCD_Clear
</UL>

<P><STRONG><a name="[c2]"></a>LCD_ShowChar</STRONG> (Thumb, 152 bytes, Stack size 40 bytes, lcd.o(i.LCD_ShowChar))
<BR><BR>[Stack]<UL><LI>Max Depth = 96<LI>Call Chain = LCD_ShowChar &rArr; LCD_Fast_DrawPoint &rArr; LCD_SetCursor &rArr; LCD_WriteReg_Internal &rArr; LCD_WriteDataPort
</UL>
<BR>[Calls]<UL><LI><a href="#[b4]">&gt;&gt;</a>&nbsp;&nbsp;&nbsp;LCD_Fast_DrawPoint
</UL>
<BR>[Called By]<UL><LI><a href="#[c3]">&gt;&gt;</a>&nbsp;&nbsp;&nbsp;LCD_ShowString
</UL>

<P><STRONG><a name="[c3]"></a>LCD_ShowString</STRONG> (Thumb, 102 bytes, Stack size 40 bytes, lcd.o(i.LCD_ShowString))
<BR><BR>[Stack]<UL><LI>Max Depth = 136<LI>Call Chain = LCD_ShowString &rArr; LCD_ShowChar &rArr; LCD_Fast_DrawPoint &rArr; LCD_SetCursor &rArr; LCD_WriteReg_Internal &rArr; LCD_WriteDataPort
</UL>
<BR>[Calls]<UL><LI><a href="#[c2]">&gt;&gt;</a>&nbsp;&nbsp;&nbsp;LCD_ShowChar
</UL>
<BR>[Called By]<UL><LI><a href="#[108]">&gt;&gt;</a>&nbsp;&nbsp;&nbsp;UI_UpdateWorkModeStatus
<LI><a href="#[106]">&gt;&gt;</a>&nbsp;&nbsp;&nbsp;UI_UpdateSystemSetStatus
<LI><a href="#[100]">&gt;&gt;</a>&nbsp;&nbsp;&nbsp;UI_UpdateRCalibValue
<LI><a href="#[104]">&gt;&gt;</a>&nbsp;&nbsp;&nbsp;UI_UpdateGainValue
<LI><a href="#[fb]">&gt;&gt;</a>&nbsp;&nbsp;&nbsp;UI_UpdateFilterStatus
<LI><a href="#[f9]">&gt;&gt;</a>&nbsp;&nbsp;&nbsp;UI_UpdateEtCO2Status
<LI><a href="#[f7]">&gt;&gt;</a>&nbsp;&nbsp;&nbsp;UI_UpdateDataReviewValue
<LI><a href="#[f4]">&gt;&gt;</a>&nbsp;&nbsp;&nbsp;UI_UpdateAutoLightStatus
<LI><a href="#[f2]">&gt;&gt;</a>&nbsp;&nbsp;&nbsp;UI_UpdateAlarmSetStatus
<LI><a href="#[101]">&gt;&gt;</a>&nbsp;&nbsp;&nbsp;UI_DrawSettingsItem
<LI><a href="#[f5]">&gt;&gt;</a>&nbsp;&nbsp;&nbsp;UI_DrawCard
<LI><a href="#[d3]">&gt;&gt;</a>&nbsp;&nbsp;&nbsp;UI_UpdateData
<LI><a href="#[ca]">&gt;&gt;</a>&nbsp;&nbsp;&nbsp;UI_UpdatePwm
<LI><a href="#[cb]">&gt;&gt;</a>&nbsp;&nbsp;&nbsp;UI_UpdateGain
<LI><a href="#[107]">&gt;&gt;</a>&nbsp;&nbsp;&nbsp;UI_DrawWorkModeScreen
<LI><a href="#[105]">&gt;&gt;</a>&nbsp;&nbsp;&nbsp;UI_DrawSystemSetScreen
<LI><a href="#[103]">&gt;&gt;</a>&nbsp;&nbsp;&nbsp;UI_DrawSpO2SetScreen
<LI><a href="#[102]">&gt;&gt;</a>&nbsp;&nbsp;&nbsp;UI_DrawSettingsScreen
<LI><a href="#[ff]">&gt;&gt;</a>&nbsp;&nbsp;&nbsp;UI_DrawRCalibScreen
<LI><a href="#[f1]">&gt;&gt;</a>&nbsp;&nbsp;&nbsp;UI_DrawPanel
<LI><a href="#[fc]">&gt;&gt;</a>&nbsp;&nbsp;&nbsp;UI_DrawMainScreen
<LI><a href="#[f0]">&gt;&gt;</a>&nbsp;&nbsp;&nbsp;UI_DrawHeader
<LI><a href="#[fa]">&gt;&gt;</a>&nbsp;&nbsp;&nbsp;UI_DrawFilterSetScreen
<LI><a href="#[f8]">&gt;&gt;</a>&nbsp;&nbsp;&nbsp;UI_DrawEtCO2SetScreen
<LI><a href="#[f6]">&gt;&gt;</a>&nbsp;&nbsp;&nbsp;UI_DrawDataReviewScreen
<LI><a href="#[f3]">&gt;&gt;</a>&nbsp;&nbsp;&nbsp;UI_DrawAutoLightScreen
<LI><a href="#[ee]">&gt;&gt;</a>&nbsp;&nbsp;&nbsp;UI_DrawAlarmSetScreen
</UL>

<P><STRONG><a name="[b0]"></a>LCD_WriteRAM</STRONG> (Thumb, 12 bytes, Stack size 8 bytes, lcd.o(i.LCD_WriteRAM))
<BR><BR>[Stack]<UL><LI>Max Depth = 32<LI>Call Chain = LCD_WriteRAM &rArr; LCD_WriteData_Internal &rArr; LCD_WriteDataPort
</UL>
<BR>[Calls]<UL><LI><a href="#[c1]">&gt;&gt;</a>&nbsp;&nbsp;&nbsp;LCD_WriteData_Internal
</UL>
<BR>[Called By]<UL><LI><a href="#[b5]">&gt;&gt;</a>&nbsp;&nbsp;&nbsp;LCD_Fill
<LI><a href="#[b4]">&gt;&gt;</a>&nbsp;&nbsp;&nbsp;LCD_Fast_DrawPoint
<LI><a href="#[b2]">&gt;&gt;</a>&nbsp;&nbsp;&nbsp;LCD_DrawPoint
<LI><a href="#[ad]">&gt;&gt;</a>&nbsp;&nbsp;&nbsp;LCD_Clear
</UL>

<P><STRONG><a name="[af]"></a>LCD_WriteRAM_Prepare</STRONG> (Thumb, 12 bytes, Stack size 8 bytes, lcd.o(i.LCD_WriteRAM_Prepare))
<BR><BR>[Stack]<UL><LI>Max Depth = 32<LI>Call Chain = LCD_WriteRAM_Prepare &rArr; LCD_WriteReg_Internal &rArr; LCD_WriteDataPort
</UL>
<BR>[Calls]<UL><LI><a href="#[b9]">&gt;&gt;</a>&nbsp;&nbsp;&nbsp;LCD_WriteReg_Internal
</UL>
<BR>[Called By]<UL><LI><a href="#[b5]">&gt;&gt;</a>&nbsp;&nbsp;&nbsp;LCD_Fill
<LI><a href="#[b4]">&gt;&gt;</a>&nbsp;&nbsp;&nbsp;LCD_Fast_DrawPoint
<LI><a href="#[b2]">&gt;&gt;</a>&nbsp;&nbsp;&nbsp;LCD_DrawPoint
<LI><a href="#[ad]">&gt;&gt;</a>&nbsp;&nbsp;&nbsp;LCD_Clear
</UL>

<P><STRONG><a name="[bc]"></a>LCD_WriteReg</STRONG> (Thumb, 20 bytes, Stack size 16 bytes, lcd.o(i.LCD_WriteReg))
<BR><BR>[Stack]<UL><LI>Max Depth = 40<LI>Call Chain = LCD_WriteReg &rArr; LCD_WriteReg_Internal &rArr; LCD_WriteDataPort
</UL>
<BR>[Calls]<UL><LI><a href="#[b9]">&gt;&gt;</a>&nbsp;&nbsp;&nbsp;LCD_WriteReg_Internal
<LI><a href="#[c1]">&gt;&gt;</a>&nbsp;&nbsp;&nbsp;LCD_WriteData_Internal
</UL>
<BR>[Called By]<UL><LI><a href="#[be]">&gt;&gt;</a>&nbsp;&nbsp;&nbsp;LCD_Scan_Dir
<LI><a href="#[96]">&gt;&gt;</a>&nbsp;&nbsp;&nbsp;LCD_Init
</UL>

<P><STRONG><a name="[9f]"></a>LED1_Toggle</STRONG> (Thumb, 32 bytes, Stack size 8 bytes, led.o(i.LED1_Toggle))
<BR><BR>[Stack]<UL><LI>Max Depth = 8<LI>Call Chain = LED1_Toggle
</UL>
<BR>[Calls]<UL><LI><a href="#[c7]">&gt;&gt;</a>&nbsp;&nbsp;&nbsp;gpio_output_bit_get
<LI><a href="#[c8]">&gt;&gt;</a>&nbsp;&nbsp;&nbsp;gpio_bit_write
</UL>
<BR>[Called By]<UL><LI><a href="#[9e]">&gt;&gt;</a>&nbsp;&nbsp;&nbsp;KeyOne_2msTask
</UL>

<P><STRONG><a name="[a1]"></a>LED2_Toggle</STRONG> (Thumb, 28 bytes, Stack size 8 bytes, led.o(i.LED2_Toggle))
<BR><BR>[Stack]<UL><LI>Max Depth = 8<LI>Call Chain = LED2_Toggle
</UL>
<BR>[Calls]<UL><LI><a href="#[c7]">&gt;&gt;</a>&nbsp;&nbsp;&nbsp;gpio_output_bit_get
<LI><a href="#[c8]">&gt;&gt;</a>&nbsp;&nbsp;&nbsp;gpio_bit_write
</UL>
<BR>[Called By]<UL><LI><a href="#[9e]">&gt;&gt;</a>&nbsp;&nbsp;&nbsp;KeyOne_2msTask
</UL>

<P><STRONG><a name="[a3]"></a>LED3_Toggle</STRONG> (Thumb, 28 bytes, Stack size 8 bytes, led.o(i.LED3_Toggle))
<BR><BR>[Stack]<UL><LI>Max Depth = 8<LI>Call Chain = LED3_Toggle
</UL>
<BR>[Calls]<UL><LI><a href="#[c7]">&gt;&gt;</a>&nbsp;&nbsp;&nbsp;gpio_output_bit_get
<LI><a href="#[c8]">&gt;&gt;</a>&nbsp;&nbsp;&nbsp;gpio_bit_write
</UL>
<BR>[Called By]<UL><LI><a href="#[9e]">&gt;&gt;</a>&nbsp;&nbsp;&nbsp;KeyOne_2msTask
<LI><a href="#[d4]">&gt;&gt;</a>&nbsp;&nbsp;&nbsp;Proc1SecTask
</UL>

<P><STRONG><a name="[4]"></a>MemManage_Handler</STRONG> (Thumb, 4 bytes, Stack size 0 bytes, gd32f30x_it.o(i.MemManage_Handler))
<BR>[Address Reference Count : 1]<UL><LI> startup_gd32f30x_hd.o(RESET)
</UL>
<P><STRONG><a name="[2]"></a>NMI_Handler</STRONG> (Thumb, 2 bytes, Stack size 0 bytes, gd32f30x_it.o(i.NMI_Handler))
<BR>[Address Reference Count : 1]<UL><LI> startup_gd32f30x_hd.o(RESET)
</UL>
<P><STRONG><a name="[9]"></a>PendSV_Handler</STRONG> (Thumb, 2 bytes, Stack size 0 bytes, gd32f30x_it.o(i.PendSV_Handler))
<BR>[Address Reference Count : 1]<UL><LI> startup_gd32f30x_hd.o(RESET)
</UL>
<P><STRONG><a name="[a0]"></a>ProcKeyDownLL</STRONG> (Thumb, 14 bytes, Stack size 8 bytes, prockeyone.o(i.ProcKeyDownLL))
<BR><BR>[Stack]<UL><LI>Max Depth = 208<LI>Call Chain = ProcKeyDownLL &rArr; UI_OnKeyLL &rArr; UI_UpdateAlarmSetStatus &rArr; LCD_ShowString &rArr; LCD_ShowChar &rArr; LCD_Fast_DrawPoint &rArr; LCD_SetCursor &rArr; LCD_WriteReg_Internal &rArr; LCD_WriteDataPort
</UL>
<BR>[Calls]<UL><LI><a href="#[d5]">&gt;&gt;</a>&nbsp;&nbsp;&nbsp;UI_OnKeyLL
<LI><a href="#[bb]">&gt;&gt;</a>&nbsp;&nbsp;&nbsp;__2printf
</UL>
<BR>[Called By]<UL><LI><a href="#[9e]">&gt;&gt;</a>&nbsp;&nbsp;&nbsp;KeyOne_2msTask
</UL>

<P><STRONG><a name="[a4]"></a>ProcKeyDownLeftHigh</STRONG> (Thumb, 8 bytes, Stack size 8 bytes, prockeyone.o(i.ProcKeyDownLeftHigh))
<BR><BR>[Stack]<UL><LI>Max Depth = 256<LI>Call Chain = ProcKeyDownLeftHigh &rArr; UI_OnKeyLH &rArr; UI_Update &rArr; UI_DrawMainScreen &rArr; UI_DrawCard &rArr; LCD_DrawRectangle &rArr; LCD_DrawLine &rArr; LCD_DrawPoint &rArr; LCD_SetCursor &rArr; LCD_WriteReg_Internal &rArr; LCD_WriteDataPort
</UL>
<BR>[Calls]<UL><LI><a href="#[d6]">&gt;&gt;</a>&nbsp;&nbsp;&nbsp;UI_OnKeyLH
</UL>
<BR>[Called By]<UL><LI><a href="#[9e]">&gt;&gt;</a>&nbsp;&nbsp;&nbsp;KeyOne_2msTask
</UL>

<P><STRONG><a name="[a6]"></a>ProcKeyDownMenu</STRONG> (Thumb, 8 bytes, Stack size 8 bytes, prockeyone.o(i.ProcKeyDownMenu))
<BR><BR>[Stack]<UL><LI>Max Depth = 8<LI>Call Chain = ProcKeyDownMenu
</UL>
<BR>[Calls]<UL><LI><a href="#[d7]">&gt;&gt;</a>&nbsp;&nbsp;&nbsp;UI_OnKeyMenu
</UL>
<BR>[Called By]<UL><LI><a href="#[9e]">&gt;&gt;</a>&nbsp;&nbsp;&nbsp;KeyOne_2msTask
</UL>

<P><STRONG><a name="[a2]"></a>ProcKeyDownRL</STRONG> (Thumb, 8 bytes, Stack size 8 bytes, prockeyone.o(i.ProcKeyDownRL))
<BR><BR>[Stack]<UL><LI>Max Depth = 208<LI>Call Chain = ProcKeyDownRL &rArr; UI_OnKeyRL &rArr; UI_UpdateAlarmSetStatus &rArr; LCD_ShowString &rArr; LCD_ShowChar &rArr; LCD_Fast_DrawPoint &rArr; LCD_SetCursor &rArr; LCD_WriteReg_Internal &rArr; LCD_WriteDataPort
</UL>
<BR>[Calls]<UL><LI><a href="#[d8]">&gt;&gt;</a>&nbsp;&nbsp;&nbsp;UI_OnKeyRL
</UL>
<BR>[Called By]<UL><LI><a href="#[9e]">&gt;&gt;</a>&nbsp;&nbsp;&nbsp;KeyOne_2msTask
</UL>

<P><STRONG><a name="[a5]"></a>ProcKeyDownRightHigh</STRONG> (Thumb, 8 bytes, Stack size 8 bytes, prockeyone.o(i.ProcKeyDownRightHigh))
<BR><BR>[Stack]<UL><LI>Max Depth = 256<LI>Call Chain = ProcKeyDownRightHigh &rArr; UI_OnKeyRH &rArr; UI_Update &rArr; UI_DrawMainScreen &rArr; UI_DrawCard &rArr; LCD_DrawRectangle &rArr; LCD_DrawLine &rArr; LCD_DrawPoint &rArr; LCD_SetCursor &rArr; LCD_WriteReg_Internal &rArr; LCD_WriteDataPort
</UL>
<BR>[Calls]<UL><LI><a href="#[d9]">&gt;&gt;</a>&nbsp;&nbsp;&nbsp;UI_OnKeyRH
</UL>
<BR>[Called By]<UL><LI><a href="#[9e]">&gt;&gt;</a>&nbsp;&nbsp;&nbsp;KeyOne_2msTask
</UL>

<P><STRONG><a name="[a8]"></a>ProcKeyUpLL</STRONG> (Thumb, 2 bytes, Stack size 0 bytes, prockeyone.o(i.ProcKeyUpLL))
<BR><BR>[Called By]<UL><LI><a href="#[9e]">&gt;&gt;</a>&nbsp;&nbsp;&nbsp;KeyOne_2msTask
</UL>

<P><STRONG><a name="[aa]"></a>ProcKeyUpLeftHigh</STRONG> (Thumb, 2 bytes, Stack size 0 bytes, prockeyone.o(i.ProcKeyUpLeftHigh))
<BR><BR>[Called By]<UL><LI><a href="#[9e]">&gt;&gt;</a>&nbsp;&nbsp;&nbsp;KeyOne_2msTask
</UL>

<P><STRONG><a name="[ac]"></a>ProcKeyUpMenu</STRONG> (Thumb, 2 bytes, Stack size 0 bytes, prockeyone.o(i.ProcKeyUpMenu))
<BR><BR>[Called By]<UL><LI><a href="#[9e]">&gt;&gt;</a>&nbsp;&nbsp;&nbsp;KeyOne_2msTask
</UL>

<P><STRONG><a name="[a9]"></a>ProcKeyUpRL</STRONG> (Thumb, 2 bytes, Stack size 0 bytes, prockeyone.o(i.ProcKeyUpRL))
<BR><BR>[Called By]<UL><LI><a href="#[9e]">&gt;&gt;</a>&nbsp;&nbsp;&nbsp;KeyOne_2msTask
</UL>

<P><STRONG><a name="[ab]"></a>ProcKeyUpRightHigh</STRONG> (Thumb, 2 bytes, Stack size 0 bytes, prockeyone.o(i.ProcKeyUpRightHigh))
<BR><BR>[Called By]<UL><LI><a href="#[9e]">&gt;&gt;</a>&nbsp;&nbsp;&nbsp;KeyOne_2msTask
</UL>

<P><STRONG><a name="[115]"></a>QueueEmpty</STRONG> (Thumb, 14 bytes, Stack size 0 bytes, queue.o(i.QueueEmpty))
<BR><BR>[Called By]<UL><LI><a href="#[30]">&gt;&gt;</a>&nbsp;&nbsp;&nbsp;USART0_IRQHandler
</UL>

<P><STRONG><a name="[dc]"></a>ReadUART1</STRONG> (Thumb, 20 bytes, Stack size 16 bytes, uart1.o(i.ReadUART1))
<BR><BR>[Stack]<UL><LI>Max Depth = 28<LI>Call Chain = ReadUART1 &rArr; DeQueue
</UL>
<BR>[Calls]<UL><LI><a href="#[db]">&gt;&gt;</a>&nbsp;&nbsp;&nbsp;DeQueue
</UL>
<BR>[Called By]<UL><LI><a href="#[ea]">&gt;&gt;</a>&nbsp;&nbsp;&nbsp;UART1_ProcessSPO2Data
</UL>

<P><STRONG><a name="[122]"></a>SPO2_Algo_GetResult</STRONG> (Thumb, 62 bytes, Stack size 16 bytes, spo2_algo.o(i.SPO2_Algo_GetResult))
<BR><BR>[Stack]<UL><LI>Max Depth = 16<LI>Call Chain = SPO2_Algo_GetResult
</UL>
<BR>[Called By]<UL><LI><a href="#[47]">&gt;&gt;</a>&nbsp;&nbsp;&nbsp;main
</UL>

<P><STRONG><a name="[98]"></a>SPO2_Algo_Init</STRONG> (Thumb, 38 bytes, Stack size 8 bytes, spo2_algo.o(i.SPO2_Algo_Init))
<BR><BR>[Stack]<UL><LI>Max Depth = 8<LI>Call Chain = SPO2_Algo_Init
</UL>
<BR>[Calls]<UL><LI><a href="#[dd]">&gt;&gt;</a>&nbsp;&nbsp;&nbsp;__aeabi_memclr4
</UL>
<BR>[Called By]<UL><LI><a href="#[8c]">&gt;&gt;</a>&nbsp;&nbsp;&nbsp;InitHardware
</UL>

<P><STRONG><a name="[de]"></a>SPO2_Algo_Process</STRONG> (Thumb, 238 bytes, Stack size 80 bytes, spo2_algo.o(i.SPO2_Algo_Process))
<BR><BR>[Stack]<UL><LI>Max Depth = 136<LI>Call Chain = SPO2_Algo_Process &rArr; spo2_calc_hr
</UL>
<BR>[Calls]<UL><LI><a href="#[e4]">&gt;&gt;</a>&nbsp;&nbsp;&nbsp;spo2_update_history
<LI><a href="#[df]">&gt;&gt;</a>&nbsp;&nbsp;&nbsp;spo2_find_minmax
<LI><a href="#[e1]">&gt;&gt;</a>&nbsp;&nbsp;&nbsp;spo2_calc_spo2
<LI><a href="#[e3]">&gt;&gt;</a>&nbsp;&nbsp;&nbsp;spo2_calc_pi
<LI><a href="#[e2]">&gt;&gt;</a>&nbsp;&nbsp;&nbsp;spo2_calc_hr
<LI><a href="#[e0]">&gt;&gt;</a>&nbsp;&nbsp;&nbsp;spo2_calc_dcac
</UL>
<BR>[Called By]<UL><LI><a href="#[47]">&gt;&gt;</a>&nbsp;&nbsp;&nbsp;main
</UL>

<P><STRONG><a name="[e5]"></a>SPO2_Algo_ProcessCalib</STRONG> (Thumb, 194 bytes, Stack size 48 bytes, spo2_algo.o(i.SPO2_Algo_ProcessCalib))
<BR><BR>[Stack]<UL><LI>Max Depth = 72<LI>Call Chain = SPO2_Algo_ProcessCalib &rArr; spo2_find_minmax
</UL>
<BR>[Calls]<UL><LI><a href="#[df]">&gt;&gt;</a>&nbsp;&nbsp;&nbsp;spo2_find_minmax
</UL>
<BR>[Called By]<UL><LI><a href="#[47]">&gt;&gt;</a>&nbsp;&nbsp;&nbsp;main
</UL>

<P><STRONG><a name="[d0]"></a>SPO2_Algo_PushData</STRONG> (Thumb, 78 bytes, Stack size 0 bytes, spo2_algo.o(i.SPO2_Algo_PushData))
<BR><BR>[Called By]<UL><LI><a href="#[c9]">&gt;&gt;</a>&nbsp;&nbsp;&nbsp;ParseSPO2Packet
</UL>

<P><STRONG><a name="[cf]"></a>SPO2_Algo_PushDataCalib</STRONG> (Thumb, 72 bytes, Stack size 0 bytes, spo2_algo.o(i.SPO2_Algo_PushDataCalib))
<BR><BR>[Called By]<UL><LI><a href="#[c9]">&gt;&gt;</a>&nbsp;&nbsp;&nbsp;ParseSPO2Packet
</UL>

<P><STRONG><a name="[7]"></a>SVC_Handler</STRONG> (Thumb, 2 bytes, Stack size 0 bytes, gd32f30x_it.o(i.SVC_Handler))
<BR>[Address Reference Count : 1]<UL><LI> startup_gd32f30x_hd.o(RESET)
</UL>
<P><STRONG><a name="[a]"></a>SysTick_Handler</STRONG> (Thumb, 8 bytes, Stack size 8 bytes, systick.o(i.SysTick_Handler))
<BR><BR>[Stack]<UL><LI>Max Depth = 8<LI>Call Chain = SysTick_Handler
</UL>
<BR>[Calls]<UL><LI><a href="#[e6]">&gt;&gt;</a>&nbsp;&nbsp;&nbsp;TimDelayDec
</UL>
<BR>[Address Reference Count : 1]<UL><LI> startup_gd32f30x_hd.o(RESET)
</UL>
<P><STRONG><a name="[48]"></a>SystemInit</STRONG> (Thumb, 66 bytes, Stack size 8 bytes, system_gd32f30x.o(i.SystemInit))
<BR><BR>[Stack]<UL><LI>Max Depth = 16<LI>Call Chain = SystemInit &rArr; system_clock_config
</UL>
<BR>[Calls]<UL><LI><a href="#[e7]">&gt;&gt;</a>&nbsp;&nbsp;&nbsp;system_clock_config
</UL>
<BR>[Called By]<UL><LI><a href="#[8c]">&gt;&gt;</a>&nbsp;&nbsp;&nbsp;InitHardware
</UL>
<BR>[Address Reference Count : 1]<UL><LI> startup_gd32f30x_hd.o(.text)
</UL>
<P><STRONG><a name="[28]"></a>TIMER2_IRQHandler</STRONG> (Thumb, 52 bytes, Stack size 8 bytes, timer.o(i.TIMER2_IRQHandler))
<BR><BR>[Stack]<UL><LI>Max Depth = 8<LI>Call Chain = TIMER2_IRQHandler
</UL>
<BR>[Calls]<UL><LI><a href="#[e8]">&gt;&gt;</a>&nbsp;&nbsp;&nbsp;timer_interrupt_flag_get
<LI><a href="#[e9]">&gt;&gt;</a>&nbsp;&nbsp;&nbsp;timer_interrupt_flag_clear
</UL>
<BR>[Address Reference Count : 1]<UL><LI> startup_gd32f30x_hd.o(RESET)
</UL>
<P><STRONG><a name="[3d]"></a>TIMER4_IRQHandler</STRONG> (Thumb, 58 bytes, Stack size 8 bytes, timer.o(i.TIMER4_IRQHandler))
<BR><BR>[Stack]<UL><LI>Max Depth = 8<LI>Call Chain = TIMER4_IRQHandler
</UL>
<BR>[Calls]<UL><LI><a href="#[e8]">&gt;&gt;</a>&nbsp;&nbsp;&nbsp;timer_interrupt_flag_get
<LI><a href="#[e9]">&gt;&gt;</a>&nbsp;&nbsp;&nbsp;timer_interrupt_flag_clear
</UL>
<BR>[Address Reference Count : 1]<UL><LI> startup_gd32f30x_hd.o(RESET)
</UL>
<P><STRONG><a name="[ce]"></a>UART1_GetRCalibMode</STRONG> (Thumb, 6 bytes, Stack size 0 bytes, uart1.o(i.UART1_GetRCalibMode))
<BR><BR>[Called By]<UL><LI><a href="#[47]">&gt;&gt;</a>&nbsp;&nbsp;&nbsp;main
<LI><a href="#[c9]">&gt;&gt;</a>&nbsp;&nbsp;&nbsp;ParseSPO2Packet
</UL>

<P><STRONG><a name="[10d]"></a>UART1_GetWaveFilterEnable</STRONG> (Thumb, 6 bytes, Stack size 0 bytes, uart1.o(i.UART1_GetWaveFilterEnable))
<BR><BR>[Called By]<UL><LI><a href="#[fb]">&gt;&gt;</a>&nbsp;&nbsp;&nbsp;UI_UpdateFilterStatus
</UL>

<P><STRONG><a name="[ea]"></a>UART1_ProcessSPO2Data</STRONG> (Thumb, 34 bytes, Stack size 16 bytes, uart1.o(i.UART1_ProcessSPO2Data))
<BR><BR>[Stack]<UL><LI>Max Depth = 280<LI>Call Chain = UART1_ProcessSPO2Data &rArr; ParseSPO2Packet &rArr; UI_UpdateData &rArr; UI_UpdateRCalibValue &rArr; LCD_ShowString &rArr; LCD_ShowChar &rArr; LCD_Fast_DrawPoint &rArr; LCD_SetCursor &rArr; LCD_WriteReg_Internal &rArr; LCD_WriteDataPort
</UL>
<BR>[Calls]<UL><LI><a href="#[dc]">&gt;&gt;</a>&nbsp;&nbsp;&nbsp;ReadUART1
<LI><a href="#[c9]">&gt;&gt;</a>&nbsp;&nbsp;&nbsp;ParseSPO2Packet
</UL>
<BR>[Called By]<UL><LI><a href="#[47]">&gt;&gt;</a>&nbsp;&nbsp;&nbsp;main
</UL>

<P><STRONG><a name="[eb]"></a>UART1_SendCmd</STRONG> (Thumb, 70 bytes, Stack size 24 bytes, uart1.o(i.UART1_SendCmd))
<BR><BR>[Stack]<UL><LI>Max Depth = 32<LI>Call Chain = UART1_SendCmd &rArr; usart_flag_get
</UL>
<BR>[Calls]<UL><LI><a href="#[ed]">&gt;&gt;</a>&nbsp;&nbsp;&nbsp;usart_flag_get
<LI><a href="#[ec]">&gt;&gt;</a>&nbsp;&nbsp;&nbsp;usart_data_transmit
</UL>
<BR>[Called By]<UL><LI><a href="#[d8]">&gt;&gt;</a>&nbsp;&nbsp;&nbsp;UI_OnKeyRL
<LI><a href="#[d5]">&gt;&gt;</a>&nbsp;&nbsp;&nbsp;UI_OnKeyLL
</UL>

<P><STRONG><a name="[10a]"></a>UART1_SetRCalibMode</STRONG> (Thumb, 14 bytes, Stack size 0 bytes, uart1.o(i.UART1_SetRCalibMode))
<BR><BR>[Called By]<UL><LI><a href="#[d9]">&gt;&gt;</a>&nbsp;&nbsp;&nbsp;UI_OnKeyRH
<LI><a href="#[d6]">&gt;&gt;</a>&nbsp;&nbsp;&nbsp;UI_OnKeyLH
</UL>

<P><STRONG><a name="[10b]"></a>UART1_SetWaveFilterEnable</STRONG> (Thumb, 20 bytes, Stack size 0 bytes, uart1.o(i.UART1_SetWaveFilterEnable))
<BR><BR>[Called By]<UL><LI><a href="#[d8]">&gt;&gt;</a>&nbsp;&nbsp;&nbsp;UI_OnKeyRL
<LI><a href="#[d5]">&gt;&gt;</a>&nbsp;&nbsp;&nbsp;UI_OnKeyLL
</UL>

<P><STRONG><a name="[ee]"></a>UI_DrawAlarmSetScreen</STRONG> (Thumb, 140 bytes, Stack size 16 bytes, ui_manager.o(i.UI_DrawAlarmSetScreen))
<BR><BR>[Stack]<UL><LI>Max Depth = 208<LI>Call Chain = UI_DrawAlarmSetScreen &rArr; UI_UpdateAlarmSetStatus &rArr; LCD_ShowString &rArr; LCD_ShowChar &rArr; LCD_Fast_DrawPoint &rArr; LCD_SetCursor &rArr; LCD_WriteReg_Internal &rArr; LCD_WriteDataPort
</UL>
<BR>[Calls]<UL><LI><a href="#[f2]">&gt;&gt;</a>&nbsp;&nbsp;&nbsp;UI_UpdateAlarmSetStatus
<LI><a href="#[ef]">&gt;&gt;</a>&nbsp;&nbsp;&nbsp;UI_DrawScreenBackground
<LI><a href="#[c3]">&gt;&gt;</a>&nbsp;&nbsp;&nbsp;LCD_ShowString
<LI><a href="#[f1]">&gt;&gt;</a>&nbsp;&nbsp;&nbsp;UI_DrawPanel
<LI><a href="#[f0]">&gt;&gt;</a>&nbsp;&nbsp;&nbsp;UI_DrawHeader
</UL>
<BR>[Called By]<UL><LI><a href="#[109]">&gt;&gt;</a>&nbsp;&nbsp;&nbsp;UI_Update
</UL>

<P><STRONG><a name="[f3]"></a>UI_DrawAutoLightScreen</STRONG> (Thumb, 138 bytes, Stack size 16 bytes, ui_manager.o(i.UI_DrawAutoLightScreen))
<BR><BR>[Stack]<UL><LI>Max Depth = 208<LI>Call Chain = UI_DrawAutoLightScreen &rArr; UI_DrawPanel &rArr; LCD_DrawRectangle &rArr; LCD_DrawLine &rArr; LCD_DrawPoint &rArr; LCD_SetCursor &rArr; LCD_WriteReg_Internal &rArr; LCD_WriteDataPort
</UL>
<BR>[Calls]<UL><LI><a href="#[f4]">&gt;&gt;</a>&nbsp;&nbsp;&nbsp;UI_UpdateAutoLightStatus
<LI><a href="#[ef]">&gt;&gt;</a>&nbsp;&nbsp;&nbsp;UI_DrawScreenBackground
<LI><a href="#[c3]">&gt;&gt;</a>&nbsp;&nbsp;&nbsp;LCD_ShowString
<LI><a href="#[f1]">&gt;&gt;</a>&nbsp;&nbsp;&nbsp;UI_DrawPanel
<LI><a href="#[f0]">&gt;&gt;</a>&nbsp;&nbsp;&nbsp;UI_DrawHeader
</UL>
<BR>[Called By]<UL><LI><a href="#[109]">&gt;&gt;</a>&nbsp;&nbsp;&nbsp;UI_Update
</UL>

<P><STRONG><a name="[f6]"></a>UI_DrawDataReviewScreen</STRONG> (Thumb, 144 bytes, Stack size 16 bytes, ui_manager.o(i.UI_DrawDataReviewScreen))
<BR><BR>[Stack]<UL><LI>Max Depth = 208<LI>Call Chain = UI_DrawDataReviewScreen &rArr; UI_DrawPanel &rArr; LCD_DrawRectangle &rArr; LCD_DrawLine &rArr; LCD_DrawPoint &rArr; LCD_SetCursor &rArr; LCD_WriteReg_Internal &rArr; LCD_WriteDataPort
</UL>
<BR>[Calls]<UL><LI><a href="#[f7]">&gt;&gt;</a>&nbsp;&nbsp;&nbsp;UI_UpdateDataReviewValue
<LI><a href="#[ef]">&gt;&gt;</a>&nbsp;&nbsp;&nbsp;UI_DrawScreenBackground
<LI><a href="#[c3]">&gt;&gt;</a>&nbsp;&nbsp;&nbsp;LCD_ShowString
<LI><a href="#[f1]">&gt;&gt;</a>&nbsp;&nbsp;&nbsp;UI_DrawPanel
<LI><a href="#[f0]">&gt;&gt;</a>&nbsp;&nbsp;&nbsp;UI_DrawHeader
</UL>
<BR>[Called By]<UL><LI><a href="#[109]">&gt;&gt;</a>&nbsp;&nbsp;&nbsp;UI_Update
</UL>

<P><STRONG><a name="[f8]"></a>UI_DrawEtCO2SetScreen</STRONG> (Thumb, 140 bytes, Stack size 16 bytes, ui_manager.o(i.UI_DrawEtCO2SetScreen))
<BR><BR>[Stack]<UL><LI>Max Depth = 208<LI>Call Chain = UI_DrawEtCO2SetScreen &rArr; UI_DrawPanel &rArr; LCD_DrawRectangle &rArr; LCD_DrawLine &rArr; LCD_DrawPoint &rArr; LCD_SetCursor &rArr; LCD_WriteReg_Internal &rArr; LCD_WriteDataPort
</UL>
<BR>[Calls]<UL><LI><a href="#[f9]">&gt;&gt;</a>&nbsp;&nbsp;&nbsp;UI_UpdateEtCO2Status
<LI><a href="#[ef]">&gt;&gt;</a>&nbsp;&nbsp;&nbsp;UI_DrawScreenBackground
<LI><a href="#[c3]">&gt;&gt;</a>&nbsp;&nbsp;&nbsp;LCD_ShowString
<LI><a href="#[f1]">&gt;&gt;</a>&nbsp;&nbsp;&nbsp;UI_DrawPanel
<LI><a href="#[f0]">&gt;&gt;</a>&nbsp;&nbsp;&nbsp;UI_DrawHeader
</UL>
<BR>[Called By]<UL><LI><a href="#[109]">&gt;&gt;</a>&nbsp;&nbsp;&nbsp;UI_Update
</UL>

<P><STRONG><a name="[fa]"></a>UI_DrawFilterSetScreen</STRONG> (Thumb, 154 bytes, Stack size 16 bytes, ui_manager.o(i.UI_DrawFilterSetScreen))
<BR><BR>[Stack]<UL><LI>Max Depth = 208<LI>Call Chain = UI_DrawFilterSetScreen &rArr; UI_DrawPanel &rArr; LCD_DrawRectangle &rArr; LCD_DrawLine &rArr; LCD_DrawPoint &rArr; LCD_SetCursor &rArr; LCD_WriteReg_Internal &rArr; LCD_WriteDataPort
</UL>
<BR>[Calls]<UL><LI><a href="#[fb]">&gt;&gt;</a>&nbsp;&nbsp;&nbsp;UI_UpdateFilterStatus
<LI><a href="#[ef]">&gt;&gt;</a>&nbsp;&nbsp;&nbsp;UI_DrawScreenBackground
<LI><a href="#[c3]">&gt;&gt;</a>&nbsp;&nbsp;&nbsp;LCD_ShowString
<LI><a href="#[f1]">&gt;&gt;</a>&nbsp;&nbsp;&nbsp;UI_DrawPanel
<LI><a href="#[f0]">&gt;&gt;</a>&nbsp;&nbsp;&nbsp;UI_DrawHeader
</UL>
<BR>[Called By]<UL><LI><a href="#[109]">&gt;&gt;</a>&nbsp;&nbsp;&nbsp;UI_Update
</UL>

<P><STRONG><a name="[f0]"></a>UI_DrawHeader</STRONG> (Thumb, 124 bytes, Stack size 16 bytes, ui_manager.o(i.UI_DrawHeader))
<BR><BR>[Stack]<UL><LI>Max Depth = 152<LI>Call Chain = UI_DrawHeader &rArr; LCD_ShowString &rArr; LCD_ShowChar &rArr; LCD_Fast_DrawPoint &rArr; LCD_SetCursor &rArr; LCD_WriteReg_Internal &rArr; LCD_WriteDataPort
</UL>
<BR>[Calls]<UL><LI><a href="#[c3]">&gt;&gt;</a>&nbsp;&nbsp;&nbsp;LCD_ShowString
<LI><a href="#[b5]">&gt;&gt;</a>&nbsp;&nbsp;&nbsp;LCD_Fill
<LI><a href="#[b1]">&gt;&gt;</a>&nbsp;&nbsp;&nbsp;LCD_DrawLine
</UL>
<BR>[Called By]<UL><LI><a href="#[107]">&gt;&gt;</a>&nbsp;&nbsp;&nbsp;UI_DrawWorkModeScreen
<LI><a href="#[105]">&gt;&gt;</a>&nbsp;&nbsp;&nbsp;UI_DrawSystemSetScreen
<LI><a href="#[103]">&gt;&gt;</a>&nbsp;&nbsp;&nbsp;UI_DrawSpO2SetScreen
<LI><a href="#[102]">&gt;&gt;</a>&nbsp;&nbsp;&nbsp;UI_DrawSettingsScreen
<LI><a href="#[ff]">&gt;&gt;</a>&nbsp;&nbsp;&nbsp;UI_DrawRCalibScreen
<LI><a href="#[fc]">&gt;&gt;</a>&nbsp;&nbsp;&nbsp;UI_DrawMainScreen
<LI><a href="#[fa]">&gt;&gt;</a>&nbsp;&nbsp;&nbsp;UI_DrawFilterSetScreen
<LI><a href="#[f8]">&gt;&gt;</a>&nbsp;&nbsp;&nbsp;UI_DrawEtCO2SetScreen
<LI><a href="#[f6]">&gt;&gt;</a>&nbsp;&nbsp;&nbsp;UI_DrawDataReviewScreen
<LI><a href="#[f3]">&gt;&gt;</a>&nbsp;&nbsp;&nbsp;UI_DrawAutoLightScreen
<LI><a href="#[ee]">&gt;&gt;</a>&nbsp;&nbsp;&nbsp;UI_DrawAlarmSetScreen
</UL>

<P><STRONG><a name="[fc]"></a>UI_DrawMainScreen</STRONG> (Thumb, 556 bytes, Stack size 40 bytes, ui_manager.o(i.UI_DrawMainScreen))
<BR><BR>[Stack]<UL><LI>Max Depth = 232<LI>Call Chain = UI_DrawMainScreen &rArr; UI_DrawCard &rArr; LCD_DrawRectangle &rArr; LCD_DrawLine &rArr; LCD_DrawPoint &rArr; LCD_SetCursor &rArr; LCD_WriteReg_Internal &rArr; LCD_WriteDataPort
</UL>
<BR>[Calls]<UL><LI><a href="#[fe]">&gt;&gt;</a>&nbsp;&nbsp;&nbsp;UI_WaveReset
<LI><a href="#[ef]">&gt;&gt;</a>&nbsp;&nbsp;&nbsp;UI_DrawScreenBackground
<LI><a href="#[f5]">&gt;&gt;</a>&nbsp;&nbsp;&nbsp;UI_DrawCard
<LI><a href="#[c3]">&gt;&gt;</a>&nbsp;&nbsp;&nbsp;LCD_ShowString
<LI><a href="#[f0]">&gt;&gt;</a>&nbsp;&nbsp;&nbsp;UI_DrawHeader
<LI><a href="#[fd]">&gt;&gt;</a>&nbsp;&nbsp;&nbsp;__2sprintf
</UL>
<BR>[Called By]<UL><LI><a href="#[109]">&gt;&gt;</a>&nbsp;&nbsp;&nbsp;UI_Update
</UL>

<P><STRONG><a name="[f1]"></a>UI_DrawPanel</STRONG> (Thumb, 204 bytes, Stack size 40 bytes, ui_manager.o(i.UI_DrawPanel))
<BR><BR>[Stack]<UL><LI>Max Depth = 192<LI>Call Chain = UI_DrawPanel &rArr; LCD_DrawRectangle &rArr; LCD_DrawLine &rArr; LCD_DrawPoint &rArr; LCD_SetCursor &rArr; LCD_WriteReg_Internal &rArr; LCD_WriteDataPort
</UL>
<BR>[Calls]<UL><LI><a href="#[c3]">&gt;&gt;</a>&nbsp;&nbsp;&nbsp;LCD_ShowString
<LI><a href="#[b5]">&gt;&gt;</a>&nbsp;&nbsp;&nbsp;LCD_Fill
<LI><a href="#[b3]">&gt;&gt;</a>&nbsp;&nbsp;&nbsp;LCD_DrawRectangle
</UL>
<BR>[Called By]<UL><LI><a href="#[107]">&gt;&gt;</a>&nbsp;&nbsp;&nbsp;UI_DrawWorkModeScreen
<LI><a href="#[105]">&gt;&gt;</a>&nbsp;&nbsp;&nbsp;UI_DrawSystemSetScreen
<LI><a href="#[103]">&gt;&gt;</a>&nbsp;&nbsp;&nbsp;UI_DrawSpO2SetScreen
<LI><a href="#[ff]">&gt;&gt;</a>&nbsp;&nbsp;&nbsp;UI_DrawRCalibScreen
<LI><a href="#[fa]">&gt;&gt;</a>&nbsp;&nbsp;&nbsp;UI_DrawFilterSetScreen
<LI><a href="#[f8]">&gt;&gt;</a>&nbsp;&nbsp;&nbsp;UI_DrawEtCO2SetScreen
<LI><a href="#[f6]">&gt;&gt;</a>&nbsp;&nbsp;&nbsp;UI_DrawDataReviewScreen
<LI><a href="#[f3]">&gt;&gt;</a>&nbsp;&nbsp;&nbsp;UI_DrawAutoLightScreen
<LI><a href="#[ee]">&gt;&gt;</a>&nbsp;&nbsp;&nbsp;UI_DrawAlarmSetScreen
</UL>

<P><STRONG><a name="[ff]"></a>UI_DrawRCalibScreen</STRONG> (Thumb, 82 bytes, Stack size 16 bytes, ui_manager.o(i.UI_DrawRCalibScreen))
<BR><BR>[Stack]<UL><LI>Max Depth = 208<LI>Call Chain = UI_DrawRCalibScreen &rArr; UI_DrawPanel &rArr; LCD_DrawRectangle &rArr; LCD_DrawLine &rArr; LCD_DrawPoint &rArr; LCD_SetCursor &rArr; LCD_WriteReg_Internal &rArr; LCD_WriteDataPort
</UL>
<BR>[Calls]<UL><LI><a href="#[100]">&gt;&gt;</a>&nbsp;&nbsp;&nbsp;UI_UpdateRCalibValue
<LI><a href="#[ef]">&gt;&gt;</a>&nbsp;&nbsp;&nbsp;UI_DrawScreenBackground
<LI><a href="#[c3]">&gt;&gt;</a>&nbsp;&nbsp;&nbsp;LCD_ShowString
<LI><a href="#[f1]">&gt;&gt;</a>&nbsp;&nbsp;&nbsp;UI_DrawPanel
<LI><a href="#[f0]">&gt;&gt;</a>&nbsp;&nbsp;&nbsp;UI_DrawHeader
</UL>
<BR>[Called By]<UL><LI><a href="#[109]">&gt;&gt;</a>&nbsp;&nbsp;&nbsp;UI_Update
</UL>

<P><STRONG><a name="[102]"></a>UI_DrawSettingsScreen</STRONG> (Thumb, 96 bytes, Stack size 24 bytes, ui_manager.o(i.UI_DrawSettingsScreen))
<BR><BR>[Stack]<UL><LI>Max Depth = 200<LI>Call Chain = UI_DrawSettingsScreen &rArr; UI_DrawSettingsItem &rArr; LCD_DrawRectangle &rArr; LCD_DrawLine &rArr; LCD_DrawPoint &rArr; LCD_SetCursor &rArr; LCD_WriteReg_Internal &rArr; LCD_WriteDataPort
</UL>
<BR>[Calls]<UL><LI><a href="#[101]">&gt;&gt;</a>&nbsp;&nbsp;&nbsp;UI_DrawSettingsItem
<LI><a href="#[ef]">&gt;&gt;</a>&nbsp;&nbsp;&nbsp;UI_DrawScreenBackground
<LI><a href="#[c3]">&gt;&gt;</a>&nbsp;&nbsp;&nbsp;LCD_ShowString
<LI><a href="#[f0]">&gt;&gt;</a>&nbsp;&nbsp;&nbsp;UI_DrawHeader
</UL>
<BR>[Called By]<UL><LI><a href="#[109]">&gt;&gt;</a>&nbsp;&nbsp;&nbsp;UI_Update
</UL>

<P><STRONG><a name="[103]"></a>UI_DrawSpO2SetScreen</STRONG> (Thumb, 138 bytes, Stack size 16 bytes, ui_manager.o(i.UI_DrawSpO2SetScreen))
<BR><BR>[Stack]<UL><LI>Max Depth = 208<LI>Call Chain = UI_DrawSpO2SetScreen &rArr; UI_DrawPanel &rArr; LCD_DrawRectangle &rArr; LCD_DrawLine &rArr; LCD_DrawPoint &rArr; LCD_SetCursor &rArr; LCD_WriteReg_Internal &rArr; LCD_WriteDataPort
</UL>
<BR>[Calls]<UL><LI><a href="#[104]">&gt;&gt;</a>&nbsp;&nbsp;&nbsp;UI_UpdateGainValue
<LI><a href="#[ef]">&gt;&gt;</a>&nbsp;&nbsp;&nbsp;UI_DrawScreenBackground
<LI><a href="#[c3]">&gt;&gt;</a>&nbsp;&nbsp;&nbsp;LCD_ShowString
<LI><a href="#[f1]">&gt;&gt;</a>&nbsp;&nbsp;&nbsp;UI_DrawPanel
<LI><a href="#[f0]">&gt;&gt;</a>&nbsp;&nbsp;&nbsp;UI_DrawHeader
</UL>
<BR>[Called By]<UL><LI><a href="#[109]">&gt;&gt;</a>&nbsp;&nbsp;&nbsp;UI_Update
</UL>

<P><STRONG><a name="[105]"></a>UI_DrawSystemSetScreen</STRONG> (Thumb, 140 bytes, Stack size 16 bytes, ui_manager.o(i.UI_DrawSystemSetScreen))
<BR><BR>[Stack]<UL><LI>Max Depth = 208<LI>Call Chain = UI_DrawSystemSetScreen &rArr; UI_DrawPanel &rArr; LCD_DrawRectangle &rArr; LCD_DrawLine &rArr; LCD_DrawPoint &rArr; LCD_SetCursor &rArr; LCD_WriteReg_Internal &rArr; LCD_WriteDataPort
</UL>
<BR>[Calls]<UL><LI><a href="#[106]">&gt;&gt;</a>&nbsp;&nbsp;&nbsp;UI_UpdateSystemSetStatus
<LI><a href="#[ef]">&gt;&gt;</a>&nbsp;&nbsp;&nbsp;UI_DrawScreenBackground
<LI><a href="#[c3]">&gt;&gt;</a>&nbsp;&nbsp;&nbsp;LCD_ShowString
<LI><a href="#[f1]">&gt;&gt;</a>&nbsp;&nbsp;&nbsp;UI_DrawPanel
<LI><a href="#[f0]">&gt;&gt;</a>&nbsp;&nbsp;&nbsp;UI_DrawHeader
</UL>
<BR>[Called By]<UL><LI><a href="#[109]">&gt;&gt;</a>&nbsp;&nbsp;&nbsp;UI_Update
</UL>

<P><STRONG><a name="[107]"></a>UI_DrawWorkModeScreen</STRONG> (Thumb, 140 bytes, Stack size 16 bytes, ui_manager.o(i.UI_DrawWorkModeScreen))
<BR><BR>[Stack]<UL><LI>Max Depth = 208<LI>Call Chain = UI_DrawWorkModeScreen &rArr; UI_DrawPanel &rArr; LCD_DrawRectangle &rArr; LCD_DrawLine &rArr; LCD_DrawPoint &rArr; LCD_SetCursor &rArr; LCD_WriteReg_Internal &rArr; LCD_WriteDataPort
</UL>
<BR>[Calls]<UL><LI><a href="#[108]">&gt;&gt;</a>&nbsp;&nbsp;&nbsp;UI_UpdateWorkModeStatus
<LI><a href="#[ef]">&gt;&gt;</a>&nbsp;&nbsp;&nbsp;UI_DrawScreenBackground
<LI><a href="#[c3]">&gt;&gt;</a>&nbsp;&nbsp;&nbsp;LCD_ShowString
<LI><a href="#[f1]">&gt;&gt;</a>&nbsp;&nbsp;&nbsp;UI_DrawPanel
<LI><a href="#[f0]">&gt;&gt;</a>&nbsp;&nbsp;&nbsp;UI_DrawHeader
</UL>
<BR>[Called By]<UL><LI><a href="#[109]">&gt;&gt;</a>&nbsp;&nbsp;&nbsp;UI_Update
</UL>

<P><STRONG><a name="[97]"></a>UI_Init</STRONG> (Thumb, 28 bytes, Stack size 8 bytes, ui_manager.o(i.UI_Init))
<BR><BR>[Stack]<UL><LI>Max Depth = 248<LI>Call Chain = UI_Init &rArr; UI_Update &rArr; UI_DrawMainScreen &rArr; UI_DrawCard &rArr; LCD_DrawRectangle &rArr; LCD_DrawLine &rArr; LCD_DrawPoint &rArr; LCD_SetCursor &rArr; LCD_WriteReg_Internal &rArr; LCD_WriteDataPort
</UL>
<BR>[Calls]<UL><LI><a href="#[ad]">&gt;&gt;</a>&nbsp;&nbsp;&nbsp;LCD_Clear
<LI><a href="#[109]">&gt;&gt;</a>&nbsp;&nbsp;&nbsp;UI_Update
</UL>
<BR>[Called By]<UL><LI><a href="#[8c]">&gt;&gt;</a>&nbsp;&nbsp;&nbsp;InitHardware
</UL>

<P><STRONG><a name="[d6]"></a>UI_OnKeyLH</STRONG> (Thumb, 242 bytes, Stack size 8 bytes, ui_manager.o(i.UI_OnKeyLH))
<BR><BR>[Stack]<UL><LI>Max Depth = 248<LI>Call Chain = UI_OnKeyLH &rArr; UI_Update &rArr; UI_DrawMainScreen &rArr; UI_DrawCard &rArr; LCD_DrawRectangle &rArr; LCD_DrawLine &rArr; LCD_DrawPoint &rArr; LCD_SetCursor &rArr; LCD_WriteReg_Internal &rArr; LCD_WriteDataPort
</UL>
<BR>[Calls]<UL><LI><a href="#[10a]">&gt;&gt;</a>&nbsp;&nbsp;&nbsp;UART1_SetRCalibMode
<LI><a href="#[109]">&gt;&gt;</a>&nbsp;&nbsp;&nbsp;UI_Update
</UL>
<BR>[Called By]<UL><LI><a href="#[a4]">&gt;&gt;</a>&nbsp;&nbsp;&nbsp;ProcKeyDownLeftHigh
</UL>

<P><STRONG><a name="[d5]"></a>UI_OnKeyLL</STRONG> (Thumb, 288 bytes, Stack size 8 bytes, ui_manager.o(i.UI_OnKeyLL))
<BR><BR>[Stack]<UL><LI>Max Depth = 200<LI>Call Chain = UI_OnKeyLL &rArr; UI_UpdateAlarmSetStatus &rArr; LCD_ShowString &rArr; LCD_ShowChar &rArr; LCD_Fast_DrawPoint &rArr; LCD_SetCursor &rArr; LCD_WriteReg_Internal &rArr; LCD_WriteDataPort
</UL>
<BR>[Calls]<UL><LI><a href="#[108]">&gt;&gt;</a>&nbsp;&nbsp;&nbsp;UI_UpdateWorkModeStatus
<LI><a href="#[106]">&gt;&gt;</a>&nbsp;&nbsp;&nbsp;UI_UpdateSystemSetStatus
<LI><a href="#[104]">&gt;&gt;</a>&nbsp;&nbsp;&nbsp;UI_UpdateGainValue
<LI><a href="#[fb]">&gt;&gt;</a>&nbsp;&nbsp;&nbsp;UI_UpdateFilterStatus
<LI><a href="#[f9]">&gt;&gt;</a>&nbsp;&nbsp;&nbsp;UI_UpdateEtCO2Status
<LI><a href="#[f7]">&gt;&gt;</a>&nbsp;&nbsp;&nbsp;UI_UpdateDataReviewValue
<LI><a href="#[f4]">&gt;&gt;</a>&nbsp;&nbsp;&nbsp;UI_UpdateAutoLightStatus
<LI><a href="#[f2]">&gt;&gt;</a>&nbsp;&nbsp;&nbsp;UI_UpdateAlarmSetStatus
<LI><a href="#[101]">&gt;&gt;</a>&nbsp;&nbsp;&nbsp;UI_DrawSettingsItem
<LI><a href="#[10b]">&gt;&gt;</a>&nbsp;&nbsp;&nbsp;UART1_SetWaveFilterEnable
<LI><a href="#[eb]">&gt;&gt;</a>&nbsp;&nbsp;&nbsp;UART1_SendCmd
</UL>
<BR>[Called By]<UL><LI><a href="#[a0]">&gt;&gt;</a>&nbsp;&nbsp;&nbsp;ProcKeyDownLL
</UL>

<P><STRONG><a name="[d7]"></a>UI_OnKeyMenu</STRONG> (Thumb, 2 bytes, Stack size 0 bytes, ui_manager.o(i.UI_OnKeyMenu))
<BR><BR>[Called By]<UL><LI><a href="#[a6]">&gt;&gt;</a>&nbsp;&nbsp;&nbsp;ProcKeyDownMenu
</UL>

<P><STRONG><a name="[d9]"></a>UI_OnKeyRH</STRONG> (Thumb, 214 bytes, Stack size 8 bytes, ui_manager.o(i.UI_OnKeyRH))
<BR><BR>[Stack]<UL><LI>Max Depth = 248<LI>Call Chain = UI_OnKeyRH &rArr; UI_Update &rArr; UI_DrawMainScreen &rArr; UI_DrawCard &rArr; LCD_DrawRectangle &rArr; LCD_DrawLine &rArr; LCD_DrawPoint &rArr; LCD_SetCursor &rArr; LCD_WriteReg_Internal &rArr; LCD_WriteDataPort
</UL>
<BR>[Calls]<UL><LI><a href="#[10a]">&gt;&gt;</a>&nbsp;&nbsp;&nbsp;UART1_SetRCalibMode
<LI><a href="#[109]">&gt;&gt;</a>&nbsp;&nbsp;&nbsp;UI_Update
</UL>
<BR>[Called By]<UL><LI><a href="#[a5]">&gt;&gt;</a>&nbsp;&nbsp;&nbsp;ProcKeyDownRightHigh
</UL>

<P><STRONG><a name="[d8]"></a>UI_OnKeyRL</STRONG> (Thumb, 296 bytes, Stack size 8 bytes, ui_manager.o(i.UI_OnKeyRL))
<BR><BR>[Stack]<UL><LI>Max Depth = 200<LI>Call Chain = UI_OnKeyRL &rArr; UI_UpdateAlarmSetStatus &rArr; LCD_ShowString &rArr; LCD_ShowChar &rArr; LCD_Fast_DrawPoint &rArr; LCD_SetCursor &rArr; LCD_WriteReg_Internal &rArr; LCD_WriteDataPort
</UL>
<BR>[Calls]<UL><LI><a href="#[108]">&gt;&gt;</a>&nbsp;&nbsp;&nbsp;UI_UpdateWorkModeStatus
<LI><a href="#[106]">&gt;&gt;</a>&nbsp;&nbsp;&nbsp;UI_UpdateSystemSetStatus
<LI><a href="#[104]">&gt;&gt;</a>&nbsp;&nbsp;&nbsp;UI_UpdateGainValue
<LI><a href="#[fb]">&gt;&gt;</a>&nbsp;&nbsp;&nbsp;UI_UpdateFilterStatus
<LI><a href="#[f9]">&gt;&gt;</a>&nbsp;&nbsp;&nbsp;UI_UpdateEtCO2Status
<LI><a href="#[f7]">&gt;&gt;</a>&nbsp;&nbsp;&nbsp;UI_UpdateDataReviewValue
<LI><a href="#[f4]">&gt;&gt;</a>&nbsp;&nbsp;&nbsp;UI_UpdateAutoLightStatus
<LI><a href="#[f2]">&gt;&gt;</a>&nbsp;&nbsp;&nbsp;UI_UpdateAlarmSetStatus
<LI><a href="#[101]">&gt;&gt;</a>&nbsp;&nbsp;&nbsp;UI_DrawSettingsItem
<LI><a href="#[10b]">&gt;&gt;</a>&nbsp;&nbsp;&nbsp;UART1_SetWaveFilterEnable
<LI><a href="#[eb]">&gt;&gt;</a>&nbsp;&nbsp;&nbsp;UART1_SendCmd
</UL>
<BR>[Called By]<UL><LI><a href="#[a2]">&gt;&gt;</a>&nbsp;&nbsp;&nbsp;ProcKeyDownRL
</UL>

<P><STRONG><a name="[10c]"></a>UI_Process</STRONG> (Thumb, 8 bytes, Stack size 8 bytes, ui_manager.o(i.UI_Process))
<BR><BR>[Stack]<UL><LI>Max Depth = 248<LI>Call Chain = UI_Process &rArr; UI_Update &rArr; UI_DrawMainScreen &rArr; UI_DrawCard &rArr; LCD_DrawRectangle &rArr; LCD_DrawLine &rArr; LCD_DrawPoint &rArr; LCD_SetCursor &rArr; LCD_WriteReg_Internal &rArr; LCD_WriteDataPort
</UL>
<BR>[Calls]<UL><LI><a href="#[109]">&gt;&gt;</a>&nbsp;&nbsp;&nbsp;UI_Update
</UL>
<BR>[Called By]<UL><LI><a href="#[47]">&gt;&gt;</a>&nbsp;&nbsp;&nbsp;main
</UL>

<P><STRONG><a name="[109]"></a>UI_Update</STRONG> (Thumb, 170 bytes, Stack size 8 bytes, ui_manager.o(i.UI_Update))
<BR><BR>[Stack]<UL><LI>Max Depth = 240<LI>Call Chain = UI_Update &rArr; UI_DrawMainScreen &rArr; UI_DrawCard &rArr; LCD_DrawRectangle &rArr; LCD_DrawLine &rArr; LCD_DrawPoint &rArr; LCD_SetCursor &rArr; LCD_WriteReg_Internal &rArr; LCD_WriteDataPort
</UL>
<BR>[Calls]<UL><LI><a href="#[107]">&gt;&gt;</a>&nbsp;&nbsp;&nbsp;UI_DrawWorkModeScreen
<LI><a href="#[105]">&gt;&gt;</a>&nbsp;&nbsp;&nbsp;UI_DrawSystemSetScreen
<LI><a href="#[103]">&gt;&gt;</a>&nbsp;&nbsp;&nbsp;UI_DrawSpO2SetScreen
<LI><a href="#[102]">&gt;&gt;</a>&nbsp;&nbsp;&nbsp;UI_DrawSettingsScreen
<LI><a href="#[ff]">&gt;&gt;</a>&nbsp;&nbsp;&nbsp;UI_DrawRCalibScreen
<LI><a href="#[fc]">&gt;&gt;</a>&nbsp;&nbsp;&nbsp;UI_DrawMainScreen
<LI><a href="#[fa]">&gt;&gt;</a>&nbsp;&nbsp;&nbsp;UI_DrawFilterSetScreen
<LI><a href="#[f8]">&gt;&gt;</a>&nbsp;&nbsp;&nbsp;UI_DrawEtCO2SetScreen
<LI><a href="#[f6]">&gt;&gt;</a>&nbsp;&nbsp;&nbsp;UI_DrawDataReviewScreen
<LI><a href="#[f3]">&gt;&gt;</a>&nbsp;&nbsp;&nbsp;UI_DrawAutoLightScreen
[...]
</UL>

<P><STRONG><a name="[f9]"></a>UI_UpdateEtCO2Status</STRONG> (Thumb, 68 bytes, Stack size 16 bytes, ui_manager.o(i.UI_UpdateEtCO2Status))
<BR><BR>[Stack]<UL><LI>Max Depth = 152<LI>Call Chain = UI_UpdateEtCO2Status &rArr; LCD_ShowString &rArr; LCD_ShowChar &rArr; LCD_Fast_DrawPoint &rArr; LCD_SetCursor &rArr; LCD_WriteReg_Internal &rArr; LCD_WriteDataPort
</UL>
<BR>[Calls]<UL><LI><a href="#[c3]">&gt;&gt;</a>&nbsp;&nbsp;&nbsp;LCD_ShowString
</UL>
<BR>[Called By]<UL><LI><a href="#[d8]">&gt;&gt;</a>&nbsp;&nbsp;&nbsp;UI_OnKeyRL
<LI><a href="#[d5]">&gt;&gt;</a>&nbsp;&nbsp;&nbsp;UI_OnKeyLL
<LI><a href="#[f8]">&gt;&gt;</a>&nbsp;&nbsp;&nbsp;UI_DrawEtCO2SetScreen
</UL>

<P><STRONG><a name="[fb]"></a>UI_UpdateFilterStatus</STRONG> (Thumb, 68 bytes, Stack size 16 bytes, ui_manager.o(i.UI_UpdateFilterStatus))
<BR><BR>[Stack]<UL><LI>Max Depth = 152<LI>Call Chain = UI_UpdateFilterStatus &rArr; LCD_ShowString &rArr; LCD_ShowChar &rArr; LCD_Fast_DrawPoint &rArr; LCD_SetCursor &rArr; LCD_WriteReg_Internal &rArr; LCD_WriteDataPort
</UL>
<BR>[Calls]<UL><LI><a href="#[c3]">&gt;&gt;</a>&nbsp;&nbsp;&nbsp;LCD_ShowString
<LI><a href="#[10d]">&gt;&gt;</a>&nbsp;&nbsp;&nbsp;UART1_GetWaveFilterEnable
</UL>
<BR>[Called By]<UL><LI><a href="#[d8]">&gt;&gt;</a>&nbsp;&nbsp;&nbsp;UI_OnKeyRL
<LI><a href="#[d5]">&gt;&gt;</a>&nbsp;&nbsp;&nbsp;UI_OnKeyLL
<LI><a href="#[fa]">&gt;&gt;</a>&nbsp;&nbsp;&nbsp;UI_DrawFilterSetScreen
</UL>

<P><STRONG><a name="[104]"></a>UI_UpdateGainValue</STRONG> (Thumb, 56 bytes, Stack size 48 bytes, ui_manager.o(i.UI_UpdateGainValue))
<BR><BR>[Stack]<UL><LI>Max Depth = 184<LI>Call Chain = UI_UpdateGainValue &rArr; LCD_ShowString &rArr; LCD_ShowChar &rArr; LCD_Fast_DrawPoint &rArr; LCD_SetCursor &rArr; LCD_WriteReg_Internal &rArr; LCD_WriteDataPort
</UL>
<BR>[Calls]<UL><LI><a href="#[c3]">&gt;&gt;</a>&nbsp;&nbsp;&nbsp;LCD_ShowString
<LI><a href="#[fd]">&gt;&gt;</a>&nbsp;&nbsp;&nbsp;__2sprintf
</UL>
<BR>[Called By]<UL><LI><a href="#[d8]">&gt;&gt;</a>&nbsp;&nbsp;&nbsp;UI_OnKeyRL
<LI><a href="#[d5]">&gt;&gt;</a>&nbsp;&nbsp;&nbsp;UI_OnKeyLL
<LI><a href="#[cb]">&gt;&gt;</a>&nbsp;&nbsp;&nbsp;UI_UpdateGain
<LI><a href="#[103]">&gt;&gt;</a>&nbsp;&nbsp;&nbsp;UI_DrawSpO2SetScreen
</UL>

<P><STRONG><a name="[100]"></a>UI_UpdateRCalibValue</STRONG> (Thumb, 90 bytes, Stack size 48 bytes, ui_manager.o(i.UI_UpdateRCalibValue))
<BR><BR>[Stack]<UL><LI>Max Depth = 184<LI>Call Chain = UI_UpdateRCalibValue &rArr; LCD_ShowString &rArr; LCD_ShowChar &rArr; LCD_Fast_DrawPoint &rArr; LCD_SetCursor &rArr; LCD_WriteReg_Internal &rArr; LCD_WriteDataPort
</UL>
<BR>[Calls]<UL><LI><a href="#[c3]">&gt;&gt;</a>&nbsp;&nbsp;&nbsp;LCD_ShowString
<LI><a href="#[fd]">&gt;&gt;</a>&nbsp;&nbsp;&nbsp;__2sprintf
</UL>
<BR>[Called By]<UL><LI><a href="#[d3]">&gt;&gt;</a>&nbsp;&nbsp;&nbsp;UI_UpdateData
<LI><a href="#[ca]">&gt;&gt;</a>&nbsp;&nbsp;&nbsp;UI_UpdatePwm
<LI><a href="#[ff]">&gt;&gt;</a>&nbsp;&nbsp;&nbsp;UI_DrawRCalibScreen
</UL>

<P><STRONG><a name="[106]"></a>UI_UpdateSystemSetStatus</STRONG> (Thumb, 104 bytes, Stack size 48 bytes, ui_manager.o(i.UI_UpdateSystemSetStatus))
<BR><BR>[Stack]<UL><LI>Max Depth = 184<LI>Call Chain = UI_UpdateSystemSetStatus &rArr; LCD_ShowString &rArr; LCD_ShowChar &rArr; LCD_Fast_DrawPoint &rArr; LCD_SetCursor &rArr; LCD_WriteReg_Internal &rArr; LCD_WriteDataPort
</UL>
<BR>[Calls]<UL><LI><a href="#[c3]">&gt;&gt;</a>&nbsp;&nbsp;&nbsp;LCD_ShowString
<LI><a href="#[fd]">&gt;&gt;</a>&nbsp;&nbsp;&nbsp;__2sprintf
</UL>
<BR>[Called By]<UL><LI><a href="#[d8]">&gt;&gt;</a>&nbsp;&nbsp;&nbsp;UI_OnKeyRL
<LI><a href="#[d5]">&gt;&gt;</a>&nbsp;&nbsp;&nbsp;UI_OnKeyLL
<LI><a href="#[105]">&gt;&gt;</a>&nbsp;&nbsp;&nbsp;UI_DrawSystemSetScreen
</UL>

<P><STRONG><a name="[108]"></a>UI_UpdateWorkModeStatus</STRONG> (Thumb, 68 bytes, Stack size 16 bytes, ui_manager.o(i.UI_UpdateWorkModeStatus))
<BR><BR>[Stack]<UL><LI>Max Depth = 152<LI>Call Chain = UI_UpdateWorkModeStatus &rArr; LCD_ShowString &rArr; LCD_ShowChar &rArr; LCD_Fast_DrawPoint &rArr; LCD_SetCursor &rArr; LCD_WriteReg_Internal &rArr; LCD_WriteDataPort
</UL>
<BR>[Calls]<UL><LI><a href="#[c3]">&gt;&gt;</a>&nbsp;&nbsp;&nbsp;LCD_ShowString
</UL>
<BR>[Called By]<UL><LI><a href="#[d8]">&gt;&gt;</a>&nbsp;&nbsp;&nbsp;UI_OnKeyRL
<LI><a href="#[d5]">&gt;&gt;</a>&nbsp;&nbsp;&nbsp;UI_OnKeyLL
<LI><a href="#[107]">&gt;&gt;</a>&nbsp;&nbsp;&nbsp;UI_DrawWorkModeScreen
</UL>

<P><STRONG><a name="[10f]"></a>UI_WavePushSample</STRONG> (Thumb, 278 bytes, Stack size 48 bytes, ui_manager.o(i.UI_WavePushSample))
<BR><BR>[Stack]<UL><LI>Max Depth = 184<LI>Call Chain = UI_WavePushSample &rArr; UI_WaveReset &rArr; LCD_DrawLine &rArr; LCD_DrawPoint &rArr; LCD_SetCursor &rArr; LCD_WriteReg_Internal &rArr; LCD_WriteDataPort
</UL>
<BR>[Calls]<UL><LI><a href="#[fe]">&gt;&gt;</a>&nbsp;&nbsp;&nbsp;UI_WaveReset
<LI><a href="#[b5]">&gt;&gt;</a>&nbsp;&nbsp;&nbsp;LCD_Fill
<LI><a href="#[b2]">&gt;&gt;</a>&nbsp;&nbsp;&nbsp;LCD_DrawPoint
<LI><a href="#[b1]">&gt;&gt;</a>&nbsp;&nbsp;&nbsp;LCD_DrawLine
</UL>
<BR>[Called By]<UL><LI><a href="#[cd]">&gt;&gt;</a>&nbsp;&nbsp;&nbsp;UI_UpdateWave
</UL>

<P><STRONG><a name="[fe]"></a>UI_WaveReset</STRONG> (Thumb, 76 bytes, Stack size 8 bytes, ui_manager.o(i.UI_WaveReset))
<BR><BR>[Stack]<UL><LI>Max Depth = 136<LI>Call Chain = UI_WaveReset &rArr; LCD_DrawLine &rArr; LCD_DrawPoint &rArr; LCD_SetCursor &rArr; LCD_WriteReg_Internal &rArr; LCD_WriteDataPort
</UL>
<BR>[Calls]<UL><LI><a href="#[b5]">&gt;&gt;</a>&nbsp;&nbsp;&nbsp;LCD_Fill
<LI><a href="#[b1]">&gt;&gt;</a>&nbsp;&nbsp;&nbsp;LCD_DrawLine
</UL>
<BR>[Called By]<UL><LI><a href="#[10f]">&gt;&gt;</a>&nbsp;&nbsp;&nbsp;UI_WavePushSample
<LI><a href="#[fc]">&gt;&gt;</a>&nbsp;&nbsp;&nbsp;UI_DrawMainScreen
</UL>

<P><STRONG><a name="[10e]"></a>UI_WaveTrackDcAc</STRONG> (Thumb, 96 bytes, Stack size 8 bytes, ui_manager.o(i.UI_WaveTrackDcAc))
<BR><BR>[Stack]<UL><LI>Max Depth = 8<LI>Call Chain = UI_WaveTrackDcAc
</UL>
<BR>[Called By]<UL><LI><a href="#[cd]">&gt;&gt;</a>&nbsp;&nbsp;&nbsp;UI_UpdateWave
</UL>

<P><STRONG><a name="[e0]"></a>spo2_calc_dcac</STRONG> (Thumb, 76 bytes, Stack size 24 bytes, spo2_algo.o(i.spo2_calc_dcac))
<BR><BR>[Stack]<UL><LI>Max Depth = 24<LI>Call Chain = spo2_calc_dcac
</UL>
<BR>[Called By]<UL><LI><a href="#[de]">&gt;&gt;</a>&nbsp;&nbsp;&nbsp;SPO2_Algo_Process
</UL>

<P><STRONG><a name="[e2]"></a>spo2_calc_hr</STRONG> (Thumb, 202 bytes, Stack size 56 bytes, spo2_algo.o(i.spo2_calc_hr))
<BR><BR>[Stack]<UL><LI>Max Depth = 56<LI>Call Chain = spo2_calc_hr
</UL>
<BR>[Called By]<UL><LI><a href="#[de]">&gt;&gt;</a>&nbsp;&nbsp;&nbsp;SPO2_Algo_Process
</UL>

<P><STRONG><a name="[e3]"></a>spo2_calc_pi</STRONG> (Thumb, 46 bytes, Stack size 12 bytes, spo2_algo.o(i.spo2_calc_pi))
<BR><BR>[Stack]<UL><LI>Max Depth = 12<LI>Call Chain = spo2_calc_pi
</UL>
<BR>[Called By]<UL><LI><a href="#[de]">&gt;&gt;</a>&nbsp;&nbsp;&nbsp;SPO2_Algo_Process
</UL>

<P><STRONG><a name="[e1]"></a>spo2_calc_spo2</STRONG> (Thumb, 84 bytes, Stack size 16 bytes, spo2_algo.o(i.spo2_calc_spo2))
<BR><BR>[Stack]<UL><LI>Max Depth = 16<LI>Call Chain = spo2_calc_spo2
</UL>
<BR>[Called By]<UL><LI><a href="#[de]">&gt;&gt;</a>&nbsp;&nbsp;&nbsp;SPO2_Algo_Process
</UL>

<P><STRONG><a name="[df]"></a>spo2_find_minmax</STRONG> (Thumb, 142 bytes, Stack size 24 bytes, spo2_algo.o(i.spo2_find_minmax))
<BR><BR>[Stack]<UL><LI>Max Depth = 24<LI>Call Chain = spo2_find_minmax
</UL>
<BR>[Called By]<UL><LI><a href="#[e5]">&gt;&gt;</a>&nbsp;&nbsp;&nbsp;SPO2_Algo_ProcessCalib
<LI><a href="#[de]">&gt;&gt;</a>&nbsp;&nbsp;&nbsp;SPO2_Algo_Process
</UL>

<P><STRONG><a name="[e4]"></a>spo2_update_history</STRONG> (Thumb, 388 bytes, Stack size 32 bytes, spo2_algo.o(i.spo2_update_history))
<BR><BR>[Stack]<UL><LI>Max Depth = 32<LI>Call Chain = spo2_update_history
</UL>
<BR>[Called By]<UL><LI><a href="#[de]">&gt;&gt;</a>&nbsp;&nbsp;&nbsp;SPO2_Algo_Process
</UL>

<P><STRONG><a name="[6a]"></a>ConfigRCU</STRONG> (Thumb, 104 bytes, Stack size 8 bytes, rcu.o(i.ConfigRCU))
<BR><BR>[Stack]<UL><LI>Max Depth = 32<LI>Call Chain = ConfigRCU &rArr; rcu_deinit &rArr; rcu_osci_stab_wait
</UL>
<BR>[Calls]<UL><LI><a href="#[77]">&gt;&gt;</a>&nbsp;&nbsp;&nbsp;rcu_system_clock_source_get
<LI><a href="#[76]">&gt;&gt;</a>&nbsp;&nbsp;&nbsp;rcu_system_clock_source_config
<LI><a href="#[73]">&gt;&gt;</a>&nbsp;&nbsp;&nbsp;rcu_predv0_config
<LI><a href="#[72]">&gt;&gt;</a>&nbsp;&nbsp;&nbsp;rcu_pllpresel_config
<LI><a href="#[74]">&gt;&gt;</a>&nbsp;&nbsp;&nbsp;rcu_pll_config
<LI><a href="#[6d]">&gt;&gt;</a>&nbsp;&nbsp;&nbsp;rcu_osci_stab_wait
<LI><a href="#[6c]">&gt;&gt;</a>&nbsp;&nbsp;&nbsp;rcu_osci_on
<LI><a href="#[75]">&gt;&gt;</a>&nbsp;&nbsp;&nbsp;rcu_flag_get
<LI><a href="#[6b]">&gt;&gt;</a>&nbsp;&nbsp;&nbsp;rcu_deinit
<LI><a href="#[70]">&gt;&gt;</a>&nbsp;&nbsp;&nbsp;rcu_apb2_clock_config
<LI><a href="#[71]">&gt;&gt;</a>&nbsp;&nbsp;&nbsp;rcu_apb1_clock_config
<LI><a href="#[6f]">&gt;&gt;</a>&nbsp;&nbsp;&nbsp;rcu_ahb_clock_config
<LI><a href="#[6e]">&gt;&gt;</a>&nbsp;&nbsp;&nbsp;fmc_wscnt_set
</UL>
<BR>[Called By]<UL><LI><a href="#[8d]">&gt;&gt;</a>&nbsp;&nbsp;&nbsp;InitRCU
</UL>

<P><STRONG><a name="[78]"></a>ConfigTimer2</STRONG> (Thumb, 76 bytes, Stack size 32 bytes, timer.o(i.ConfigTimer2))
<BR><BR>[Stack]<UL><LI>Max Depth = 56<LI>Call Chain = ConfigTimer2 &rArr; nvic_irq_enable
</UL>
<BR>[Calls]<UL><LI><a href="#[65]">&gt;&gt;</a>&nbsp;&nbsp;&nbsp;nvic_irq_enable
<LI><a href="#[60]">&gt;&gt;</a>&nbsp;&nbsp;&nbsp;rcu_periph_clock_enable
<LI><a href="#[7a]">&gt;&gt;</a>&nbsp;&nbsp;&nbsp;timer_struct_para_init
<LI><a href="#[7c]">&gt;&gt;</a>&nbsp;&nbsp;&nbsp;timer_interrupt_enable
<LI><a href="#[7b]">&gt;&gt;</a>&nbsp;&nbsp;&nbsp;timer_init
<LI><a href="#[7d]">&gt;&gt;</a>&nbsp;&nbsp;&nbsp;timer_enable
<LI><a href="#[79]">&gt;&gt;</a>&nbsp;&nbsp;&nbsp;timer_deinit
</UL>
<BR>[Called By]<UL><LI><a href="#[90]">&gt;&gt;</a>&nbsp;&nbsp;&nbsp;InitTimer
</UL>

<P><STRONG><a name="[7e]"></a>ConfigTimer4</STRONG> (Thumb, 76 bytes, Stack size 32 bytes, timer.o(i.ConfigTimer4))
<BR><BR>[Stack]<UL><LI>Max Depth = 56<LI>Call Chain = ConfigTimer4 &rArr; nvic_irq_enable
</UL>
<BR>[Calls]<UL><LI><a href="#[65]">&gt;&gt;</a>&nbsp;&nbsp;&nbsp;nvic_irq_enable
<LI><a href="#[60]">&gt;&gt;</a>&nbsp;&nbsp;&nbsp;rcu_periph_clock_enable
<LI><a href="#[7a]">&gt;&gt;</a>&nbsp;&nbsp;&nbsp;timer_struct_para_init
<LI><a href="#[7c]">&gt;&gt;</a>&nbsp;&nbsp;&nbsp;timer_interrupt_enable
<LI><a href="#[7b]">&gt;&gt;</a>&nbsp;&nbsp;&nbsp;timer_init
<LI><a href="#[7d]">&gt;&gt;</a>&nbsp;&nbsp;&nbsp;timer_enable
<LI><a href="#[79]">&gt;&gt;</a>&nbsp;&nbsp;&nbsp;timer_deinit
</UL>
<BR>[Called By]<UL><LI><a href="#[90]">&gt;&gt;</a>&nbsp;&nbsp;&nbsp;InitTimer
</UL>

<P><STRONG><a name="[89]"></a>ConfigUART1</STRONG> (Thumb, 136 bytes, Stack size 8 bytes, uart1.o(i.ConfigUART1))
<BR><BR>[Stack]<UL><LI>Max Depth = 124<LI>Call Chain = ConfigUART1 &rArr; usart_baudrate_set &rArr; rcu_clock_freq_get
</UL>
<BR>[Calls]<UL><LI><a href="#[65]">&gt;&gt;</a>&nbsp;&nbsp;&nbsp;nvic_irq_enable
<LI><a href="#[60]">&gt;&gt;</a>&nbsp;&nbsp;&nbsp;rcu_periph_clock_enable
<LI><a href="#[61]">&gt;&gt;</a>&nbsp;&nbsp;&nbsp;gpio_init
<LI><a href="#[83]">&gt;&gt;</a>&nbsp;&nbsp;&nbsp;usart_word_length_set
<LI><a href="#[86]">&gt;&gt;</a>&nbsp;&nbsp;&nbsp;usart_transmit_config
<LI><a href="#[82]">&gt;&gt;</a>&nbsp;&nbsp;&nbsp;usart_stop_bit_set
<LI><a href="#[85]">&gt;&gt;</a>&nbsp;&nbsp;&nbsp;usart_receive_config
<LI><a href="#[84]">&gt;&gt;</a>&nbsp;&nbsp;&nbsp;usart_parity_config
<LI><a href="#[87]">&gt;&gt;</a>&nbsp;&nbsp;&nbsp;usart_interrupt_enable
<LI><a href="#[88]">&gt;&gt;</a>&nbsp;&nbsp;&nbsp;usart_enable
<LI><a href="#[80]">&gt;&gt;</a>&nbsp;&nbsp;&nbsp;usart_deinit
<LI><a href="#[81]">&gt;&gt;</a>&nbsp;&nbsp;&nbsp;usart_baudrate_set
</UL>
<BR>[Called By]<UL><LI><a href="#[93]">&gt;&gt;</a>&nbsp;&nbsp;&nbsp;InitUART1
</UL>

<P><STRONG><a name="[9a]"></a>InitUART1Buf</STRONG> (Thumb, 36 bytes, Stack size 8 bytes, uart1.o(i.InitUART1Buf))
<BR><BR>[Stack]<UL><LI>Max Depth = 20<LI>Call Chain = InitUART1Buf &rArr; InitQueue
</UL>
<BR>[Calls]<UL><LI><a href="#[9b]">&gt;&gt;</a>&nbsp;&nbsp;&nbsp;InitQueue
</UL>
<BR>[Called By]<UL><LI><a href="#[93]">&gt;&gt;</a>&nbsp;&nbsp;&nbsp;InitUART1
</UL>

<P><STRONG><a name="[c9]"></a>ParseSPO2Packet</STRONG> (Thumb, 432 bytes, Stack size 40 bytes, uart1.o(i.ParseSPO2Packet))
<BR><BR>[Stack]<UL><LI>Max Depth = 264<LI>Call Chain = ParseSPO2Packet &rArr; UI_UpdateData &rArr; UI_UpdateRCalibValue &rArr; LCD_ShowString &rArr; LCD_ShowChar &rArr; LCD_Fast_DrawPoint &rArr; LCD_SetCursor &rArr; LCD_WriteReg_Internal &rArr; LCD_WriteDataPort
</UL>
<BR>[Calls]<UL><LI><a href="#[d3]">&gt;&gt;</a>&nbsp;&nbsp;&nbsp;UI_UpdateData
<LI><a href="#[ce]">&gt;&gt;</a>&nbsp;&nbsp;&nbsp;UART1_GetRCalibMode
<LI><a href="#[d1]">&gt;&gt;</a>&nbsp;&nbsp;&nbsp;UART1_ForwardWave
<LI><a href="#[cc]">&gt;&gt;</a>&nbsp;&nbsp;&nbsp;UART1_ApplyFilter
<LI><a href="#[cf]">&gt;&gt;</a>&nbsp;&nbsp;&nbsp;SPO2_Algo_PushDataCalib
<LI><a href="#[d0]">&gt;&gt;</a>&nbsp;&nbsp;&nbsp;SPO2_Algo_PushData
<LI><a href="#[cd]">&gt;&gt;</a>&nbsp;&nbsp;&nbsp;UI_UpdateWave
<LI><a href="#[ca]">&gt;&gt;</a>&nbsp;&nbsp;&nbsp;UI_UpdatePwm
<LI><a href="#[cb]">&gt;&gt;</a>&nbsp;&nbsp;&nbsp;UI_UpdateGain
<LI><a href="#[d2]">&gt;&gt;</a>&nbsp;&nbsp;&nbsp;putc
<LI><a href="#[55]">&gt;&gt;</a>&nbsp;&nbsp;&nbsp;__0sscanf
</UL>
<BR>[Called By]<UL><LI><a href="#[ea]">&gt;&gt;</a>&nbsp;&nbsp;&nbsp;UART1_ProcessSPO2Data
</UL>

<P><STRONG><a name="[cc]"></a>UART1_ApplyFilter</STRONG> (Thumb, 88 bytes, Stack size 12 bytes, uart1.o(i.UART1_ApplyFilter))
<BR><BR>[Stack]<UL><LI>Max Depth = 12<LI>Call Chain = UART1_ApplyFilter
</UL>
<BR>[Called By]<UL><LI><a href="#[c9]">&gt;&gt;</a>&nbsp;&nbsp;&nbsp;ParseSPO2Packet
</UL>

<P><STRONG><a name="[d1]"></a>UART1_ForwardWave</STRONG> (Thumb, 28 bytes, Stack size 16 bytes, uart1.o(i.UART1_ForwardWave))
<BR><BR>[Stack]<UL><LI>Max Depth = 40<LI>Call Chain = UART1_ForwardWave &rArr; __2printf
</UL>
<BR>[Calls]<UL><LI><a href="#[bb]">&gt;&gt;</a>&nbsp;&nbsp;&nbsp;__2printf
</UL>
<BR>[Called By]<UL><LI><a href="#[c9]">&gt;&gt;</a>&nbsp;&nbsp;&nbsp;ParseSPO2Packet
</UL>

<P><STRONG><a name="[118]"></a>UART1_MonPush</STRONG> (Thumb, 50 bytes, Stack size 0 bytes, uart1.o(i.UART1_MonPush))
<BR><BR>[Called By]<UL><LI><a href="#[31]">&gt;&gt;</a>&nbsp;&nbsp;&nbsp;USART1_IRQHandler
</UL>

<P><STRONG><a name="[117]"></a>WriteReceiveBuf1</STRONG> (Thumb, 16 bytes, Stack size 8 bytes, uart1.o(i.WriteReceiveBuf1))
<BR><BR>[Stack]<UL><LI>Max Depth = 24<LI>Call Chain = WriteReceiveBuf1 &rArr; EnQueue
</UL>
<BR>[Calls]<UL><LI><a href="#[119]">&gt;&gt;</a>&nbsp;&nbsp;&nbsp;EnQueue
</UL>
<BR>[Called By]<UL><LI><a href="#[31]">&gt;&gt;</a>&nbsp;&nbsp;&nbsp;USART1_IRQHandler
</UL>

<P><STRONG><a name="[7f]"></a>ConfigUART</STRONG> (Thumb, 146 bytes, Stack size 8 bytes, uart0.o(i.ConfigUART))
<BR><BR>[Stack]<UL><LI>Max Depth = 124<LI>Call Chain = ConfigUART &rArr; usart_baudrate_set &rArr; rcu_clock_freq_get
</UL>
<BR>[Calls]<UL><LI><a href="#[65]">&gt;&gt;</a>&nbsp;&nbsp;&nbsp;nvic_irq_enable
<LI><a href="#[60]">&gt;&gt;</a>&nbsp;&nbsp;&nbsp;rcu_periph_clock_enable
<LI><a href="#[61]">&gt;&gt;</a>&nbsp;&nbsp;&nbsp;gpio_init
<LI><a href="#[83]">&gt;&gt;</a>&nbsp;&nbsp;&nbsp;usart_word_length_set
<LI><a href="#[86]">&gt;&gt;</a>&nbsp;&nbsp;&nbsp;usart_transmit_config
<LI><a href="#[82]">&gt;&gt;</a>&nbsp;&nbsp;&nbsp;usart_stop_bit_set
<LI><a href="#[85]">&gt;&gt;</a>&nbsp;&nbsp;&nbsp;usart_receive_config
<LI><a href="#[84]">&gt;&gt;</a>&nbsp;&nbsp;&nbsp;usart_parity_config
<LI><a href="#[87]">&gt;&gt;</a>&nbsp;&nbsp;&nbsp;usart_interrupt_enable
<LI><a href="#[88]">&gt;&gt;</a>&nbsp;&nbsp;&nbsp;usart_enable
<LI><a href="#[80]">&gt;&gt;</a>&nbsp;&nbsp;&nbsp;usart_deinit
<LI><a href="#[81]">&gt;&gt;</a>&nbsp;&nbsp;&nbsp;usart_baudrate_set
</UL>
<BR>[Called By]<UL><LI><a href="#[8f]">&gt;&gt;</a>&nbsp;&nbsp;&nbsp;InitUART0
</UL>

<P><STRONG><a name="[99]"></a>InitUARTBuf</STRONG> (Thumb, 46 bytes, Stack size 8 bytes, uart0.o(i.InitUARTBuf))
<BR><BR>[Stack]<UL><LI>Max Depth = 20<LI>Call Chain = InitUARTBuf &rArr; InitQueue
</UL>
<BR>[Calls]<UL><LI><a href="#[9b]">&gt;&gt;</a>&nbsp;&nbsp;&nbsp;InitQueue
</UL>
<BR>[Called By]<UL><LI><a href="#[8f]">&gt;&gt;</a>&nbsp;&nbsp;&nbsp;InitUART0
</UL>

<P><STRONG><a name="[112]"></a>NVIC_ClearPendingIRQ</STRONG> (Thumb, 18 bytes, Stack size 0 bytes, uart0.o(i.NVIC_ClearPendingIRQ))
<BR><BR>[Called By]<UL><LI><a href="#[30]">&gt;&gt;</a>&nbsp;&nbsp;&nbsp;USART0_IRQHandler
</UL>

<P><STRONG><a name="[da]"></a>ReadSendBuf</STRONG> (Thumb, 22 bytes, Stack size 16 bytes, uart0.o(i.ReadSendBuf))
<BR><BR>[Stack]<UL><LI>Max Depth = 28<LI>Call Chain = ReadSendBuf &rArr; DeQueue
</UL>
<BR>[Calls]<UL><LI><a href="#[db]">&gt;&gt;</a>&nbsp;&nbsp;&nbsp;DeQueue
</UL>
<BR>[Called By]<UL><LI><a href="#[30]">&gt;&gt;</a>&nbsp;&nbsp;&nbsp;USART0_IRQHandler
</UL>

<P><STRONG><a name="[114]"></a>WriteReceiveBuf</STRONG> (Thumb, 20 bytes, Stack size 16 bytes, uart0.o(i.WriteReceiveBuf))
<BR><BR>[Stack]<UL><LI>Max Depth = 32<LI>Call Chain = WriteReceiveBuf &rArr; EnQueue
</UL>
<BR>[Calls]<UL><LI><a href="#[119]">&gt;&gt;</a>&nbsp;&nbsp;&nbsp;EnQueue
</UL>
<BR>[Called By]<UL><LI><a href="#[30]">&gt;&gt;</a>&nbsp;&nbsp;&nbsp;USART0_IRQHandler
</UL>

<P><STRONG><a name="[125]"></a>system_clock_120m_hxtal</STRONG> (Thumb, 256 bytes, Stack size 0 bytes, system_gd32f30x.o(i.system_clock_120m_hxtal))
<BR><BR>[Called By]<UL><LI><a href="#[e7]">&gt;&gt;</a>&nbsp;&nbsp;&nbsp;system_clock_config
</UL>

<P><STRONG><a name="[e7]"></a>system_clock_config</STRONG> (Thumb, 8 bytes, Stack size 8 bytes, system_gd32f30x.o(i.system_clock_config))
<BR><BR>[Stack]<UL><LI>Max Depth = 8<LI>Call Chain = system_clock_config
</UL>
<BR>[Calls]<UL><LI><a href="#[125]">&gt;&gt;</a>&nbsp;&nbsp;&nbsp;system_clock_120m_hxtal
</UL>
<BR>[Called By]<UL><LI><a href="#[48]">&gt;&gt;</a>&nbsp;&nbsp;&nbsp;SystemInit
</UL>

<P><STRONG><a name="[68]"></a>ConfigNVIC</STRONG> (Thumb, 12 bytes, Stack size 8 bytes, nvic.o(i.ConfigNVIC))
<BR><BR>[Stack]<UL><LI>Max Depth = 8<LI>Call Chain = ConfigNVIC
</UL>
<BR>[Calls]<UL><LI><a href="#[69]">&gt;&gt;</a>&nbsp;&nbsp;&nbsp;nvic_priority_group_set
</UL>
<BR>[Called By]<UL><LI><a href="#[8e]">&gt;&gt;</a>&nbsp;&nbsp;&nbsp;InitNVIC
</UL>

<P><STRONG><a name="[e6]"></a>TimDelayDec</STRONG> (Thumb, 18 bytes, Stack size 0 bytes, systick.o(i.TimDelayDec))
<BR><BR>[Called By]<UL><LI><a href="#[a]">&gt;&gt;</a>&nbsp;&nbsp;&nbsp;SysTick_Handler
</UL>

<P><STRONG><a name="[11b]"></a>_printf_core</STRONG> (Thumb, 996 bytes, Stack size 104 bytes, printf8.o(i._printf_core), UNUSED)
<BR><BR>[Calls]<UL><LI><a href="#[59]">&gt;&gt;</a>&nbsp;&nbsp;&nbsp;__aeabi_uldivmod
<LI><a href="#[11d]">&gt;&gt;</a>&nbsp;&nbsp;&nbsp;_printf_pre_padding
<LI><a href="#[11e]">&gt;&gt;</a>&nbsp;&nbsp;&nbsp;_printf_post_padding
</UL>
<BR>[Called By]<UL><LI><a href="#[11c]">&gt;&gt;</a>&nbsp;&nbsp;&nbsp;__0sprintf$8
<LI><a href="#[11a]">&gt;&gt;</a>&nbsp;&nbsp;&nbsp;__0printf$8
</UL>

<P><STRONG><a name="[11e]"></a>_printf_post_padding</STRONG> (Thumb, 36 bytes, Stack size 24 bytes, printf8.o(i._printf_post_padding), UNUSED)
<BR><BR>[Called By]<UL><LI><a href="#[11b]">&gt;&gt;</a>&nbsp;&nbsp;&nbsp;_printf_core
</UL>

<P><STRONG><a name="[11d]"></a>_printf_pre_padding</STRONG> (Thumb, 46 bytes, Stack size 24 bytes, printf8.o(i._printf_pre_padding), UNUSED)
<BR><BR>[Called By]<UL><LI><a href="#[11b]">&gt;&gt;</a>&nbsp;&nbsp;&nbsp;_printf_core
</UL>

<P><STRONG><a name="[4f]"></a>_sputc</STRONG> (Thumb, 10 bytes, Stack size 0 bytes, printf8.o(i._sputc))
<BR><BR>[Called By]<UL><LI><a href="#[11c]">&gt;&gt;</a>&nbsp;&nbsp;&nbsp;__0sprintf$8
</UL>
<BR>[Address Reference Count : 1]<UL><LI> printf8.o(i.__0sprintf$8)
</UL>
<P><STRONG><a name="[4c]"></a>_scanf_char_input</STRONG> (Thumb, 12 bytes, Stack size 0 bytes, scanf_char.o(.text))
<BR>[Address Reference Count : 1]<UL><LI> scanf_char.o(.text)
</UL><P>
<H3>
Undefined Global Symbols
</H3><HR></body></html>
