<html>
<body>
<pre>
<h1>µVision Build Log</h1>
<h2>Tool Versions:</h2>
IDE-Version: ¦ÌVision V5.30.0.0
Copyright (C) 2020 ARM Ltd and ARM Germany GmbH. All rights reserved.
License Information: 11 1260081767@qq.com, 1, LIC=SDA0P-MY81H-2Z4W4-F69QT-6AJNV-CHD1P
 
Tool Versions:
Toolchain:       MDK-ARM Plus  Version: 5.30.0.0
Toolchain Path:  E:\E_tools\keil\core\ARM\ARMCC\Bin
C Compiler:      Armcc.exe V5.06 update 6 (build 750)
Assembler:       Armasm.exe V5.06 update 6 (build 750)
Linker/Locator:  ArmLink.exe V5.06 update 6 (build 750)
Library Manager: ArmAr.exe V5.06 update 6 (build 750)
Hex Converter:   FromElf.exe V5.06 update 6 (build 750)
CPU DLL:         SARMCM3.DLL V5.30.0.0
Dialog DLL:      DCM.DLL V1.17.3.0
Target DLL:      CMSIS_AGDI.dll V1.32.5.0
Dialog DLL:      TCM.DLL V1.42.0.0
 
<h2>Project:</h2>
E:\keil_project\f303vet6Prj\04.GPIOKEY\Project\GD32KeilPrj.uvprojx
Project File Date:  12/30/2025

<h2>Output:</h2>
*** Using Compiler 'V5.06 update 6 (build 750)', folder: 'E:\E_tools\keil\core\ARM\ARMCC\Bin'
Build target 'Target 1'
compiling Main.c...
..\App\Main\Main.c(103): warning:  #177-D: function "Proc2msTask"  was declared but never referenced
  static  void  Proc2msTask(void)
..\App\Main\Main.c(137): warning:  #177-D: function "Proc1SecTask"  was declared but never referenced
  static  void  Proc1SecTask(void)
..\App\Main\Main.c: 2 warnings, 0 errors
linking...
Program Size: Code=4924 RO-data=336 RW-data=36 ZI-data=1252  
FromELF: creating hex file...
".\Objects\GD32KeilPrj.axf" - 0 Error(s), 2 Warning(s).

<h2>Software Packages used:</h2>

Package Vendor: ARM
                http://www.keil.com/pack/ARM.CMSIS.5.7.0.pack
                ARM.CMSIS.5.7.0
                CMSIS (Cortex Microcontroller Software Interface Standard)
   * Component: CORE Version: 5.4.0

Package Vendor: GigaDevice
                https://gd32mcu.com/data/documents/pack/GigaDevice.GD32F30x_DFP.2.2.1.pack
                GigaDevice.GD32F30x_DFP.2.2.1
                GigaDevice GD32F30x Series Device Support and Examples

<h2>Collection of Component include folders:</h2>
  .\RTE\_Target_1
  E:\E_tools\keil\pack\ARM\CMSIS\5.7.0\CMSIS\Core\Include
  E:\E_tools\keil\pack\GigaDevice\GD32F30x_DFP\2.2.1\Device\Include

<h2>Collection of Component Files used:</h2>

   * Component: ARM::CMSIS:CORE:5.4.0
Build Time Elapsed:  00:00:01
</pre>
</body>
</html>
